2026/10/01 05:09:14 INFO Connecting to NATS urls=nats://localhost:55001
2026/10/01 05:09:14 INFO Successfully connected to NATS urls=nats://localhost:55001
2026/10/01 05:09:14 INFO validated cs-api projection contracts component=cs-api count=11
2026/10/01 05:09:14 INFO component initialized component=graph-ingest component=graph-ingest
2026/10/01 05:09:14 INFO Created new KV bucket bucket=ENTITY_STATES
2026/10/01 05:09:14 INFO Created new KV bucket bucket=ENTITY_SUFFIX_INDEX
2026/10/01 05:09:14 INFO Created new KV bucket bucket=GRAPH_INGEST_APPLIED_SEQ
2026/10/01 05:09:14 INFO Created new KV bucket bucket=GRAPH_STATUS
2026/10/01 05:09:14 INFO query handlers registered component=graph-ingest subjects="[graph.ingest.query.entity graph.ingest.query.batch graph.ingest.query.prefix graph.ingest.query.suffix]"
2026/10/01 05:09:14 INFO mutation handlers registered component=graph-ingest subjects="[graph.mutation.entity.create graph.mutation.entity.reconcile graph.mutation.triple.append graph.mutation.entity.delete]"
2026/10/01 05:09:14 INFO component started component=graph-ingest component=graph-ingest start_time=2026-10-01T05:09:14.264-05:00
2026/10/01 05:09:14 INFO graph mutation audit component=cs-api request_id=b06ca95d-6db2-4f5d-bde3-57826403fc6e trace_id=e4f041cc55edaa68a05857848a674ac3 operation=ingestTriples entity_id=c360.semconnect.systems.csapi.system.hosted-platform-bake-01 commit_state=verified kv_revision=1 identity_subject=integration identity_verified=true forwarded_user="" forwarded_email="" classified_error=""
2026/10/01 05:09:14 WARN graph mutation rejected component=graph-ingest subject=graph.mutation.entity.create reason=entity_already_exists error="entity already exists: c360.semconnect.systems.csapi.system.hosted-platform-bake-01"
2026/10/01 05:09:14 WARN graph mutation audit component=cs-api request_id=62879ce2-f900-49e5-aa7e-10b61f9b3fff trace_id=2901978f5a6b8ae9008fb3a0af5a7240 operation=ingestTriples entity_id=c360.semconnect.systems.csapi.system.hosted-platform-bake-01 commit_state=not-committed kv_revision=0 identity_subject=integration identity_verified=true forwarded_user="" forwarded_email="" classified_error="cs-api: entity already exists: entity already exists: c360.semconnect.systems.csapi.system.hosted-platform-bake-01"
2026/10/01 05:09:14 INFO graph mutation audit component=cs-api request_id=46562779-1f08-4369-a029-9c068eae3f4e trace_id=4c75803a278d4c859ef9bae538a79a80 operation=integrationReconcile entity_id=c360.semconnect.systems.csapi.system.hosted-platform-bake-01 commit_state=verified kv_revision=2 identity_subject=integration identity_verified=true forwarded_user="" forwarded_email="" classified_error=""
2026/10/01 05:09:14 WARN graph mutation rejected component=graph-ingest subject=graph.mutation.entity.reconcile reason=revision_mismatch error="revision mismatch: expected 1, current 2"
2026/10/01 05:09:14 WARN graph mutation revision mismatch component=graph-ingest operation=entity.reconcile entity_id=c360.semconnect.systems.csapi.system.hosted-platform-bake-01 expected_revision=1
2026/10/01 05:09:14 WARN graph mutation audit component=cs-api request_id=5e1283b5-b328-457e-8212-9fb412d03c45 trace_id=db208695d9ef1d92f7ef2969714c1ea2 operation=integrationStaleReconcile entity_id=c360.semconnect.systems.csapi.system.hosted-platform-bake-01 commit_state=not-committed kv_revision=1 identity_subject=integration identity_verified=true forwarded_user="" forwarded_email="" classified_error="cs-api: entity already exists: revision mismatch: expected 1, current 2"
2026/10/01 05:09:14 INFO graph mutation audit component=cs-api request_id=d76fec5b-6747-47fb-a236-7ddca10a7b4d trace_id=90ae6f2a2511ffa1823742374298269e operation=deleteEntity entity_id=c360.semconnect.systems.csapi.system.hosted-platform-bake-01 commit_state=verified kv_revision=2 identity_subject=integration identity_verified=true forwarded_user="" forwarded_email="" classified_error=""
2026/10/01 05:09:14 INFO component stopped gracefully component=graph-ingest component=graph-ingest
2026/10/01 05:09:14 INFO Connecting to NATS urls=nats://127.0.0.1:55548
2026/10/01 05:09:14 INFO Successfully connected to NATS urls=nats://127.0.0.1:55548
2026/10/01 05:09:14 INFO initialized component=cs-api
2026/10/01 05:09:14 INFO validated cs-api projection contracts component=cs-api count=11
2026/10/01 05:09:14 INFO started component=cs-api standalone=true
2026/10/01 05:09:14 INFO HTTP server listening component=cs-api bind=127.0.0.1:55550
2026/10/01 05:09:14 INFO stopped component=cs-api
2026/10/01 05:09:14 INFO Connecting to NATS urls=nats://127.0.0.1:55552
2026/10/01 05:09:14 INFO Successfully connected to NATS urls=nats://127.0.0.1:55552
2026/10/01 05:09:14 INFO initialized component=cs-api
2026/10/01 05:09:14 INFO validated cs-api projection contracts component=cs-api count=11
2026/10/01 05:09:14 INFO started component=cs-api standalone=true
2026/10/01 05:09:14 INFO HTTP server listening component=cs-api bind=127.0.0.1:55554
2026/10/01 05:09:14 INFO stopped component=cs-api
2026/10/01 05:09:14 INFO Connecting to NATS urls=nats://127.0.0.1:55557
2026/10/01 05:09:14 INFO Successfully connected to NATS urls=nats://127.0.0.1:55557
2026/10/01 05:09:14 INFO initialized component=cs-api
2026/10/01 05:09:14 INFO validated cs-api projection contracts component=cs-api count=11
2026/10/01 05:09:14 INFO started component=cs-api standalone=true
2026/10/01 05:09:14 INFO HTTP server listening component=cs-api bind=127.0.0.1:55559
2026/10/01 05:09:14 INFO Connecting to NATS urls=nats://127.0.0.1:55561
2026/10/01 05:09:14 INFO Successfully connected to NATS urls=nats://127.0.0.1:55561
2026/10/01 05:09:14 INFO initialized component=cs-api
2026/10/01 05:09:14 INFO validated cs-api projection contracts component=cs-api count=11
2026/10/01 05:09:14 INFO started component=cs-api standalone=true
2026/10/01 05:09:14 INFO initialized component=cs-api
2026/10/01 05:09:14 INFO HTTP server listening component=cs-api bind=127.0.0.1:55563
2026/10/01 05:09:14 INFO validated cs-api projection contracts component=cs-api count=11
2026/10/01 05:09:14 INFO stopped component=cs-api
2026/10/01 05:09:14 INFO graph mutation audit component=cs-api request_id=ce045b39-9f1f-4282-bef1-5a127db480e4 trace_id=fcc5e161867ebd2914aef6af9c1b1381 operation=ingestTriples entity_id=c360.semconnect.systems.csapi.command.ptz001 commit_state=verified kv_revision=1 identity_subject="" identity_verified=false forwarded_user="" forwarded_email="" classified_error=""
2026/10/01 05:09:14 INFO graph mutation audit component=cs-api request_id=fa13978c-21c3-4ed4-8448-5faf408a28b8 trace_id=34455d5da50a04c41c9bcd91fe366853 operation=createSchemaArtifact entity_id=c360.semconnect.systems.csapi.schema.sha256-7821e9a812d30beec490c8b83bf5567a285f48f24e04e660607fab00cab0d368 commit_state=verified kv_revision=1 identity_subject="" identity_verified=false forwarded_user="" forwarded_email="" classified_error=""
2026/10/01 05:09:14 INFO graph mutation audit component=cs-api request_id=5d328d80-75d3-4507-8752-680a941e0736 trace_id=e427f934cfc61acd5e4f5f1d35067b76 operation=ingestTriples entity_id=c360.semconnect.systems.csapi.controlstream.PTZ_Control-ptz commit_state=verified kv_revision=1 identity_subject="" identity_verified=false forwarded_user="" forwarded_email="" classified_error=""
2026/10/01 05:09:14 INFO graph mutation audit component=cs-api request_id=e0eed741-63cf-434d-aac0-86e031e0fb08 trace_id=97560ab851fd4429b5ded6174dd9c8e5 operation=replaceEntityTriples entity_id=acme.ops.weather.station.flow.alpha commit_state=verified kv_revision=8 identity_subject="" identity_verified=false forwarded_user="" forwarded_email="" classified_error=""
2026/10/01 05:09:14 INFO graph mutation audit component=cs-api request_id=8381bb93-8e31-4321-b333-5cbb2cf8b61f trace_id=aee42b3505e4c0715b195d39bc14d3b0 operation=replaceEntityTriples entity_id=acme.ops.weather.station.flow.alpha commit_state=verified kv_revision=8 identity_subject="" identity_verified=false forwarded_user="" forwarded_email="" classified_error=""
2026/10/01 05:09:14 WARN graph mutation audit component=cs-api request_id=7dbdfd38-ee21-4197-8cd1-b571bc4701e7 trace_id=1e08c3cd5c77363ceecf75ad069f73da operation=replaceEntityTriples entity_id=acme.ops.weather.station.flow.alpha commit_state=not-committed kv_revision=7 identity_subject="" identity_verified=false forwarded_user="" forwarded_email="" classified_error="cs-api.replaceEntityTriples: graph mutation unavailable failed: nats: no responders available for request"
2026/10/01 05:09:14 WARN backend error component=cs-api err="cs-api.replaceEntityTriples: graph mutation unavailable failed: nats: no responders available for request" status=503
2026/10/01 05:09:14 INFO graph mutation audit component=cs-api request_id=44dc0939-f71f-4fda-8d50-4e06f868d4f6 trace_id=07ca8d87efda352dfecda97e72fb955b operation=deleteEntity entity_id=acme.ops.weather.station.flow.alpha commit_state=verified kv_revision=7 identity_subject="" identity_verified=false forwarded_user="" forwarded_email="" classified_error=""
2026/10/01 05:09:14 INFO graph mutation audit component=cs-api request_id=9a4d6fca-aa37-4f71-bc22-6e387cd3263f trace_id=9720c42bebbe59d0807661a03f4d9529 operation=deleteEntity entity_id=acme.ops.weather.station.flow.alpha commit_state=verified kv_revision=7 identity_subject="" identity_verified=false forwarded_user="" forwarded_email="" classified_error=""
2026/10/01 05:09:14 WARN backend error component=cs-api err="cs-api.handleDatastreamDelete: purge observations failed: nats: no responders available for request" status=503
2026/10/01 05:09:14 INFO graph mutation audit component=cs-api request_id=9bb4ad06-cd07-41a2-872b-9ef9f2744107 trace_id=416017aba4b585794b8b31a264b01236 operation=deleteEntity entity_id=acme.ops.weather.station.flow.alpha commit_state=verified kv_revision=7 identity_subject="" identity_verified=false forwarded_user=alice forwarded_email="" classified_error=""
2026/10/01 05:09:14 INFO graph mutation audit component=cs-api request_id=bd7e5dad-38c5-46f6-82d5-ad8480a180b2 trace_id=c4f5ad35fa88caff9d6b9be994068e07 operation=createSchemaArtifact entity_id=c360.semconnect.systems.csapi.schema.sha256-f11974ada89c6fc6b1de03454ab821aa2afacf11b9140d3c028e02869be10e27 commit_state=verified kv_revision=8 identity_subject="" identity_verified=false forwarded_user="" forwarded_email="" classified_error=""
2026/10/01 05:09:14 INFO graph mutation audit component=cs-api request_id=1254bd98-c3ab-414b-8d09-cbe83722b246 trace_id=c0b9d9914624bea1d68d086205b0cc59 operation=replaceEntityTriples entity_id=acme.ops.weather.station.flow.alpha commit_state=verified kv_revision=8 identity_subject="" identity_verified=false forwarded_user="" forwarded_email="" classified_error=""
2026/10/01 05:09:14 WARN backend error component=cs-api err="cs-api: entity not found: not found: acme.ops.weather.station.flow.alpha" status=404
2026/10/01 05:09:14 INFO entity not a datastream kind component=cs-api id=c360.semconnect.systems.csapi.system.sensor1
2026/10/01 05:09:14 INFO graph mutation audit component=cs-api request_id=7f2d3a0b-7722-4a79-b0d3-164d8d3bf4fe trace_id=7cb14ff221391405d905af3120df1fcd operation=ingestTriples entity_id=c360.semconnect.systems.csapi.datastream.8ddf18db-a932-4b2e-87bb-ebbe5d9b6ff7 commit_state=verified kv_revision=1 identity_subject="" identity_verified=false forwarded_user="" forwarded_email="" classified_error=""
2026/10/01 05:09:14 INFO graph mutation audit component=cs-api request_id=579d0f87-4388-42a0-86aa-deea6075f358 trace_id=e54dab007d3d6deb76934eb014f7b03c operation=createSchemaArtifact entity_id=c360.semconnect.systems.csapi.schema.sha256-f11974ada89c6fc6b1de03454ab821aa2afacf11b9140d3c028e02869be10e27 commit_state=verified kv_revision=1 identity_subject="" identity_verified=false forwarded_user="" forwarded_email="" classified_error=""
2026/10/01 05:09:14 INFO graph mutation audit component=cs-api request_id=27cfa970-1ff9-4f76-a94f-29c5e3987690 trace_id=632faadebd2ee7759d794c60daab20d3 operation=ingestTriples entity_id=tenantA.proj.feeds.csapi.datastream.temp commit_state=verified kv_revision=1 identity_subject="" identity_verified=false forwarded_user="" forwarded_email="" classified_error=""
2026/10/01 05:09:14 WARN graph mutation audit component=cs-api request_id=3fb5fd1d-859e-4d59-a127-a2a8055e5b91 trace_id=0f0f8db91e0330d8fe7cb69431a0fc18 operation=ingestTriples entity_id=c360.semconnect.systems.csapi.datastream.bb33d68b-65e5-4d06-8a88-f99f5a2beb5a commit_state=unknown kv_revision=0 identity_subject="" identity_verified=false forwarded_user="" forwarded_email="" classified_error="cs-api.ingestTriples: graph mutation commit outcome unknown failed: graph mutation commit outcome unknown (correlation 3fb5fd1d-859e-4d59-a127-a2a8055e5b91): context deadline exceeded"
2026/10/01 05:09:14 WARN backend error component=cs-api err="cs-api.ingestTriples: graph mutation commit outcome unknown failed: graph mutation commit outcome unknown (correlation 3fb5fd1d-859e-4d59-a127-a2a8055e5b91): context deadline exceeded" status=503
2026/10/01 05:09:14 INFO graph mutation audit component=cs-api request_id=c358f124-7a6e-4e3d-9bc9-b2fb45874aef trace_id=be5707dac8c038992c82ab2f395cd15c operation=ingestTriples entity_id=tenantA.proj.feeds.csapi.datastream.thermistor1 commit_state=verified kv_revision=1 identity_subject="" identity_verified=false forwarded_user="" forwarded_email="" classified_error=""
2026/10/01 05:09:14 INFO entity not a deployment kind component=cs-api id=c360.semconnect.systems.csapi.deployment.alpha
2026/10/01 05:09:14 INFO graph mutation audit component=cs-api request_id=5f29f302-dffe-44b4-809c-a6893c944ac0 trace_id=57b23b5c4ed21f3dbb5b2c1290eb4cff operation=ingestTriples entity_id=c360.semconnect.systems.csapi.deployment.2 commit_state=verified kv_revision=1 identity_subject="" identity_verified=false forwarded_user="" forwarded_email="" classified_error=""
2026/10/01 05:09:14 INFO graph mutation audit component=cs-api request_id=a1e88713-b64e-496b-a515-be9c9b2323b7 trace_id=aebe5f1a88fb44cd21ac520db79b0d14 operation=ingestTriples entity_id=c360.semconnect.systems.csapi.deployment.3 commit_state=verified kv_revision=1 identity_subject="" identity_verified=false forwarded_user="" forwarded_email="" classified_error=""
2026/10/01 05:09:14 INFO graph mutation audit component=cs-api request_id=46991c4f-7df9-4d66-aaaf-e7c48c014103 trace_id=c6cc317e50a0291e6d038d1f78325120 operation=ingestTriples entity_id=c360.semconnect.systems.csapi.feasibility.c360_semconnect_systems_csapi_controlstream_ptz commit_state=verified kv_revision=1 identity_subject="" identity_verified=false forwarded_user="" forwarded_email="" classified_error=""
2026/10/01 05:09:14 WARN graph mutation audit component=cs-api request_id=4b34b92e-616e-46f3-ba29-1b70f74e564c trace_id=139207284a283dd92e7c15788eda88f1 operation=ingestTriples entity_id=c360.semconnect.systems.csapi.system.outcomes commit_state=unknown kv_revision=0 identity_subject="" identity_verified=false forwarded_user="" forwarded_email="" classified_error="cs-api.ingestTriples: graph mutation commit outcome unknown failed: graph mutation commit outcome unknown (correlation 4b34b92e-616e-46f3-ba29-1b70f74e564c): unexpected end of JSON input"
2026/10/01 05:09:14 WARN backend error component=cs-api err="cs-api.ingestTriples: graph mutation commit outcome unknown failed: graph mutation commit outcome unknown (correlation 4b34b92e-616e-46f3-ba29-1b70f74e564c): unexpected end of JSON input" status=503
2026/10/01 05:09:14 WARN graph mutation audit component=cs-api request_id=23d75264-828e-4713-b3eb-fd745253e3c0 trace_id=55398d7b3c23fb52d205230878534bc2 operation=ingestTriples entity_id=c360.semconnect.systems.csapi.system.outcomes commit_state=unknown kv_revision=0 identity_subject="" identity_verified=false forwarded_user="" forwarded_email="" classified_error="cs-api.ingestTriples: graph mutation commit outcome unknown failed: graph mutation commit outcome unknown (correlation 23d75264-828e-4713-b3eb-fd745253e3c0): invalid typed create response"
2026/10/01 05:09:14 WARN backend error component=cs-api err="cs-api.ingestTriples: graph mutation commit outcome unknown failed: graph mutation commit outcome unknown (correlation 23d75264-828e-4713-b3eb-fd745253e3c0): invalid typed create response" status=503
2026/10/01 05:09:14 WARN graph mutation audit component=cs-api request_id=d840014f-81d8-4243-96a5-40ad2c0687db trace_id=4c15b34e79d64f52097b4209891f25f6 operation=ingestTriples entity_id=c360.semconnect.systems.csapi.system.outcomes commit_state=unknown kv_revision=0 identity_subject="" identity_verified=false forwarded_user="" forwarded_email="" classified_error="cs-api.ingestTriples: graph mutation commit outcome unknown failed: graph mutation commit outcome unknown (correlation d840014f-81d8-4243-96a5-40ad2c0687db): invalid typed create response"
2026/10/01 05:09:14 WARN backend error component=cs-api err="cs-api.ingestTriples: graph mutation commit outcome unknown failed: graph mutation commit outcome unknown (correlation d840014f-81d8-4243-96a5-40ad2c0687db): invalid typed create response" status=503
2026/10/01 05:09:14 WARN graph mutation audit component=cs-api request_id=2180d4af-7c4e-4b6a-8c91-7ce563da5416 trace_id=c77ef40d9d0130f049e4e886de180b8b operation=outcome entity_id=c360.semconnect.systems.csapi.system.outcomes commit_state=unknown kv_revision=42 identity_subject="" identity_verified=false forwarded_user="" forwarded_email="" classified_error="cs-api.outcome: graph mutation commit outcome unknown failed: graph mutation commit outcome unknown (correlation 2180d4af-7c4e-4b6a-8c91-7ce563da5416): unexpected end of JSON input"
2026/10/01 05:09:14 WARN backend error component=cs-api err="cs-api.outcome: graph mutation commit outcome unknown failed: graph mutation commit outcome unknown (correlation 2180d4af-7c4e-4b6a-8c91-7ce563da5416): unexpected end of JSON input" status=503
2026/10/01 05:09:14 WARN graph mutation audit component=cs-api request_id=c4380e7d-710a-4d39-aa99-4a34c9d3d6be trace_id=64f6717838daecefa6a65f9dbaf88e24 operation=outcome entity_id=c360.semconnect.systems.csapi.system.outcomes commit_state=unknown kv_revision=42 identity_subject="" identity_verified=false forwarded_user="" forwarded_email="" classified_error="cs-api.outcome: graph mutation commit outcome unknown failed: graph mutation commit outcome unknown (correlation c4380e7d-710a-4d39-aa99-4a34c9d3d6be): invalid typed reconcile response"
2026/10/01 05:09:14 WARN backend error component=cs-api err="cs-api.outcome: graph mutation commit outcome unknown failed: graph mutation commit outcome unknown (correlation c4380e7d-710a-4d39-aa99-4a34c9d3d6be): invalid typed reconcile response" status=503
2026/10/01 05:09:14 WARN graph mutation audit component=cs-api request_id=65788c67-a02b-4d84-a314-359d8a03afff trace_id=ecfa2850e8cdd120e6c0bcb6f1415649 operation=outcome entity_id=c360.semconnect.systems.csapi.system.outcomes commit_state=unknown kv_revision=42 identity_subject="" identity_verified=false forwarded_user="" forwarded_email="" classified_error="cs-api.outcome: graph mutation commit outcome unknown failed: graph mutation commit outcome unknown (correlation 65788c67-a02b-4d84-a314-359d8a03afff): invalid typed reconcile response"
2026/10/01 05:09:14 WARN backend error component=cs-api err="cs-api.outcome: graph mutation commit outcome unknown failed: graph mutation commit outcome unknown (correlation 65788c67-a02b-4d84-a314-359d8a03afff): invalid typed reconcile response" status=503
2026/10/01 05:09:14 WARN graph mutation audit component=cs-api request_id=2cede96f-63ad-4eab-9be0-124d88e49096 trace_id=e5bea34e68529f576a9c81f27fd79225 operation=deleteEntity entity_id=c360.semconnect.systems.csapi.system.outcomes commit_state=unknown kv_revision=42 identity_subject="" identity_verified=false forwarded_user="" forwarded_email="" classified_error="cs-api.deleteEntity: graph mutation commit outcome unknown failed: graph mutation commit outcome unknown (correlation 2cede96f-63ad-4eab-9be0-124d88e49096): unexpected end of JSON input"
2026/10/01 05:09:14 WARN backend error component=cs-api err="cs-api.deleteEntity: graph mutation commit outcome unknown failed: graph mutation commit outcome unknown (correlation 2cede96f-63ad-4eab-9be0-124d88e49096): unexpected end of JSON input" status=503
2026/10/01 05:09:14 WARN graph mutation audit component=cs-api request_id=82d4cf55-3932-4c23-859f-cfcd7b34cb6d trace_id=cbc29d8dce89ec49c992c8a82c32cdf6 operation=deleteEntity entity_id=c360.semconnect.systems.csapi.system.outcomes commit_state=unknown kv_revision=42 identity_subject="" identity_verified=false forwarded_user="" forwarded_email="" classified_error="cs-api.deleteEntity: graph mutation commit outcome unknown failed: graph mutation commit outcome unknown (correlation 82d4cf55-3932-4c23-859f-cfcd7b34cb6d): invalid typed delete response"
2026/10/01 05:09:14 WARN backend error component=cs-api err="cs-api.deleteEntity: graph mutation commit outcome unknown failed: graph mutation commit outcome unknown (correlation 82d4cf55-3932-4c23-859f-cfcd7b34cb6d): invalid typed delete response" status=503
2026/10/01 05:09:14 WARN graph mutation audit component=cs-api request_id=21ee357c-27bf-416f-ab4a-6baf99a69c44 trace_id=9e467dbe982a2156ee62d6d160d8757b operation=deleteEntity entity_id=c360.semconnect.systems.csapi.system.outcomes commit_state=unknown kv_revision=42 identity_subject="" identity_verified=false forwarded_user="" forwarded_email="" classified_error="cs-api.deleteEntity: graph mutation commit outcome unknown failed: graph mutation commit outcome unknown (correlation 21ee357c-27bf-416f-ab4a-6baf99a69c44): invalid typed delete response"
2026/10/01 05:09:14 WARN backend error component=cs-api err="cs-api.deleteEntity: graph mutation commit outcome unknown failed: graph mutation commit outcome unknown (correlation 21ee357c-27bf-416f-ab4a-6baf99a69c44): invalid typed delete response" status=503
2026/10/01 05:09:14 WARN graph mutation audit component=cs-api request_id=6afda1ba-0fbf-44fa-a680-2913b71465d4 trace_id=f4148cfa71ba3b3b8b12ffbef16027b0 operation=ingestTriples entity_id=c360.semconnect.systems.csapi.system.outcomes commit_state=not-committed kv_revision=0 identity_subject="" identity_verified=false forwarded_user="" forwarded_email="" classified_error="cs-api.ingestTriples: graph mutation canceled before request failed: context canceled"
2026/10/01 05:09:14 WARN backend error component=cs-api err="cs-api.ingestTriples: graph mutation canceled before request failed: context canceled" status=503
2026/10/01 05:09:14 WARN graph mutation audit component=cs-api request_id=e5977d50-36a5-403c-a9ac-b3dae30ac346 trace_id=9276f414178614e4db16fc83ab62c63c operation=ingestTriples entity_id=c360.semconnect.systems.csapi.system.outcomes commit_state=not-committed kv_revision=0 identity_subject="" identity_verified=false forwarded_user="" forwarded_email="" classified_error="cs-api.ingestTriples: graph mutation unavailable failed: nats: no responders available for request"
2026/10/01 05:09:14 WARN backend error component=cs-api err="cs-api.ingestTriples: graph mutation unavailable failed: nats: no responders available for request" status=503
2026/10/01 05:09:14 INFO Connecting to NATS urls=nats://127.0.0.1:55564
2026/10/01 05:09:14 INFO Successfully connected to NATS urls=nats://127.0.0.1:55564
2026/10/01 05:09:14 INFO graph mutation audit component=cs-api request_id=4a8afd36-6a45-4d7d-8fe7-0c827e27f4cd trace_id=8613b51e6bf3e52b746a0b00a49643f4 operation=ingestTriples entity_id=c360.semconnect.systems.csapi.system.child commit_state=verified kv_revision=2 identity_subject=subject-alice identity_verified=false forwarded_user=alice forwarded_email=alice@example.test classified_error=""
2026/10/01 05:09:14 INFO Connecting to NATS urls=nats://127.0.0.1:55567
2026/10/01 05:09:14 INFO Successfully connected to NATS urls=nats://127.0.0.1:55567
2026/10/01 05:09:14 INFO initialized component=cs-api
2026/10/01 05:09:14 INFO validated cs-api projection contracts component=cs-api count=11
2026/10/01 05:09:14 INFO started component=cs-api standalone=false
2026/10/01 05:09:14 INFO stopped component=cs-api
2026/10/01 05:09:14 INFO observations read component=cs-api datastream=c360.semconnect.systems.csapi.datastream.001 limit=100 after=0 returned=0 last_seq=0 forwarded_user="" forwarded_email=""
2026/10/01 05:09:14 INFO observations read component=cs-api datastream=c360.semconnect.systems.csapi.datastream.001 limit=100 after=0 returned=2 last_seq=101 forwarded_user="" forwarded_email=""
2026/10/01 05:09:14 INFO observations read component=cs-api datastream=c360.semconnect.systems.csapi.datastream.001 limit=1 after=0 returned=1 last_seq=42 forwarded_user="" forwarded_email=""
2026/10/01 05:09:14 INFO observations read component=cs-api datastream=c360.semconnect.systems.csapi.datastream.001 limit=100 after=42 returned=0 last_seq=0 forwarded_user="" forwarded_email=""
2026/10/01 05:09:14 INFO observations read component=cs-api datastream=c360.semconnect.systems.csapi.datastream.001 limit=10 after=42 returned=1 last_seq=43 forwarded_user="" forwarded_email=""
2026/10/01 05:09:14 INFO observations read component=cs-api datastream=c360.semconnect.systems.csapi.datastream.001 limit=100 after=0 returned=1 last_seq=1 forwarded_user="" forwarded_email=""
2026/10/01 05:09:14 INFO observations read component=cs-api datastream=c360.semconnect.systems.csapi.datastream.001 limit=100 after=0 returned=1 last_seq=9 forwarded_user="" forwarded_email=""
2026/10/01 05:09:14 WARN datastream schema lookup failed; falling back to inferred observation schema component=cs-api datastream=c360.semconnect.systems.csapi.datastream.001 err="decode exact entity response: unexpected end of JSON input"
2026/10/01 05:09:14 INFO observations read component=cs-api datastream=c360.semconnect.systems.csapi.datastream.001 limit=100 after=0 returned=1 last_seq=9 forwarded_user="" forwarded_email=""
2026/10/01 05:09:14 WARN datastream schema lookup failed; falling back to inferred observation schema component=cs-api datastream=c360.semconnect.systems.csapi.datastream.001 err="decode exact entity response: unexpected end of JSON input"
2026/10/01 05:09:14 INFO observations read component=cs-api datastream=c360.semconnect.systems.csapi.datastream.001 limit=100 after=0 returned=1 last_seq=9 forwarded_user="" forwarded_email=""
2026/10/01 05:09:14 INFO observations read component=cs-api datastream=c360.semconnect.systems.csapi.datastream.001 limit=100 after=0 returned=1 last_seq=9 forwarded_user="" forwarded_email=""
2026/10/01 05:09:14 WARN datastream schema lookup failed; falling back to inferred observation schema component=cs-api datastream=c360.semconnect.systems.csapi.datastream.001 err="decode exact entity response: unexpected end of JSON input"
2026/10/01 05:09:14 WARN backend error component=cs-api err="cs-api.handleObservationsGet: fetch failed: nats: no responders available for request" status=503
2026/10/01 05:09:14 WARN backend error component=cs-api err="cs-api.handleObservationsGet: reader unset failed: observation stream reader not initialized" status=503
2026/10/01 05:09:14 WARN observation envelope decode failed; skipping component=cs-api subject=cs-api.observations.c360.semconnect.systems.csapi.datastream.001 seq=1 err="invalid character 'n' looking for beginning of object key string"
2026/10/01 05:09:14 INFO observations read component=cs-api datastream=c360.semconnect.systems.csapi.datastream.001 limit=100 after=0 returned=1 last_seq=2 forwarded_user="" forwarded_email=""
2026/10/01 05:09:14 WARN backend error component=cs-api err="cs-api.handleObservationsGet: fetch failed: simulated stream error" status=500
2026/10/01 05:09:14 WARN backend error component=cs-api err="cs-api.publishObservation: jetstream unavailable failed: nats: no responders available for request" status=503
2026/10/01 05:09:14 WARN backend error component=cs-api err="cs-api.publishObservation: jetstream unavailable failed: nats: connection closed" status=503
2026/10/01 05:09:14 WARN backend error component=cs-api err="cs-api.publishObservation: jetstream unavailable failed: context deadline exceeded" status=503
2026/10/01 05:09:14 WARN backend error component=cs-api err="cs-api.publishObservation: publish to cs-api.observations.acme.ops.robotics.gcs.datastream.001 failed: something else" status=500
2026/10/01 05:09:14 WARN batch entity fetch for procedure FeatureCollection missed entity; degrading to featureType-only properties component=cs-api entity=c360.semconnect.systems.csapi.procedure.alpha
2026/10/01 05:09:14 WARN batch entity fetch for procedure FeatureCollection missed entity; degrading to featureType-only properties component=cs-api entity=c360.semconnect.systems.csapi.procedure.beta
2026/10/01 05:09:14 INFO entity not a procedure kind component=cs-api id=c360.semconnect.systems.csapi.procedure.test01
2026/10/01 05:09:14 INFO graph mutation audit component=cs-api request_id=41ea4d3c-aef7-4a9c-b595-0eafde63fd56 trace_id=bad5209a527a25729b7d4310589ebb39 operation=ingestTriples entity_id=c360.semconnect.systems.csapi.procedure.cal1 commit_state=verified kv_revision=1 identity_subject="" identity_verified=false forwarded_user="" forwarded_email="" classified_error=""
2026/10/01 05:09:14 INFO graph mutation audit component=cs-api request_id=e0ddad9e-8953-44f2-9cec-19682e1c167e trace_id=265efb1750048b93c2f47b611f806778 operation=ingestTriples entity_id=c360.semconnect.systems.csapi.procedure.1 commit_state=verified kv_revision=1 identity_subject="" identity_verified=false forwarded_user="" forwarded_email="" classified_error=""
2026/10/01 05:09:14 INFO graph mutation audit component=cs-api request_id=3a4af6ad-b03c-4174-90bb-7a2696a882a2 trace_id=a47e23cb936f3b304f4c8b1cdda2ea50 operation=ingestTriples entity_id=c360.semconnect.systems.csapi.procedure.geo commit_state=verified kv_revision=1 identity_subject="" identity_verified=false forwarded_user="" forwarded_email="" classified_error=""
2026/10/01 05:09:14 INFO entity not a system kind component=cs-api id=c360.semconnect.systems.csapi.procedure.test01
2026/10/01 05:09:14 INFO entity not a property kind component=cs-api id=c360.semconnect.systems.csapi.property.airtemperature
2026/10/01 05:09:14 INFO graph mutation audit component=cs-api request_id=f65ff163-5fc1-4afd-bdfa-1362a1ef4f97 trace_id=dba66829f0c11851fcf54fea3963f776 operation=ingestTriples entity_id=c360.semconnect.systems.csapi.property.airtemp commit_state=verified kv_revision=1 identity_subject="" identity_verified=false forwarded_user="" forwarded_email="" classified_error=""
2026/10/01 05:09:14 INFO entity not a sampling feature kind component=cs-api id=c360.semconnect.systems.csapi.samplingfeature.alpha
2026/10/01 05:09:14 INFO graph mutation audit component=cs-api request_id=a6266ac7-0217-4b20-bc38-c6949b483742 trace_id=20da6f6f2582398e6a5fbe66c5c0f6b4 operation=ingestTriples entity_id=c360.semconnect.systems.csapi.samplingfeature.2 commit_state=verified kv_revision=1 identity_subject="" identity_verified=false forwarded_user="" forwarded_email="" classified_error=""
2026/10/01 05:09:14 INFO graph mutation audit component=cs-api request_id=048ac63c-49f5-4a2f-8fe4-f1154ef8e6d0 trace_id=89d9fbc773ef3a7e62ffc95be4b69c43 operation=createSchemaArtifact entity_id=c360.semconnect.systems.csapi.schema.sha256-f11974ada89c6fc6b1de03454ab821aa2afacf11b9140d3c028e02869be10e27 commit_state=verified kv_revision=1 identity_subject=alice identity_verified=false forwarded_user="" forwarded_email="" classified_error=""
2026/10/01 05:09:14 WARN graph mutation audit component=cs-api request_id=b0f0af85-e555-4237-8fb2-52102f894cde trace_id=5eb29ed13387754dd8d225ceb0f6f4b4 operation=createSchemaArtifact entity_id=c360.semconnect.systems.csapi.schema.sha256-f11974ada89c6fc6b1de03454ab821aa2afacf11b9140d3c028e02869be10e27 commit_state=not-committed kv_revision=0 identity_subject="" identity_verified=false forwarded_user="" forwarded_email="" classified_error="cs-api: entity already exists: exists"
2026/10/01 05:09:14 WARN graph mutation audit component=cs-api request_id=d8756185-b6fe-4f75-807b-077c44e69d6b trace_id=5765c849fa028576434db26985057fcc operation=createSchemaArtifact entity_id=c360.semconnect.systems.csapi.schema.sha256-f11974ada89c6fc6b1de03454ab821aa2afacf11b9140d3c028e02869be10e27 commit_state=not-committed kv_revision=0 identity_subject="" identity_verified=false forwarded_user="" forwarded_email="" classified_error="cs-api: entity already exists: exists"
2026/10/01 05:09:14 WARN graph mutation audit component=cs-api request_id=d5762d6b-88a7-4156-9495-937430b03de5 trace_id=c0052c980338e8350c03905b3ac6c385 operation=createSchemaArtifact entity_id=c360.semconnect.systems.csapi.schema.sha256-f11974ada89c6fc6b1de03454ab821aa2afacf11b9140d3c028e02869be10e27 commit_state=not-committed kv_revision=0 identity_subject="" identity_verified=false forwarded_user="" forwarded_email="" classified_error="cs-api: entity already exists: exists"
2026/10/01 05:09:14 INFO graph mutation audit component=cs-api request_id=8683f876-8b92-4d40-b006-c098ba90e0ab trace_id=3b1106818e9225f47a044958bc29290d operation=createSchemaArtifact entity_id=c360.semconnect.systems.csapi.schema.sha256-f11974ada89c6fc6b1de03454ab821aa2afacf11b9140d3c028e02869be10e27 commit_state=verified kv_revision=1 identity_subject="" identity_verified=false forwarded_user="" forwarded_email="" classified_error=""
2026/10/01 05:09:14 INFO Connecting to NATS urls=nats://127.0.0.1:55569
2026/10/01 05:09:14 INFO Successfully connected to NATS urls=nats://127.0.0.1:55569
2026/10/01 05:09:14 INFO validated cs-api projection contracts component=cs-api count=11
2026/10/01 05:09:14 INFO component initialized component=graph-ingest component=graph-ingest
2026/10/01 05:09:14 INFO Created new KV bucket bucket=ENTITY_STATES
2026/10/01 05:09:14 INFO Created new KV bucket bucket=ENTITY_SUFFIX_INDEX
2026/10/01 05:09:14 INFO Created new KV bucket bucket=GRAPH_INGEST_APPLIED_SEQ
2026/10/01 05:09:14 INFO Created new KV bucket bucket=GRAPH_STATUS
2026/10/01 05:09:14 INFO query handlers registered component=graph-ingest subjects="[graph.ingest.query.entity graph.ingest.query.batch graph.ingest.query.prefix graph.ingest.query.suffix]"
2026/10/01 05:09:14 INFO mutation handlers registered component=graph-ingest subjects="[graph.mutation.entity.create graph.mutation.entity.reconcile graph.mutation.triple.append graph.mutation.entity.delete]"
2026/10/01 05:09:14 INFO component started component=graph-ingest component=graph-ingest start_time=2026-10-01T05:09:14.785-05:00
2026/10/01 05:09:14 WARN graph-ingest: entity authority rejected component=graph-ingest arrival=graph.mutation.entity.create reason=authority_foreign lane=local segment_index=0
2026/10/01 05:09:14 WARN graph mutation audit component=cs-api request_id=9503c471-55a3-4472-970a-50ab6ae5e21f trace_id=848eb09c5f6efd1300b3c440a058c9d9 operation=ingestTriples entity_id=foreign.remote.systems.csapi.datastream.setup03a-reference commit_state=not-committed kv_revision=0 identity_subject="" identity_verified=false forwarded_user="" forwarded_email="" classified_error="cs-api.ingestTriples: graph rejected entity mutation failed: invalid entity ID contract input"
2026/10/01 05:09:14 WARN backend error component=cs-api err="cs-api.ingestTriples: graph rejected entity mutation failed: invalid entity ID contract input" status=400
2026/10/01 05:09:14 INFO component stopped gracefully component=graph-ingest component=graph-ingest
--- FAIL: TestSetup03AFederatedDatastreamCreate (0.05s)
    setup03a_federation_integration_test.go:25: federated six-part ID must remain HTTP 201: got 400 body={"error":"cs-api.ingestTriples: graph rejected entity mutation failed: invalid entity ID contract input","status":400}
2026/10/01 05:09:14 INFO Connecting to NATS urls=nats://127.0.0.1:55571
2026/10/01 05:09:14 INFO Successfully connected to NATS urls=nats://127.0.0.1:55571
2026/10/01 05:09:14 INFO validated cs-api projection contracts component=cs-api count=11
2026/10/01 05:09:14 INFO component initialized component=graph-ingest component=graph-ingest
2026/10/01 05:09:14 INFO Created new KV bucket bucket=ENTITY_STATES
2026/10/01 05:09:14 INFO Created new KV bucket bucket=ENTITY_SUFFIX_INDEX
2026/10/01 05:09:14 INFO Created new KV bucket bucket=GRAPH_INGEST_APPLIED_SEQ
2026/10/01 05:09:14 INFO Created new KV bucket bucket=GRAPH_STATUS
2026/10/01 05:09:14 INFO query handlers registered component=graph-ingest subjects="[graph.ingest.query.entity graph.ingest.query.batch graph.ingest.query.prefix graph.ingest.query.suffix]"
2026/10/01 05:09:14 INFO mutation handlers registered component=graph-ingest subjects="[graph.mutation.entity.create graph.mutation.entity.reconcile graph.mutation.triple.append graph.mutation.entity.delete]"
2026/10/01 05:09:14 INFO component started component=graph-ingest component=graph-ingest start_time=2026-10-01T05:09:14.833-05:00
2026/10/01 05:09:14 INFO graph mutation audit component=cs-api request_id=a6f032db-96c6-4271-be9f-9e5495986a0b trace_id=97cc978b1377c4c704fd84020942982c operation=ingestTriples entity_id=c360.semconnect.systems.csapi.system.setup03a-root commit_state=verified kv_revision=1 identity_subject=setup03a-reference identity_verified=false forwarded_user="" forwarded_email="" classified_error=""
2026/10/01 05:09:14 WARN graph mutation rejected component=graph-ingest subject=graph.mutation.entity.create reason=entity_already_exists error="entity already exists: c360.semconnect.systems.csapi.system.setup03a-root"
2026/10/01 05:09:14 WARN graph mutation audit component=cs-api request_id=2543324a-0aa5-4a20-aea7-5c6c29a3a8f9 trace_id=27579f8b200d05e78f3ac523aca308bd operation=ingestTriples entity_id=c360.semconnect.systems.csapi.system.setup03a-root commit_state=not-committed kv_revision=0 identity_subject=setup03a-reference identity_verified=false forwarded_user="" forwarded_email="" classified_error="cs-api: entity already exists: entity already exists: c360.semconnect.systems.csapi.system.setup03a-root"
2026/10/01 05:09:14 INFO graph mutation audit component=cs-api request_id=227dc824-48c9-412b-815e-3f99ef9b6bad trace_id=6aa1733613ea236c1e1d82d677a1d0bd operation=referenceReconcile entity_id=c360.semconnect.systems.csapi.system.setup03a-root commit_state=verified kv_revision=2 identity_subject=setup03a-reference identity_verified=false forwarded_user="" forwarded_email="" classified_error=""
2026/10/01 05:09:14 WARN graph mutation rejected component=graph-ingest subject=graph.mutation.entity.reconcile reason=revision_mismatch error="revision mismatch: expected 1, current 2"
2026/10/01 05:09:14 WARN graph mutation revision mismatch component=graph-ingest operation=entity.reconcile entity_id=c360.semconnect.systems.csapi.system.setup03a-root expected_revision=1
2026/10/01 05:09:14 WARN graph mutation audit component=cs-api request_id=d8b822c4-4e49-48e7-9e91-4a06eef6e907 trace_id=c3acd84637c00f3afac60ef95f0fa401 operation=referenceStaleReconcile entity_id=c360.semconnect.systems.csapi.system.setup03a-root commit_state=not-committed kv_revision=1 identity_subject=setup03a-reference identity_verified=false forwarded_user="" forwarded_email="" classified_error="cs-api: entity already exists: revision mismatch: expected 1, current 2"
2026/10/01 05:09:14 WARN graph mutation rejected component=graph-ingest subject=graph.mutation.entity.delete reason=revision_mismatch error="revision mismatch: expected 1, current 2"
2026/10/01 05:09:14 WARN graph mutation revision mismatch component=graph-ingest operation=entity.delete entity_id=c360.semconnect.systems.csapi.system.setup03a-root expected_revision=1
2026/10/01 05:09:14 WARN graph mutation audit component=cs-api request_id=9a06b78f-9bda-4daf-8424-26073566a3f3 trace_id=bf2ee2ca89a9c136ac4c6a40f6f07c89 operation=deleteEntity entity_id=c360.semconnect.systems.csapi.system.setup03a-root commit_state=not-committed kv_revision=1 identity_subject=setup03a-reference identity_verified=false forwarded_user="" forwarded_email="" classified_error="cs-api: entity already exists: revision mismatch: expected 1, current 2"
2026/10/01 05:09:14 INFO graph mutation audit component=cs-api request_id=30fecb3d-39ac-4977-8284-885a41adec77 trace_id=4022cd0a66124454eed5d744f19547d0 operation=deleteEntity entity_id=c360.semconnect.systems.csapi.system.setup03a-root commit_state=verified kv_revision=2 identity_subject=setup03a-reference identity_verified=false forwarded_user="" forwarded_email="" classified_error=""
2026/10/01 05:09:14 INFO component stopped gracefully component=graph-ingest component=graph-ingest
2026/10/01 05:09:14 INFO Connecting to NATS urls=nats://127.0.0.1:55573
2026/10/01 05:09:14 INFO Successfully connected to NATS urls=nats://127.0.0.1:55573
2026/10/01 05:09:14 WARN graph mutation audit component=cs-api request_id=e0132f22-8fb9-4ac5-9efc-404ef4dc95b5 trace_id=799cb0c55419077f8c6c070326986cb4 operation=ingestTriples entity_id=c360.semconnect.systems.csapi.system.setup03a-root commit_state=not-committed kv_revision=0 identity_subject="" identity_verified=false forwarded_user="" forwarded_email="" classified_error="cs-api: entity already exists: reference failure"
2026/10/01 05:09:14 WARN backend error component=cs-api err="cs-api: entity already exists: reference failure" status=409
2026/10/01 05:09:14 INFO Connecting to NATS urls=nats://127.0.0.1:55576
2026/10/01 05:09:14 INFO Successfully connected to NATS urls=nats://127.0.0.1:55576
2026/10/01 05:09:14 WARN graph mutation audit component=cs-api request_id=0f7170a7-c91d-42f5-afb3-4c850b696d74 trace_id=2f131d1f3ef36b13352df09ae4a0809c operation=referenceFailure entity_id=c360.semconnect.systems.csapi.system.setup03a-root commit_state=not-committed kv_revision=42 identity_subject="" identity_verified=false forwarded_user="" forwarded_email="" classified_error="cs-api: entity already exists: reference failure"
2026/10/01 05:09:14 WARN backend error component=cs-api err="cs-api: entity already exists: reference failure" status=409
2026/10/01 05:09:14 INFO Connecting to NATS urls=nats://127.0.0.1:55579
2026/10/01 05:09:14 INFO Successfully connected to NATS urls=nats://127.0.0.1:55579
2026/10/01 05:09:14 WARN graph mutation audit component=cs-api request_id=fa16b45b-8b30-47d4-9521-033bcf308208 trace_id=5e5120a2cca3fc7926742c989859d070 operation=deleteEntity entity_id=c360.semconnect.systems.csapi.system.setup03a-root commit_state=not-committed kv_revision=42 identity_subject="" identity_verified=false forwarded_user="" forwarded_email="" classified_error="cs-api: entity already exists: reference failure"
2026/10/01 05:09:14 WARN backend error component=cs-api err="cs-api: entity already exists: reference failure" status=409
2026/10/01 05:09:14 INFO Connecting to NATS urls=nats://127.0.0.1:55582
2026/10/01 05:09:14 INFO Successfully connected to NATS urls=nats://127.0.0.1:55582
2026/10/01 05:09:14 WARN graph mutation audit component=cs-api request_id=2fb67377-50c9-467c-9a85-6032a04df05f trace_id=236d07c18e2f8eb22daa7d2d016daba8 operation=ingestTriples entity_id=c360.semconnect.systems.csapi.system.setup03a-root commit_state=unknown kv_revision=0 identity_subject="" identity_verified=false forwarded_user="" forwarded_email="" classified_error="cs-api.ingestTriples: graph mutation commit outcome unknown failed: graph mutation commit outcome unknown (correlation 2fb67377-50c9-467c-9a85-6032a04df05f): context canceled"
2026/10/01 05:09:14 WARN backend error component=cs-api err="cs-api.ingestTriples: graph mutation commit outcome unknown failed: graph mutation commit outcome unknown (correlation 2fb67377-50c9-467c-9a85-6032a04df05f): context canceled" status=503
2026/10/01 05:09:15 INFO Connecting to NATS urls=nats://127.0.0.1:55585
2026/10/01 05:09:15 INFO Successfully connected to NATS urls=nats://127.0.0.1:55585
2026/10/01 05:09:15 WARN graph mutation audit component=cs-api request_id=c2ac4ca6-6482-45a6-89a7-2bed3d729549 trace_id=f1987cc39a06f499f415d7f0136ceac6 operation=referenceFailure entity_id=c360.semconnect.systems.csapi.system.setup03a-root commit_state=unknown kv_revision=42 identity_subject="" identity_verified=false forwarded_user="" forwarded_email="" classified_error="cs-api.referenceFailure: graph mutation commit outcome unknown failed: graph mutation commit outcome unknown (correlation c2ac4ca6-6482-45a6-89a7-2bed3d729549): context canceled"
2026/10/01 05:09:15 WARN backend error component=cs-api err="cs-api.referenceFailure: graph mutation commit outcome unknown failed: graph mutation commit outcome unknown (correlation c2ac4ca6-6482-45a6-89a7-2bed3d729549): context canceled" status=503
2026/10/01 05:09:15 INFO Connecting to NATS urls=nats://127.0.0.1:55588
2026/10/01 05:09:15 INFO Successfully connected to NATS urls=nats://127.0.0.1:55588
2026/10/01 05:09:15 WARN graph mutation audit component=cs-api request_id=44893907-eb04-43ac-8b9f-091863cde5bc trace_id=ae1d8590810a67537f2e77af30a5c2ce operation=deleteEntity entity_id=c360.semconnect.systems.csapi.system.setup03a-root commit_state=unknown kv_revision=42 identity_subject="" identity_verified=false forwarded_user="" forwarded_email="" classified_error="cs-api.deleteEntity: graph mutation commit outcome unknown failed: graph mutation commit outcome unknown (correlation 44893907-eb04-43ac-8b9f-091863cde5bc): context canceled"
2026/10/01 05:09:15 WARN backend error component=cs-api err="cs-api.deleteEntity: graph mutation commit outcome unknown failed: graph mutation commit outcome unknown (correlation 44893907-eb04-43ac-8b9f-091863cde5bc): context canceled" status=503
2026/10/01 05:09:15 INFO Connecting to NATS urls=nats://127.0.0.1:55591
2026/10/01 05:09:15 INFO Successfully connected to NATS urls=nats://127.0.0.1:55591
2026/10/01 05:09:15 INFO validated cs-api projection contracts component=cs-api count=11
2026/10/01 05:09:15 INFO component initialized component=graph-ingest component=graph-ingest
2026/10/01 05:09:15 INFO Created new KV bucket bucket=ENTITY_STATES
2026/10/01 05:09:15 INFO Created new KV bucket bucket=ENTITY_SUFFIX_INDEX
2026/10/01 05:09:15 INFO Created new KV bucket bucket=GRAPH_INGEST_APPLIED_SEQ
2026/10/01 05:09:15 INFO Created new KV bucket bucket=GRAPH_STATUS
2026/10/01 05:09:15 INFO query handlers registered component=graph-ingest subjects="[graph.ingest.query.entity graph.ingest.query.batch graph.ingest.query.prefix graph.ingest.query.suffix]"
2026/10/01 05:09:15 INFO mutation handlers registered component=graph-ingest subjects="[graph.mutation.entity.create graph.mutation.entity.reconcile graph.mutation.triple.append graph.mutation.entity.delete]"
2026/10/01 05:09:15 INFO component started component=graph-ingest component=graph-ingest start_time=2026-10-01T05:09:15.120-05:00
2026/10/01 05:09:15 INFO graph mutation audit component=cs-api request_id=39805467-fd43-4ba6-be41-91923a878604 trace_id=75fe9f8556fd9db142ced60f80ce3ba0 operation=createSchemaArtifact entity_id=c360.semconnect.systems.csapi.schema.sha256-f11974ada89c6fc6b1de03454ab821aa2afacf11b9140d3c028e02869be10e27 commit_state=verified kv_revision=1 identity_subject="" identity_verified=false forwarded_user="" forwarded_email="" classified_error=""
2026/10/01 05:09:15 WARN graph mutation rejected component=graph-ingest subject=graph.mutation.entity.create reason=entity_already_exists error="entity already exists: c360.semconnect.systems.csapi.schema.sha256-f11974ada89c6fc6b1de03454ab821aa2afacf11b9140d3c028e02869be10e27"
2026/10/01 05:09:15 WARN graph mutation audit component=cs-api request_id=27e86f38-2ebd-4729-9807-11c9e9251c5a trace_id=b190f4915d6451d3a70c5f73d15ac73d operation=createSchemaArtifact entity_id=c360.semconnect.systems.csapi.schema.sha256-f11974ada89c6fc6b1de03454ab821aa2afacf11b9140d3c028e02869be10e27 commit_state=not-committed kv_revision=0 identity_subject="" identity_verified=false forwarded_user="" forwarded_email="" classified_error="cs-api: entity already exists: entity already exists: c360.semconnect.systems.csapi.schema.sha256-f11974ada89c6fc6b1de03454ab821aa2afacf11b9140d3c028e02869be10e27"
2026/10/01 05:09:15 WARN graph mutation rejected component=graph-ingest subject=graph.mutation.entity.create reason=entity_already_exists error="entity already exists: c360.semconnect.systems.csapi.schema.sha256-f11974ada89c6fc6b1de03454ab821aa2afacf11b9140d3c028e02869be10e27"
2026/10/01 05:09:15 WARN graph mutation audit component=cs-api request_id=4ecd6175-2aba-4585-aa1c-6d6ab292bcf1 trace_id=403603a95577ac85a5dceed3f378cdaa operation=createSchemaArtifact entity_id=c360.semconnect.systems.csapi.schema.sha256-f11974ada89c6fc6b1de03454ab821aa2afacf11b9140d3c028e02869be10e27 commit_state=not-committed kv_revision=0 identity_subject="" identity_verified=false forwarded_user="" forwarded_email="" classified_error="cs-api: entity already exists: entity already exists: c360.semconnect.systems.csapi.schema.sha256-f11974ada89c6fc6b1de03454ab821aa2afacf11b9140d3c028e02869be10e27"
2026/10/01 05:09:15 INFO graph mutation audit component=cs-api request_id=c35f32f7-fa72-46c6-b4f5-e221a1255774 trace_id=2cde04f62d499af89d07ae09038adcc2 operation=createSchemaArtifact entity_id=c360.semconnect.systems.csapi.schema.sha256-6dd48bec7f4fdf36502740697a08c6aa8e0899f91a6649fb12f98a556283fd3e commit_state=verified kv_revision=2 identity_subject="" identity_verified=false forwarded_user="" forwarded_email="" classified_error=""
2026/10/01 05:09:15 INFO component stopped gracefully component=graph-ingest component=graph-ingest
2026/10/01 05:09:15 WARN backend error component=cs-api err="cs-api.runSpatialQuery: spatial backend unavailable failed: nats: no responders available for request" status=503
2026/10/01 05:09:15 WARN backend error component=cs-api err="cs-api.runSpatialQuery: spatial handler failed: spatial query failed" status=400
2026/10/01 05:09:15 WARN backend error component=cs-api err="cs-api.runSpatialQuery: spatial handler failed: spatial query failed" status=503
2026/10/01 05:09:15 WARN backend error component=cs-api err="cs-api.runSpatialQuery: spatial handler failed: spatial query failed" status=500
2026/10/01 05:09:15 WARN backend error component=cs-api err="cs-api.runSpatialQuery: decode spatial response failed: spatial response must be a top-level JSON array" status=500
2026/10/01 05:09:15 WARN backend error component=cs-api err="cs-api.runSpatialQuery: decode spatial response failed: spatial response must be a top-level JSON array" status=500
2026/10/01 05:09:15 WARN backend error component=cs-api err="cs-api.runSpatialQuery: decode spatial response failed: spatial response must be a top-level JSON array" status=500
2026/10/01 05:09:15 INFO graph mutation audit component=cs-api request_id=4b1bf5dc-116b-4078-a11c-6b4747c00851 trace_id=b00fd1d9e14ba7cc71584d6c95cba98b operation=ingestTriples entity_id=c360.semconnect.systems.csapi.systemevent.00Z commit_state=verified kv_revision=1 identity_subject="" identity_verified=false forwarded_user="" forwarded_email="" classified_error=""
2026/10/01 05:09:15 INFO graph mutation audit component=cs-api request_id=443e83e9-5011-4489-99c9-2875afb4aac3 trace_id=e3e6c9cc7a5a1c5c1089e5af0985ead8 operation=ingestTriples entity_id=c360.semconnect.systems.csapi.system.42 commit_state=verified kv_revision=1 identity_subject="" identity_verified=false forwarded_user="" forwarded_email="" classified_error=""
2026/10/01 05:09:15 INFO graph mutation audit component=cs-api request_id=bdc558f3-dccb-417b-84ab-cc4cf299a022 trace_id=a85029ee5cba6751740ab33397c74f06 operation=deleteEntity entity_id=c360.semconnect.systems.csapi.system.099 commit_state=verified kv_revision=7 identity_subject="" identity_verified=false forwarded_user="" forwarded_email="" classified_error=""
2026/10/01 05:09:15 INFO graph mutation audit component=cs-api request_id=548a642a-2fb9-4ca7-a408-a17879c9e1b7 trace_id=825a50aa807753b163860f67c8c9a37c operation=replaceEntityTriples entity_id=acme.ops.robotics.gcs.drone.099 commit_state=verified kv_revision=8 identity_subject="" identity_verified=false forwarded_user="" forwarded_email="" classified_error=""
2026/10/01 05:09:15 INFO graph mutation audit component=cs-api request_id=cb03c5ac-31ac-472e-a84f-15b4b189768e trace_id=dbb9c2c4c16854fabc46446346b2664c operation=replaceEntityTriples entity_id=c360.semconnect.systems.csapi.system.099 commit_state=verified kv_revision=8 identity_subject="" identity_verified=false forwarded_user="" forwarded_email="" classified_error=""
2026/10/01 05:09:15 WARN graph mutation audit component=cs-api request_id=e6bcd40c-0cf6-4b57-848c-a8bfb694d58d trace_id=0b5421bf902c6634058f468f819eaf25 operation=replaceEntityTriples entity_id=acme.ops.robotics.gcs.drone.099 commit_state=not-committed kv_revision=7 identity_subject="" identity_verified=false forwarded_user="" forwarded_email="" classified_error="cs-api.replaceEntityTriples: graph mutation unavailable failed: nats: no responders available for request"
2026/10/01 05:09:15 WARN backend error component=cs-api err="cs-api.replaceEntityTriples: graph mutation unavailable failed: nats: no responders available for request" status=503
2026/10/01 05:09:15 WARN graph mutation audit component=cs-api request_id=570a653c-f5a7-4517-bf8a-017a95631ec8 trace_id=56fb149ed80ae1d87df6f11d487f1e06 operation=replaceEntityTriples entity_id=acme.ops.robotics.gcs.drone.099 commit_state=not-committed kv_revision=7 identity_subject="" identity_verified=false forwarded_user="" forwarded_email="" classified_error="cs-api: entity already exists: stale revision"
2026/10/01 05:09:15 WARN backend error component=cs-api err="cs-api: entity already exists: stale revision" status=409
2026/10/01 05:09:15 WARN graph mutation audit component=cs-api request_id=d885fb75-c6bc-494e-bf4e-33b0013dfd2f trace_id=3ba751d9ca954df37cec2ece94895c58 operation=replaceEntityTriples entity_id=acme.ops.robotics.gcs.drone.099 commit_state=unknown kv_revision=7 identity_subject="" identity_verified=false forwarded_user="" forwarded_email="" classified_error="cs-api.replaceEntityTriples: graph mutation commit outcome unknown failed: graph mutation commit outcome unknown (correlation d885fb75-c6bc-494e-bf4e-33b0013dfd2f): nats: timeout"
2026/10/01 05:09:15 WARN backend error component=cs-api err="cs-api.replaceEntityTriples: graph mutation commit outcome unknown failed: graph mutation commit outcome unknown (correlation d885fb75-c6bc-494e-bf4e-33b0013dfd2f): nats: timeout" status=503
2026/10/01 05:09:15 WARN graph mutation audit component=cs-api request_id=5a83744f-3272-44e0-9824-2c17fdc1a3f9 trace_id=07fba8701396674c1b1e02e624bb94f4 operation=ingestTriples entity_id=acme.ops.robotics.gcs.drone.099 commit_state=not-committed kv_revision=0 identity_subject="" identity_verified=false forwarded_user="" forwarded_email="" classified_error="cs-api: entity already exists: exists"
2026/10/01 05:09:15 WARN backend error component=cs-api err="cs-api: entity already exists: exists" status=409
2026/10/01 05:09:15 INFO graph mutation audit component=cs-api request_id=c7bddf3d-b45f-4ec5-a616-dbfe7c2b0af9 trace_id=0b52684095c76ff097b4779cab56e088 operation=deleteEntity entity_id=acme.ops.robotics.gcs.drone.099 commit_state=verified kv_revision=7 identity_subject="" identity_verified=false forwarded_user=alice forwarded_email=alice@example.com classified_error=""
2026/10/01 05:09:15 WARN backend error component=cs-api err="cs-api.fetchEntitiesBatch: graph backend unavailable failed: nats: no responders available for request" status=503
2026/10/01 05:09:15 WARN batch entity fetch for FeatureCollection missed entity; degrading to null geometry component=cs-api entity=c360.semconnect.systems.csapi.system.broken
2026/10/01 05:09:15 WARN malformed position triple; emitting null geometry component=cs-api entity=c360.semconnect.systems.csapi.system.bad-pos err="geojson: object missing required \"type\" field"
2026/10/01 05:09:15 INFO graph mutation audit component=cs-api request_id=02a34801-3449-4171-a2d1-27a43766ce30 trace_id=644c5ccfd33976ae85ae43c444d3821b operation=replaceEntityTriples entity_id=c360.semconnect.systems.csapi.system.099 commit_state=verified kv_revision=8 identity_subject="" identity_verified=false forwarded_user="" forwarded_email="" classified_error=""
2026/10/01 05:09:15 INFO graph mutation audit component=cs-api request_id=2c200c4c-cb80-4aba-9f1b-0463dd2c008b trace_id=cd374dc223c982fc302a52bd16f56c29 operation=replaceEntityTriples entity_id=c360.semconnect.systems.csapi.system.099 commit_state=verified kv_revision=8 identity_subject="" identity_verified=false forwarded_user="" forwarded_email="" classified_error=""
2026/10/01 05:09:15 INFO graph mutation audit component=cs-api request_id=13df578f-3902-409d-a577-fe64be238751 trace_id=b2369bedba10c8c680fc7d7b5a1e98ce operation=replaceEntityTriples entity_id=c360.semconnect.systems.csapi.system.099 commit_state=verified kv_revision=8 identity_subject="" identity_verified=false forwarded_user="" forwarded_email="" classified_error=""
2026/10/01 05:09:15 INFO graph mutation audit component=cs-api request_id=0f458049-c3f7-48ef-bed8-ca7ee5053de6 trace_id=8eb8d00c79035a868377af2c2be94e04 operation=replaceEntityTriples entity_id=c360.semconnect.systems.csapi.system.099 commit_state=verified kv_revision=8 identity_subject="" identity_verified=false forwarded_user="" forwarded_email="" classified_error=""
2026/10/01 05:09:15 INFO graph mutation audit component=cs-api request_id=075b0d34-f62d-41ff-9eef-27e0e68372dd trace_id=71fba43f7f3c04463d6629f01dfe5b68 operation=replaceEntityTriples entity_id=c360.semconnect.systems.csapi.system.099 commit_state=verified kv_revision=8 identity_subject="" identity_verified=false forwarded_user="" forwarded_email="" classified_error=""
2026/10/01 05:09:15 WARN backend error component=cs-api err="cs-api: entity not found: not found: c360.semconnect.systems.csapi.system.099" status=404
2026/10/01 05:09:15 INFO graph mutation audit component=cs-api request_id=2dbc8f84-fe9e-4419-96c6-6a45b52b417d trace_id=0fe5bae43ea80d3a22fa50617aa1c018 operation=replaceEntityTriples entity_id=c360.semconnect.systems.csapi.system.099 commit_state=verified kv_revision=8 identity_subject="" identity_verified=false forwarded_user="" forwarded_email="" classified_error=""
2026/10/01 05:09:15 INFO graph mutation audit component=cs-api request_id=fb09e2d4-3cf2-45bf-9705-04af7c7dd31c trace_id=ee142668c26f0a98a3dfb8af5d9a9c90 operation=replaceEntityTriples entity_id=c360.semconnect.systems.csapi.system.099 commit_state=verified kv_revision=8 identity_subject="" identity_verified=false forwarded_user="" forwarded_email="" classified_error=""
2026/10/01 05:09:15 INFO graph mutation audit component=cs-api request_id=010a1d9c-2678-48a4-97ac-cfc4e3ad8c9b trace_id=e5606f4e7b65c67c67ff386e7fbb2506 operation=ingestTriples entity_id=c360.semconnect.systems.csapi.system.11111111-2222-3333-4444-555555555555 commit_state=verified kv_revision=1 identity_subject="" identity_verified=false forwarded_user="" forwarded_email="" classified_error=""
2026/10/01 05:09:15 INFO graph mutation audit component=cs-api request_id=c1c5a75c-7d36-4cf4-bd0d-8fe6a95c0ca5 trace_id=a0e91f7fe5649ed5939cc41c6c674e39 operation=ingestTriples entity_id=c360.semconnect.systems.csapi.system.22222222-3333-4444-5555-666666666666 commit_state=verified kv_revision=1 identity_subject="" identity_verified=false forwarded_user="" forwarded_email="" classified_error=""
2026/10/01 05:09:15 INFO graph mutation audit component=cs-api request_id=50e23dd0-eb2f-4c59-afcf-2888d28dd1f6 trace_id=2bb64377d4e4d21acd356dfc89eb6b4a operation=ingestTriples entity_id=c360.semconnect.systems.csapi.system.11111111-2222-3333-4444-555555555555 commit_state=verified kv_revision=1 identity_subject="" identity_verified=false forwarded_user="" forwarded_email="" classified_error=""
2026/10/01 05:09:15 INFO graph mutation audit component=cs-api request_id=b004d260-4d12-4c52-ab30-0bf09c70d462 trace_id=b2f3d16bc1865accf03615c343313592 operation=ingestTriples entity_id=c360.semconnect.systems.csapi.system.parent commit_state=verified kv_revision=1 identity_subject="" identity_verified=false forwarded_user="" forwarded_email="" classified_error=""
2026/10/01 05:09:15 INFO graph mutation audit component=cs-api request_id=91f1c4e1-8651-4e5f-88be-18085fef8bff trace_id=54f1aa1057f4c0c77179bc9efcadc0aa operation=ingestTriples entity_id=c360.semconnect.systems.csapi.system.d0260fff-b539-4a4f-aa43-40aad8388d59 commit_state=verified kv_revision=1 identity_subject="" identity_verified=false forwarded_user="" forwarded_email="" classified_error=""
2026/10/01 05:09:15 WARN graph mutation audit component=cs-api request_id=bc22beb4-cbf6-4b57-bfbf-ca22f570c177 trace_id=4f9ec07cc5b674d2a2f4f4a4849f8ade operation=ingestTriples entity_id=c360.semconnect.systems.csapi.system.x commit_state=unknown kv_revision=0 identity_subject="" identity_verified=false forwarded_user="" forwarded_email="" classified_error="cs-api.ingestTriples: graph mutation commit outcome unknown failed: graph mutation commit outcome unknown (correlation bc22beb4-cbf6-4b57-bfbf-ca22f570c177): context deadline exceeded"
2026/10/01 05:09:15 WARN backend error component=cs-api err="cs-api.ingestTriples: graph mutation commit outcome unknown failed: graph mutation commit outcome unknown (correlation bc22beb4-cbf6-4b57-bfbf-ca22f570c177): context deadline exceeded" status=503
2026/10/01 05:09:15 WARN graph mutation audit component=cs-api request_id=fe13290f-b93b-419a-b396-545135443d18 trace_id=782a19be2d897f10ee95617b62f9e6ee operation=ingestTriples entity_id=c360.semconnect.systems.csapi.system.bad commit_state=not-committed kv_revision=0 identity_subject="" identity_verified=false forwarded_user="" forwarded_email="" classified_error="cs-api.ingestTriples: graph rejected entity mutation failed: entity ID rejected: pattern mismatch"
2026/10/01 05:09:15 WARN backend error component=cs-api err="cs-api.ingestTriples: graph rejected entity mutation failed: entity ID rejected: pattern mismatch" status=400
2026/10/01 05:09:15 WARN graph mutation audit component=cs-api request_id=e28778b1-f990-45df-ad72-361dd32507e2 trace_id=b1499333b264d1522c6d0df954d6005c operation=ingestTriples entity_id=c360.semconnect.systems.csapi.system.internal commit_state=not-committed kv_revision=0 identity_subject="" identity_verified=false forwarded_user="" forwarded_email="" classified_error="cs-api.ingestTriples: graph backend mutation failed failed: backend invariant failed"
2026/10/01 05:09:15 WARN backend error component=cs-api err="cs-api.ingestTriples: graph backend mutation failed failed: backend invariant failed" status=500
2026/10/01 05:09:15 INFO graph mutation audit component=cs-api request_id=714551f1-48a9-4309-9e0b-49ff2816ee02 trace_id=0aaa6ff6b31e3f4d6b682c6dafdd118f operation=ingestTriples entity_id=c360.semconnect.systems.csapi.system.audit commit_state=verified kv_revision=1 identity_subject="" identity_verified=false forwarded_user=alice@example.org forwarded_email=alice@example.org classified_error=""
2026/10/01 05:09:15 INFO graph mutation audit component=cs-api request_id=eeb50ce6-ed6c-46d6-acd5-d3075738be26 trace_id=1ce2805448e0dad2d5797652848d7af7 operation=ingestTriples entity_id=c360.semconnect.systems.csapi.system.x commit_state=verified kv_revision=1 identity_subject="" identity_verified=false forwarded_user="" forwarded_email="" classified_error=""
2026/10/01 05:09:15 WARN graph mutation audit component=cs-api request_id=2c651a38-b38e-4f7e-b46c-1206b3ac6e5f trace_id=4733af7246de4a42fe78bd6048839d23 operation=ingestTriples entity_id=c360.semconnect.systems.csapi.system.precas commit_state=not-committed kv_revision=0 identity_subject="" identity_verified=false forwarded_user="" forwarded_email="" classified_error="cs-api: entity already exists: entity already exists: c360.semconnect.systems.csapi.system.precas"
2026/10/01 05:09:15 WARN backend error component=cs-api err="cs-api: entity already exists: entity already exists: c360.semconnect.systems.csapi.system.precas" status=409
2026/10/01 05:09:15 WARN backend error component=cs-api err="cs-api.listSystemEntities: graph backend unavailable failed: nats: no responders available for request" status=503
2026/10/01 05:09:15 WARN batch entity fetch for SystemCollection missed entity; degrading to id-only item component=cs-api entity=acme.ops.robotics.gcs.drone.001
2026/10/01 05:09:15 WARN backend error component=cs-api err="cs-api.listSystemEntities: predicate query failed: test.Request: boom failed: nats timeout" status=503
2026/10/01 05:09:15 WARN backend error component=cs-api err="cs-api.listSystemEntities: predicate query failed: test.Request: boom failed: bad body" status=400
2026/10/01 05:09:15 WARN backend error component=cs-api err="cs-api.listSystemEntities: predicate query failed: unexpected" status=500
2026/10/01 05:09:15 WARN backend error component=cs-api err="cs-api.listSystemEntities: predicate query failed: internal error" status=503
2026/10/01 05:09:15 WARN backend error component=cs-api err="cs-api: entity not found: not found: acme.ops.robotics.gcs.drone.999" status=404
2026/10/01 05:09:15 INFO entity not a system kind component=cs-api id=acme.ops.robotics.gcs.system.x
2026/10/01 05:09:15 INFO entity not a system kind component=cs-api id=acme.ops.robotics.gcs.system.x
2026/10/01 05:09:15 INFO entity not a system kind component=cs-api id=acme.ops.robotics.gcs.system.x
2026/10/01 05:09:15 INFO entity not a system kind component=cs-api id=acme.ops.robotics.gcs.system.y
2026/10/01 05:09:15 INFO entity not a system kind component=cs-api id=acme.ops.robotics.gcs.system.y
2026/10/01 05:09:15 INFO entity not a system kind component=cs-api id=acme.ops.robotics.gcs.system.y
2026/10/01 05:09:15 WARN backend error component=cs-api err="cs-api.fetchEntity: graph backend unavailable failed: nats: no responders available for request" status=503
2026/10/01 05:09:15 INFO graph mutation audit component=cs-api request_id=06840dca-e468-45d6-923a-ee1d28f1ece8 trace_id=245f4c23314d4f809fa14889c7e4394c operation=ingestTriples entity_id=c360.semconnect.systems.csapi.system.42 commit_state=verified kv_revision=1 identity_subject="" identity_verified=false forwarded_user="" forwarded_email="" classified_error=""
FAIL
coverage: 74.3% of statements
FAIL	github.com/c360studio/semconnect/gateway/cs-api	3.117s
FAIL
