 Container semconnect-03a-target-r3-persistence-semconnect-1 Stopping 
 Container semconnect-03a-target-r3-persistence-semconnect-1 Stopped 
 Container semconnect-03a-target-r3-persistence-semconnect-1 Removing 
 Container semconnect-03a-target-r3-persistence-semconnect-1 Removed 
 Container semconnect-03a-target-r3-persistence-semstreams-1 Stopping 
 Container semconnect-03a-target-r3-persistence-semstreams-1 Stopped 
 Container semconnect-03a-target-r3-persistence-semstreams-1 Removing 
 Container semconnect-03a-target-r3-persistence-semstreams-1 Removed 
 Container semconnect-03a-target-r3-persistence-provision-identity-1 Stopping 
 Container semconnect-03a-target-r3-persistence-provision-identity-1 Stopped 
 Container semconnect-03a-target-r3-persistence-provision-identity-1 Removing 
 Container semconnect-03a-target-r3-persistence-provision-identity-1 Removed 
 Container semconnect-03a-target-r3-persistence-nats-1 Stopping 
 Container semconnect-03a-target-r3-persistence-nats-1 Stopped 
 Container semconnect-03a-target-r3-persistence-nats-1 Removing 
 Container semconnect-03a-target-r3-persistence-nats-1 Removed 
 Network semconnect-03a-target-r3-persistence_backend Removing 
 Network semconnect-03a-target-r3-persistence_public Removing 
 Network semconnect-03a-target-r3-persistence_backend Removed 
 Network semconnect-03a-target-r3-persistence_public Removed 
