semstreams-backend-1  | {"time":"2026-10-01T09:55:09.991389256Z","level":"INFO","msg":"Connecting to NATS","urls":"nats://nats:4222"}
semstreams-backend-1  | {"time":"2026-10-01T09:55:09.992457589Z","level":"INFO","msg":"Successfully connected to NATS","urls":"nats://nats:4222"}
semstreams-backend-1  | {"time":"2026-10-01T09:55:09.993497006Z","level":"INFO","msg":"Using existing KV bucket","bucket":"semstreams_config_c360_semconnect"}
semstreams-backend-1  | {"time":"2026-10-01T09:55:09.995081631Z","level":"INFO","msg":"Adopted platform identity","org":"c360","stem":"semconnect","platform":"semconnect"}
semstreams-backend-1  | {"time":"2026-10-01T09:55:09.995270464Z","level":"INFO","msg":"First boot detected, pushing config to KV"}
semstreams-backend-1  | {"time":"2026-10-01T09:55:09.998316631Z","level":"INFO","msg":"Created JetStream stream","stream":"FLOWS","subjects":["flows.>"],"storage":"memory","source":"framework constant (config/streams.go)","max_age":300000000000,"max_bytes":10485760,"discard":"DiscardOld","duplicates":0}
semstreams-backend-1  | {"time":"2026-10-01T09:55:09.998830506Z","level":"INFO","msg":"Created JetStream stream","stream":"GOVERNANCE_VERDICT_AUDIT","subjects":["governance.verdict.>"],"storage":"file","source":"framework constant (config/streams.go)","max_age":7776000000000000,"max_bytes":524288000,"discard":"DiscardOld","duplicates":0}
semstreams-backend-1  | {"time":"2026-10-01T09:55:09.999104297Z","level":"INFO","msg":"Created JetStream stream","stream":"HEALTH","subjects":["health.>"],"storage":"memory","source":"framework constant (config/streams.go)","max_age":300000000000,"max_bytes":10485760,"discard":"DiscardOld","duplicates":0}
semstreams-backend-1  | {"time":"2026-10-01T09:55:09.999534089Z","level":"INFO","msg":"Created JetStream stream","stream":"LOGS","subjects":["logs.>"],"storage":"file","source":"framework constant (config/streams.go)","max_age":3600000000000,"max_bytes":104857600,"discard":"DiscardOld","duplicates":0}
semstreams-backend-1  | {"time":"2026-10-01T09:55:09.999967547Z","level":"INFO","msg":"Created JetStream stream","stream":"MAX_DELIVERY_EVENTS","subjects":["$JS.EVENT.ADVISORY.CONSUMER.MAX_DELIVERIES.>"],"storage":"file","source":"framework constant (config/streams.go)","max_age":604800000000000,"max_bytes":67108864,"discard":"DiscardOld","duplicates":0}
semstreams-backend-1  | {"time":"2026-10-01T09:55:10.000460047Z","level":"INFO","msg":"Created JetStream stream","stream":"METRICS","subjects":["metrics.>"],"storage":"memory","source":"framework constant (config/streams.go)","max_age":300000000000,"max_bytes":52428800,"discard":"DiscardOld","duplicates":0}
semstreams-backend-1  | {"time":"2026-10-01T09:55:10.000545922Z","level":"INFO","msg":"Ensured JetStream streams","count":6,"migration_overrides":0,"archival":0}
semstreams-backend-1  | {"time":"2026-10-01T09:55:10.002599547Z","level":"INFO","msg":"component initialized","component":"graph-index-spatial","component":"graph-index-spatial"}
semstreams-backend-1  | {"time":"2026-10-01T09:55:10.002683881Z","level":"INFO","msg":"component initialized","component":"graph-index-temporal","component":"graph-index-temporal"}
semstreams-backend-1  | {"time":"2026-10-01T09:55:10.002833672Z","level":"INFO","msg":"component initialized","component":"graph-ingest","component":"graph-ingest"}
semstreams-backend-1  | {"time":"2026-10-01T09:55:10.002931839Z","level":"INFO","msg":"graph-query coordinator initialized","component":"graph-query"}
semstreams-backend-1  | {"time":"2026-10-01T09:55:10.003097172Z","level":"INFO","msg":"component initialized","component":"graph-index","component":"graph-index"}
semstreams-backend-1  | {"time":"2026-10-01T09:55:10.003175964Z","level":"WARN","msg":"composition finding","type":"disconnected_node","component":"graph-query","port":"","message":"component has no connections"}
semstreams-backend-1  | {"time":"2026-10-01T09:55:10.003181714Z","level":"WARN","msg":"composition finding","type":"orphaned_port","component":"graph-index","port":"alias_index","message":"output port 'alias_index' (watch): optional_index_unwatched"}
semstreams-backend-1  | {"time":"2026-10-01T09:55:10.003183214Z","level":"WARN","msg":"composition finding","type":"orphaned_port","component":"graph-index","port":"incoming_index","message":"output port 'incoming_index' (watch): optional_index_unwatched"}
semstreams-backend-1  | {"time":"2026-10-01T09:55:10.003184422Z","level":"WARN","msg":"composition finding","type":"orphaned_port","component":"graph-index","port":"outgoing_index","message":"output port 'outgoing_index' (watch): optional_index_unwatched"}
semstreams-backend-1  | {"time":"2026-10-01T09:55:10.003185589Z","level":"WARN","msg":"composition finding","type":"orphaned_port","component":"graph-index","port":"predicate_index","message":"output port 'predicate_index' (watch): optional_index_unwatched"}
semstreams-backend-1  | {"time":"2026-10-01T09:55:10.003186756Z","level":"WARN","msg":"composition finding","type":"orphaned_port","component":"graph-index-spatial","port":"spatial_index","message":"output port 'spatial_index' (watch): optional_index_unwatched"}
semstreams-backend-1  | {"time":"2026-10-01T09:55:10.003188089Z","level":"WARN","msg":"composition finding","type":"orphaned_port","component":"graph-index-temporal","port":"temporal_index","message":"output port 'temporal_index' (watch): optional_index_unwatched"}
semstreams-backend-1  | {"time":"2026-10-01T09:55:10.003189381Z","level":"WARN","msg":"composition finding","type":"orphaned_port","component":"graph-ingest","port":"graph_mutations","message":"input port 'graph_mutations' (request): optional_api_unused"}
semstreams-backend-1  | {"time":"2026-10-01T09:55:10.003190589Z","level":"WARN","msg":"composition finding","type":"orphaned_port","component":"graph-query","port":"graph_queries","message":"input port 'graph_queries' (request): optional_api_unused"}
semstreams-backend-1  | {"time":"2026-10-01T09:55:10.003192297Z","level":"INFO","msg":"composition validated at boot","status":"warnings","errors":0,"warnings":9,"components":5,"edges":3}
semstreams-backend-1  | {"time":"2026-10-01T09:55:10.006383881Z","level":"INFO","msg":"Created new KV bucket","bucket":"TEMPORAL_INDEX"}
semstreams-backend-1  | {"time":"2026-10-01T09:55:10.008189714Z","level":"INFO","msg":"Created new KV bucket","bucket":"SPATIAL_INDEX"}
semstreams-backend-1  | {"time":"2026-10-01T09:55:10.008224422Z","level":"INFO","msg":"Created new KV bucket","bucket":"OUTGOING_INDEX"}
semstreams-backend-1  | {"time":"2026-10-01T09:55:10.008254047Z","level":"INFO","msg":"Created new KV bucket","bucket":"ENTITY_STATES"}
semstreams-backend-1  | {"time":"2026-10-01T09:55:10.009262714Z","level":"INFO","msg":"query handlers registered","component":"graph-index-spatial","subjects":["graph.spatial.query.bounds","graph.spatial.query.polygon"]}
semstreams-backend-1  | {"time":"2026-10-01T09:55:10.009554631Z","level":"INFO","msg":"resource available","component":"graph-index-spatial","resource":"ENTITY_STATES","attempt":1}
semstreams-backend-1  | {"time":"2026-10-01T09:55:10.009691047Z","level":"INFO","msg":"Created new KV bucket","bucket":"TEMPORAL_INDEX_REVERSE"}
semstreams-backend-1  | {"time":"2026-10-01T09:55:10.010470381Z","level":"INFO","msg":"component started","component":"graph-index-spatial","component":"graph-index-spatial","start_time":"2026-10-01T09:55:10.010466422Z","geohash_precision":6,"workers":1,"batch_size":50}
semstreams-backend-1  | {"time":"2026-10-01T09:55:10.010876131Z","level":"INFO","msg":"Created new KV bucket","bucket":"INCOMING_INDEX"}
semstreams-backend-1  | {"time":"2026-10-01T09:55:10.011010964Z","level":"INFO","msg":"entity watcher started","component":"graph-index-spatial","bucket":"ENTITY_STATES"}
semstreams-backend-1  | {"time":"2026-10-01T09:55:10.011847256Z","level":"INFO","msg":"Created new KV bucket","bucket":"ENTITY_SUFFIX_INDEX"}
semstreams-backend-1  | {"time":"2026-10-01T09:55:10.012106131Z","level":"INFO","msg":"query handlers registered","component":"graph-index-temporal","subjects":["graph.temporal.query.range"]}
semstreams-backend-1  | {"time":"2026-10-01T09:55:10.012247256Z","level":"INFO","msg":"resource available","component":"graph-index-temporal","resource":"ENTITY_STATES","attempt":1}
semstreams-backend-1  | {"time":"2026-10-01T09:55:10.012348047Z","level":"INFO","msg":"component started","component":"graph-index-temporal","component":"graph-index-temporal","start_time":"2026-10-01T09:55:10.012345422Z","time_resolution":"hour","workers":1}
semstreams-backend-1  | {"time":"2026-10-01T09:55:10.012600547Z","level":"INFO","msg":"entity watcher started","component":"graph-index-temporal","bucket":"ENTITY_STATES"}
semstreams-backend-1  | {"time":"2026-10-01T09:55:10.013432381Z","level":"INFO","msg":"Created new KV bucket","bucket":"ALIAS_INDEX"}
semstreams-backend-1  | {"time":"2026-10-01T09:55:10.013782006Z","level":"INFO","msg":"Created new KV bucket","bucket":"GRAPH_INGEST_APPLIED_SEQ"}
semstreams-backend-1  | {"time":"2026-10-01T09:55:10.015019047Z","level":"INFO","msg":"Created new KV bucket","bucket":"PREDICATE_INDEX"}
semstreams-backend-1  | {"time":"2026-10-01T09:55:10.015760881Z","level":"INFO","msg":"query handlers registered","component":"graph-query","subjects":["graph.query.entity","graph.query.entityByAlias","graph.query.batch","graph.query.relationships","graph.query.pathSearch","graph.query.hierarchyStats","graph.query.prefix","graph.query.spatial","graph.query.temporal","graph.query.semantic","graph.query.similar","graph.query.globalSearch","graph.query.summary","graph.query.searchGraph","graph.query.byName","graph.query.localSearch"]}
semstreams-backend-1  | {"time":"2026-10-01T09:55:10.015831214Z","level":"INFO","msg":"graph-query coordinator started","component":"graph-query"}
semstreams-backend-1  | {"time":"2026-10-01T09:55:10.016145589Z","level":"WARN","msg":"COMMUNITY_SUMMARIES unavailable; using statistical summaries","component":"graph-query","error":"framework bucket \"COMMUNITY_SUMMARIES\" is not ready: its owner (graph-clustering) has not provisioned it in this deployment","retry_interval":5000000000}
semstreams-backend-1  | {"time":"2026-10-01T09:55:10.016225714Z","level":"WARN","msg":"community generation unavailable; retrying","component":"graph-query","generation":1,"error":"framework bucket \"COMMUNITY_INDEX\" is not ready: its owner (graph-clustering) has not provisioned it in this deployment","retry_interval":5000000000}
semstreams-backend-1  | {"time":"2026-10-01T09:55:10.016906256Z","level":"INFO","msg":"Created new KV bucket","bucket":"GRAPH_STATUS"}
semstreams-backend-1  | {"time":"2026-10-01T09:55:10.017138464Z","level":"INFO","msg":"Created new KV bucket","bucket":"NAME_INDEX"}
semstreams-backend-1  | {"time":"2026-10-01T09:55:10.018589506Z","level":"INFO","msg":"query handlers registered","component":"graph-ingest","subjects":["graph.ingest.query.entity","graph.ingest.query.batch","graph.ingest.query.prefix","graph.ingest.query.suffix"]}
semstreams-backend-1  | {"time":"2026-10-01T09:55:10.018736756Z","level":"INFO","msg":"mutation handlers registered","component":"graph-ingest","subjects":["graph.mutation.entity.create","graph.mutation.entity.reconcile","graph.mutation.triple.append","graph.mutation.entity.delete"]}
semstreams-backend-1  | {"time":"2026-10-01T09:55:10.018747464Z","level":"INFO","msg":"component started","component":"graph-ingest","component":"graph-ingest","start_time":"2026-10-01T09:55:10.018746172Z"}
semstreams-backend-1  | {"time":"2026-10-01T09:55:10.019265714Z","level":"INFO","msg":"Using existing KV bucket","bucket":"GRAPH_STATUS"}
semstreams-backend-1  | {"time":"2026-10-01T09:55:10.020045381Z","level":"INFO","msg":"resource available","component":"graph-index","resource":"ENTITY_STATES","attempt":1}
semstreams-backend-1  | {"time":"2026-10-01T09:55:10.020455631Z","level":"INFO","msg":"query handlers registered","component":"graph-index","subjects":["graph.index.query.outgoing","graph.index.query.incoming","graph.index.query.alias","graph.index.query.predicate","graph.index.query.predicateList","graph.index.query.predicateStats","graph.index.query.predicateCompound","graph.index.query.byName"]}
semstreams-backend-1  | {"time":"2026-10-01T09:55:10.020509589Z","level":"INFO","msg":"component started","component":"graph-index","component":"graph-index","start_time":"2026-10-01T09:55:10.020507547Z"}
semstreams-backend-1  | 2026/10/01 09:55:10 INFO Heartbeat service started source=heartbeat interval=30s
semstreams-backend-1  | 2026/10/01 09:55:10 INFO Metrics service started successfully url=http://localhost:9090/metrics
semstreams-backend-1  | {"time":"2026-10-01T09:55:10.020578422Z","level":"INFO","msg":"ComponentManager HTTP handlers registered","prefix":"/components/"}
semstreams-backend-1  | 2026/10/01 09:55:10 INFO Manager HTTP server started service=service-manager-registry port=8090
semstreams-backend-1  | 2026/10/01 09:55:10 INFO Manager.StartAll: All services started service=service-manager-registry count=3
semstreams-backend-1  | {"time":"2026-10-01T09:55:10.020618214Z","level":"INFO","msg":"SemConnect graph backend ready","org":"c360","platform":"semconnect"}
semstreams-backend-1  | {"time":"2026-10-01T09:55:10.020892547Z","level":"INFO","msg":"entity watcher started","component":"graph-index","bucket":"ENTITY_STATES"}
semstreams-backend-1  | {"time":"2026-10-01T09:55:15.016664675Z","level":"WARN","msg":"COMMUNITY_SUMMARIES unavailable; using statistical summaries","component":"graph-query","error":"framework bucket \"COMMUNITY_SUMMARIES\" is not ready: its owner (graph-clustering) has not provisioned it in this deployment","retry_interval":5000000000}
semstreams-backend-1  | {"time":"2026-10-01T09:55:15.016668758Z","level":"WARN","msg":"community generation unavailable; retrying","component":"graph-query","generation":2,"error":"framework bucket \"COMMUNITY_INDEX\" is not ready: its owner (graph-clustering) has not provisioned it in this deployment","retry_interval":5000000000}
semstreams-backend-1  | {"time":"2026-10-01T09:55:20.017813677Z","level":"WARN","msg":"COMMUNITY_SUMMARIES unavailable; using statistical summaries","component":"graph-query","error":"framework bucket \"COMMUNITY_SUMMARIES\" is not ready: its owner (graph-clustering) has not provisioned it in this deployment","retry_interval":5000000000}
semstreams-backend-1  | {"time":"2026-10-01T09:55:20.017888219Z","level":"WARN","msg":"community generation unavailable; retrying","component":"graph-query","generation":3,"error":"framework bucket \"COMMUNITY_INDEX\" is not ready: its owner (graph-clustering) has not provisioned it in this deployment","retry_interval":5000000000}
semstreams-backend-1  | {"time":"2026-10-01T09:55:25.019445346Z","level":"WARN","msg":"community generation unavailable; retrying","component":"graph-query","generation":4,"error":"framework bucket \"COMMUNITY_INDEX\" is not ready: its owner (graph-clustering) has not provisioned it in this deployment","retry_interval":5000000000}
semstreams-backend-1  | {"time":"2026-10-01T09:55:25.019445429Z","level":"WARN","msg":"COMMUNITY_SUMMARIES unavailable; using statistical summaries","component":"graph-query","error":"framework bucket \"COMMUNITY_SUMMARIES\" is not ready: its owner (graph-clustering) has not provisioned it in this deployment","retry_interval":5000000000}
semstreams-backend-1  | {"time":"2026-10-01T09:55:30.020618334Z","level":"WARN","msg":"COMMUNITY_SUMMARIES unavailable; using statistical summaries","component":"graph-query","error":"framework bucket \"COMMUNITY_SUMMARIES\" is not ready: its owner (graph-clustering) has not provisioned it in this deployment","retry_interval":5000000000}
semstreams-backend-1  | {"time":"2026-10-01T09:55:30.020639626Z","level":"WARN","msg":"community generation unavailable; retrying","component":"graph-query","generation":5,"error":"framework bucket \"COMMUNITY_INDEX\" is not ready: its owner (graph-clustering) has not provisioned it in this deployment","retry_interval":5000000000}
semstreams-backend-1  | {"time":"2026-10-01T09:55:35.023058503Z","level":"WARN","msg":"community generation unavailable; retrying","component":"graph-query","generation":6,"error":"framework bucket \"COMMUNITY_INDEX\" is not ready: its owner (graph-clustering) has not provisioned it in this deployment","retry_interval":5000000000}
semstreams-backend-1  | {"time":"2026-10-01T09:55:35.023066628Z","level":"WARN","msg":"COMMUNITY_SUMMARIES unavailable; using statistical summaries","component":"graph-query","error":"framework bucket \"COMMUNITY_SUMMARIES\" is not ready: its owner (graph-clustering) has not provisioned it in this deployment","retry_interval":5000000000}
