ok  	github.com/c360studio/semconnect/cmd/cs-api-server	1.368s
ok  	github.com/c360studio/semconnect/cmd/cs-graph-backend	2.000s
ok  	github.com/c360studio/semconnect/conformance	2.300s
ok  	github.com/c360studio/semconnect/conformance/cmd/index-readiness	2.583s
ok  	github.com/c360studio/semconnect/deploy	2.810s
ok  	github.com/c360studio/semconnect/deploy/probe	2.276s
2026/10/01 05:10:49 INFO Connecting to NATS urls=nats://localhost:55003
2026/10/01 05:10:49 INFO Successfully connected to NATS urls=nats://localhost:55003
2026/10/01 05:10:49 INFO validated cs-api projection contracts component=cs-api count=11
2026/10/01 05:10:49 INFO component initialized component=graph-ingest component=graph-ingest
2026/10/01 05:10:49 INFO Created new KV bucket bucket=ENTITY_STATES
2026/10/01 05:10:49 INFO Created new KV bucket bucket=ENTITY_SUFFIX_INDEX
2026/10/01 05:10:49 INFO Created new KV bucket bucket=GRAPH_INGEST_APPLIED_SEQ
2026/10/01 05:10:49 INFO Created new KV bucket bucket=GRAPH_STATUS
2026/10/01 05:10:49 INFO query handlers registered component=graph-ingest subjects="[graph.ingest.query.entity graph.ingest.query.batch graph.ingest.query.prefix graph.ingest.query.suffix]"
2026/10/01 05:10:49 INFO mutation handlers registered component=graph-ingest subjects="[graph.mutation.entity.create graph.mutation.entity.reconcile graph.mutation.triple.append graph.mutation.entity.delete]"
2026/10/01 05:10:49 INFO component started component=graph-ingest component=graph-ingest start_time=2026-10-01T05:10:49.273-05:00
2026/10/01 05:10:49 INFO graph mutation audit component=cs-api request_id=8a264e92-b3f6-45b3-bdfc-01d488ad4f14 trace_id=c57b3bdb9e9ff5132e0ac201c9af4c02 operation=ingestTriples entity_id=c360.semconnect.systems.csapi.system.hosted-platform-bake-01 commit_state=verified kv_revision=1 identity_subject=integration identity_verified=true forwarded_user="" forwarded_email="" classified_error=""
2026/10/01 05:10:49 WARN graph mutation rejected component=graph-ingest subject=graph.mutation.entity.create reason=entity_already_exists error="entity already exists: c360.semconnect.systems.csapi.system.hosted-platform-bake-01"
2026/10/01 05:10:49 WARN graph mutation audit component=cs-api request_id=8570f703-44f3-41c6-b353-74a3628192d6 trace_id=921c02d2bbc4a75dd9b98cdfc82dfb57 operation=ingestTriples entity_id=c360.semconnect.systems.csapi.system.hosted-platform-bake-01 commit_state=not-committed kv_revision=0 identity_subject=integration identity_verified=true forwarded_user="" forwarded_email="" classified_error="cs-api: entity already exists: entity already exists: c360.semconnect.systems.csapi.system.hosted-platform-bake-01"
2026/10/01 05:10:49 INFO graph mutation audit component=cs-api request_id=53ab7b5f-d522-446d-a517-26fc9d640bf3 trace_id=b5baae6b9a109a6faa3d2302306c2202 operation=integrationReconcile entity_id=c360.semconnect.systems.csapi.system.hosted-platform-bake-01 commit_state=verified kv_revision=2 identity_subject=integration identity_verified=true forwarded_user="" forwarded_email="" classified_error=""
2026/10/01 05:10:49 WARN graph mutation rejected component=graph-ingest subject=graph.mutation.entity.reconcile reason=revision_mismatch error="revision mismatch: expected 1, current 2"
2026/10/01 05:10:49 WARN graph mutation revision mismatch component=graph-ingest operation=entity.reconcile entity_id=c360.semconnect.systems.csapi.system.hosted-platform-bake-01 expected_revision=1
2026/10/01 05:10:49 WARN graph mutation audit component=cs-api request_id=9a512ca3-ac80-44fc-88c9-9b6b90aaaa83 trace_id=e003b621701d07ccab5bddfb4bc5c14f operation=integrationStaleReconcile entity_id=c360.semconnect.systems.csapi.system.hosted-platform-bake-01 commit_state=not-committed kv_revision=1 identity_subject=integration identity_verified=true forwarded_user="" forwarded_email="" classified_error="cs-api: entity already exists: revision mismatch: expected 1, current 2"
2026/10/01 05:10:49 INFO graph mutation audit component=cs-api request_id=c873129a-4de4-4f59-8c99-b4aa02ae8edc trace_id=4dd2c401fad28a34ff32b8b8c01bc722 operation=deleteEntity entity_id=c360.semconnect.systems.csapi.system.hosted-platform-bake-01 commit_state=verified kv_revision=2 identity_subject=integration identity_verified=true forwarded_user="" forwarded_email="" classified_error=""
2026/10/01 05:10:49 INFO component stopped gracefully component=graph-ingest component=graph-ingest
2026/10/01 05:10:49 INFO Connecting to NATS urls=nats://127.0.0.1:55783
2026/10/01 05:10:49 INFO Successfully connected to NATS urls=nats://127.0.0.1:55783
2026/10/01 05:10:49 INFO initialized component=cs-api
2026/10/01 05:10:49 INFO validated cs-api projection contracts component=cs-api count=11
2026/10/01 05:10:49 INFO started component=cs-api standalone=true
2026/10/01 05:10:49 INFO HTTP server listening component=cs-api bind=127.0.0.1:55786
2026/10/01 05:10:49 INFO stopped component=cs-api
2026/10/01 05:10:49 INFO Connecting to NATS urls=nats://127.0.0.1:55788
2026/10/01 05:10:49 INFO Successfully connected to NATS urls=nats://127.0.0.1:55788
2026/10/01 05:10:49 INFO initialized component=cs-api
2026/10/01 05:10:49 INFO validated cs-api projection contracts component=cs-api count=11
2026/10/01 05:10:49 INFO started component=cs-api standalone=true
2026/10/01 05:10:49 INFO HTTP server listening component=cs-api bind=127.0.0.1:55790
2026/10/01 05:10:49 INFO stopped component=cs-api
2026/10/01 05:10:49 INFO Connecting to NATS urls=nats://127.0.0.1:55792
2026/10/01 05:10:49 INFO Successfully connected to NATS urls=nats://127.0.0.1:55792
2026/10/01 05:10:49 INFO initialized component=cs-api
2026/10/01 05:10:49 INFO validated cs-api projection contracts component=cs-api count=11
2026/10/01 05:10:49 INFO started component=cs-api standalone=true
2026/10/01 05:10:49 INFO HTTP server listening component=cs-api bind=127.0.0.1:55794
2026/10/01 05:10:49 INFO Connecting to NATS urls=nats://127.0.0.1:55796
2026/10/01 05:10:49 INFO Successfully connected to NATS urls=nats://127.0.0.1:55796
2026/10/01 05:10:49 INFO initialized component=cs-api
2026/10/01 05:10:49 INFO validated cs-api projection contracts component=cs-api count=11
2026/10/01 05:10:49 INFO started component=cs-api standalone=true
2026/10/01 05:10:49 INFO HTTP server listening component=cs-api bind=127.0.0.1:55798
2026/10/01 05:10:49 INFO initialized component=cs-api
2026/10/01 05:10:49 INFO validated cs-api projection contracts component=cs-api count=11
2026/10/01 05:10:49 INFO stopped component=cs-api
2026/10/01 05:10:49 INFO graph mutation audit component=cs-api request_id=481ad38d-ade2-4971-b81a-8eec4361deef trace_id=5a38cfe543b4b2377ae51b0c79ec9f7a operation=ingestTriples entity_id=c360.semconnect.systems.csapi.command.ptz001 commit_state=verified kv_revision=1 identity_subject="" identity_verified=false forwarded_user="" forwarded_email="" classified_error=""
2026/10/01 05:10:49 INFO graph mutation audit component=cs-api request_id=669e5ff1-bcd1-405e-9139-0d02431b68de trace_id=44c3d8806849ca7da61f01e8f5cf7325 operation=createSchemaArtifact entity_id=c360.semconnect.systems.csapi.schema.sha256-7821e9a812d30beec490c8b83bf5567a285f48f24e04e660607fab00cab0d368 commit_state=verified kv_revision=1 identity_subject="" identity_verified=false forwarded_user="" forwarded_email="" classified_error=""
2026/10/01 05:10:49 INFO graph mutation audit component=cs-api request_id=ef852d93-e159-43d2-8936-e856b421deb2 trace_id=33ec2fdf864254eae4c4d522291e5ca5 operation=ingestTriples entity_id=c360.semconnect.systems.csapi.controlstream.PTZ_Control-ptz commit_state=verified kv_revision=1 identity_subject="" identity_verified=false forwarded_user="" forwarded_email="" classified_error=""
2026/10/01 05:10:49 INFO graph mutation audit component=cs-api request_id=0e25b16d-8a49-425d-a32f-fc9ac49e5789 trace_id=8484ccb416ec280396edc5e896c48589 operation=replaceEntityTriples entity_id=acme.ops.weather.station.flow.alpha commit_state=verified kv_revision=8 identity_subject="" identity_verified=false forwarded_user="" forwarded_email="" classified_error=""
2026/10/01 05:10:49 INFO graph mutation audit component=cs-api request_id=2bbdb808-4bfd-4ab0-b215-94e4c316ddb7 trace_id=e09671fcd62b2f77b8bd37443fb7cc4f operation=replaceEntityTriples entity_id=acme.ops.weather.station.flow.alpha commit_state=verified kv_revision=8 identity_subject="" identity_verified=false forwarded_user="" forwarded_email="" classified_error=""
2026/10/01 05:10:49 WARN graph mutation audit component=cs-api request_id=dc0d8a24-e757-4ff2-9be5-5f8357921cd6 trace_id=cd66715426388b347b9ee00d7c306b23 operation=replaceEntityTriples entity_id=acme.ops.weather.station.flow.alpha commit_state=not-committed kv_revision=7 identity_subject="" identity_verified=false forwarded_user="" forwarded_email="" classified_error="cs-api.replaceEntityTriples: graph mutation unavailable failed: nats: no responders available for request"
2026/10/01 05:10:49 WARN backend error component=cs-api err="cs-api.replaceEntityTriples: graph mutation unavailable failed: nats: no responders available for request" status=503
2026/10/01 05:10:49 INFO graph mutation audit component=cs-api request_id=b3101061-fc30-4bd5-8747-c33dbdb01761 trace_id=8374b535c9a05e1032a02332a7577d32 operation=deleteEntity entity_id=acme.ops.weather.station.flow.alpha commit_state=verified kv_revision=7 identity_subject="" identity_verified=false forwarded_user="" forwarded_email="" classified_error=""
2026/10/01 05:10:49 INFO graph mutation audit component=cs-api request_id=89e660c2-5a46-49ac-80f5-1e6f1fe1e8aa trace_id=a401c53cca659813e4eb796cc38c891a operation=deleteEntity entity_id=acme.ops.weather.station.flow.alpha commit_state=verified kv_revision=7 identity_subject="" identity_verified=false forwarded_user="" forwarded_email="" classified_error=""
2026/10/01 05:10:49 WARN backend error component=cs-api err="cs-api.handleDatastreamDelete: purge observations failed: nats: no responders available for request" status=503
2026/10/01 05:10:49 INFO graph mutation audit component=cs-api request_id=32acc179-8ceb-4a97-99cc-e91b58a9821b trace_id=ee87ec34949cde455fc07c4d2cd33cf9 operation=deleteEntity entity_id=acme.ops.weather.station.flow.alpha commit_state=verified kv_revision=7 identity_subject="" identity_verified=false forwarded_user=alice forwarded_email="" classified_error=""
2026/10/01 05:10:49 INFO graph mutation audit component=cs-api request_id=0bb46525-a424-49c8-b43c-13f4595da0b7 trace_id=93ad20ec6c00dad9dc6a306371d4bdc1 operation=createSchemaArtifact entity_id=c360.semconnect.systems.csapi.schema.sha256-f11974ada89c6fc6b1de03454ab821aa2afacf11b9140d3c028e02869be10e27 commit_state=verified kv_revision=8 identity_subject="" identity_verified=false forwarded_user="" forwarded_email="" classified_error=""
2026/10/01 05:10:49 INFO graph mutation audit component=cs-api request_id=27261271-b458-4d06-8706-f338e5320568 trace_id=d5eacc374085b8ae8396571e7af2b79f operation=replaceEntityTriples entity_id=acme.ops.weather.station.flow.alpha commit_state=verified kv_revision=8 identity_subject="" identity_verified=false forwarded_user="" forwarded_email="" classified_error=""
2026/10/01 05:10:49 WARN backend error component=cs-api err="cs-api: entity not found: not found: acme.ops.weather.station.flow.alpha" status=404
2026/10/01 05:10:49 INFO entity not a datastream kind component=cs-api id=c360.semconnect.systems.csapi.system.sensor1
2026/10/01 05:10:49 INFO graph mutation audit component=cs-api request_id=d96a986c-178c-424d-96d1-9b7dcb2e5d1b trace_id=e42cd0ee88fa9b5465a57fe467f24fff operation=ingestTriples entity_id=c360.semconnect.systems.csapi.datastream.1562fd77-10c1-4b77-a6d9-d7373505d08b commit_state=verified kv_revision=1 identity_subject="" identity_verified=false forwarded_user="" forwarded_email="" classified_error=""
2026/10/01 05:10:49 INFO graph mutation audit component=cs-api request_id=aba80ef4-50aa-4e2e-9134-0793caf0e473 trace_id=b235d2bbc004b5045c32b853da09ce15 operation=createSchemaArtifact entity_id=c360.semconnect.systems.csapi.schema.sha256-f11974ada89c6fc6b1de03454ab821aa2afacf11b9140d3c028e02869be10e27 commit_state=verified kv_revision=1 identity_subject="" identity_verified=false forwarded_user="" forwarded_email="" classified_error=""
2026/10/01 05:10:49 INFO graph mutation audit component=cs-api request_id=90846310-188f-4919-a146-1c76c0232e3b trace_id=a7bf91d5ff4f6810acfb1c898df69a2f operation=ingestTriples entity_id=tenantA.proj.feeds.csapi.datastream.temp commit_state=verified kv_revision=1 identity_subject="" identity_verified=false forwarded_user="" forwarded_email="" classified_error=""
2026/10/01 05:10:49 WARN graph mutation audit component=cs-api request_id=2f40b86a-b009-412c-8718-e2c3c92e1824 trace_id=96620f63db0768efcf81c43232a230e7 operation=ingestTriples entity_id=c360.semconnect.systems.csapi.datastream.3437c038-e84b-4741-a4ae-82300633841e commit_state=unknown kv_revision=0 identity_subject="" identity_verified=false forwarded_user="" forwarded_email="" classified_error="cs-api.ingestTriples: graph mutation commit outcome unknown failed: graph mutation commit outcome unknown (correlation 2f40b86a-b009-412c-8718-e2c3c92e1824): context deadline exceeded"
2026/10/01 05:10:49 WARN backend error component=cs-api err="cs-api.ingestTriples: graph mutation commit outcome unknown failed: graph mutation commit outcome unknown (correlation 2f40b86a-b009-412c-8718-e2c3c92e1824): context deadline exceeded" status=503
2026/10/01 05:10:49 INFO graph mutation audit component=cs-api request_id=147b5156-bb23-479a-88eb-233151425529 trace_id=20aef1db0f5f27484029d25b370b862e operation=ingestTriples entity_id=tenantA.proj.feeds.csapi.datastream.thermistor1 commit_state=verified kv_revision=1 identity_subject="" identity_verified=false forwarded_user="" forwarded_email="" classified_error=""
2026/10/01 05:10:49 INFO entity not a deployment kind component=cs-api id=c360.semconnect.systems.csapi.deployment.alpha
2026/10/01 05:10:49 INFO graph mutation audit component=cs-api request_id=91c6d01a-59bd-406d-9661-c9503e92c6cd trace_id=220756f8b27ae442db94170cd1fe9fb3 operation=ingestTriples entity_id=c360.semconnect.systems.csapi.deployment.2 commit_state=verified kv_revision=1 identity_subject="" identity_verified=false forwarded_user="" forwarded_email="" classified_error=""
2026/10/01 05:10:49 INFO graph mutation audit component=cs-api request_id=d1e7443a-bd53-4057-894a-539465f6835b trace_id=402765d905797b0b6ed23da216d124be operation=ingestTriples entity_id=c360.semconnect.systems.csapi.deployment.3 commit_state=verified kv_revision=1 identity_subject="" identity_verified=false forwarded_user="" forwarded_email="" classified_error=""
2026/10/01 05:10:49 INFO graph mutation audit component=cs-api request_id=816c1e24-c292-49f0-a8ac-12e2758bbd37 trace_id=710d1fbde478a5b86d23b11712825f43 operation=ingestTriples entity_id=c360.semconnect.systems.csapi.feasibility.c360_semconnect_systems_csapi_controlstream_ptz commit_state=verified kv_revision=1 identity_subject="" identity_verified=false forwarded_user="" forwarded_email="" classified_error=""
2026/10/01 05:10:49 WARN graph mutation audit component=cs-api request_id=c541e70a-c983-4520-adc1-ff540239d867 trace_id=5c29e57e62c192963c220f98c41a8f06 operation=ingestTriples entity_id=c360.semconnect.systems.csapi.system.outcomes commit_state=unknown kv_revision=0 identity_subject="" identity_verified=false forwarded_user="" forwarded_email="" classified_error="cs-api.ingestTriples: graph mutation commit outcome unknown failed: graph mutation commit outcome unknown (correlation c541e70a-c983-4520-adc1-ff540239d867): unexpected end of JSON input"
2026/10/01 05:10:49 WARN backend error component=cs-api err="cs-api.ingestTriples: graph mutation commit outcome unknown failed: graph mutation commit outcome unknown (correlation c541e70a-c983-4520-adc1-ff540239d867): unexpected end of JSON input" status=503
2026/10/01 05:10:49 WARN graph mutation audit component=cs-api request_id=51d168ec-532d-45dc-a0ea-4c63782a6579 trace_id=0fa56e2bbb1936c4ea0ee18d2e66d0a2 operation=ingestTriples entity_id=c360.semconnect.systems.csapi.system.outcomes commit_state=unknown kv_revision=0 identity_subject="" identity_verified=false forwarded_user="" forwarded_email="" classified_error="cs-api.ingestTriples: graph mutation commit outcome unknown failed: graph mutation commit outcome unknown (correlation 51d168ec-532d-45dc-a0ea-4c63782a6579): invalid typed create response"
2026/10/01 05:10:49 WARN backend error component=cs-api err="cs-api.ingestTriples: graph mutation commit outcome unknown failed: graph mutation commit outcome unknown (correlation 51d168ec-532d-45dc-a0ea-4c63782a6579): invalid typed create response" status=503
2026/10/01 05:10:49 WARN graph mutation audit component=cs-api request_id=e30b03a4-d225-46c2-b365-51efa43ea77b trace_id=1847ac036c35b8b96be52bcbc69b6f2c operation=ingestTriples entity_id=c360.semconnect.systems.csapi.system.outcomes commit_state=unknown kv_revision=0 identity_subject="" identity_verified=false forwarded_user="" forwarded_email="" classified_error="cs-api.ingestTriples: graph mutation commit outcome unknown failed: graph mutation commit outcome unknown (correlation e30b03a4-d225-46c2-b365-51efa43ea77b): invalid typed create response"
2026/10/01 05:10:49 WARN backend error component=cs-api err="cs-api.ingestTriples: graph mutation commit outcome unknown failed: graph mutation commit outcome unknown (correlation e30b03a4-d225-46c2-b365-51efa43ea77b): invalid typed create response" status=503
2026/10/01 05:10:49 WARN graph mutation audit component=cs-api request_id=e9a8a4f8-ae5b-40fe-a6bf-ac45cf7f42a7 trace_id=fa6f52372be5720c2d4c97307e993143 operation=outcome entity_id=c360.semconnect.systems.csapi.system.outcomes commit_state=unknown kv_revision=42 identity_subject="" identity_verified=false forwarded_user="" forwarded_email="" classified_error="cs-api.outcome: graph mutation commit outcome unknown failed: graph mutation commit outcome unknown (correlation e9a8a4f8-ae5b-40fe-a6bf-ac45cf7f42a7): unexpected end of JSON input"
2026/10/01 05:10:49 WARN backend error component=cs-api err="cs-api.outcome: graph mutation commit outcome unknown failed: graph mutation commit outcome unknown (correlation e9a8a4f8-ae5b-40fe-a6bf-ac45cf7f42a7): unexpected end of JSON input" status=503
2026/10/01 05:10:49 WARN graph mutation audit component=cs-api request_id=9deed8fc-e1d7-42de-94bc-1c0f21e4e97e trace_id=bdc8fb3f4d4c7ce4f996419b553b1112 operation=outcome entity_id=c360.semconnect.systems.csapi.system.outcomes commit_state=unknown kv_revision=42 identity_subject="" identity_verified=false forwarded_user="" forwarded_email="" classified_error="cs-api.outcome: graph mutation commit outcome unknown failed: graph mutation commit outcome unknown (correlation 9deed8fc-e1d7-42de-94bc-1c0f21e4e97e): invalid typed reconcile response"
2026/10/01 05:10:49 WARN backend error component=cs-api err="cs-api.outcome: graph mutation commit outcome unknown failed: graph mutation commit outcome unknown (correlation 9deed8fc-e1d7-42de-94bc-1c0f21e4e97e): invalid typed reconcile response" status=503
2026/10/01 05:10:49 WARN graph mutation audit component=cs-api request_id=d3119451-4814-4187-b196-a440270db5e5 trace_id=a16115fea36e789274b64d0edab8f025 operation=outcome entity_id=c360.semconnect.systems.csapi.system.outcomes commit_state=unknown kv_revision=42 identity_subject="" identity_verified=false forwarded_user="" forwarded_email="" classified_error="cs-api.outcome: graph mutation commit outcome unknown failed: graph mutation commit outcome unknown (correlation d3119451-4814-4187-b196-a440270db5e5): invalid typed reconcile response"
2026/10/01 05:10:49 WARN backend error component=cs-api err="cs-api.outcome: graph mutation commit outcome unknown failed: graph mutation commit outcome unknown (correlation d3119451-4814-4187-b196-a440270db5e5): invalid typed reconcile response" status=503
2026/10/01 05:10:49 WARN graph mutation audit component=cs-api request_id=aaffc9e7-0f54-41ff-93d8-28a9cf6851d7 trace_id=efd56b1d88772928906128efc0e0f3c0 operation=deleteEntity entity_id=c360.semconnect.systems.csapi.system.outcomes commit_state=unknown kv_revision=42 identity_subject="" identity_verified=false forwarded_user="" forwarded_email="" classified_error="cs-api.deleteEntity: graph mutation commit outcome unknown failed: graph mutation commit outcome unknown (correlation aaffc9e7-0f54-41ff-93d8-28a9cf6851d7): unexpected end of JSON input"
2026/10/01 05:10:49 WARN backend error component=cs-api err="cs-api.deleteEntity: graph mutation commit outcome unknown failed: graph mutation commit outcome unknown (correlation aaffc9e7-0f54-41ff-93d8-28a9cf6851d7): unexpected end of JSON input" status=503
2026/10/01 05:10:49 WARN graph mutation audit component=cs-api request_id=fa5ce0b9-78cb-4049-b86c-dc94c3790332 trace_id=66bd32ca784411a2b0c1cf2757afeac5 operation=deleteEntity entity_id=c360.semconnect.systems.csapi.system.outcomes commit_state=unknown kv_revision=42 identity_subject="" identity_verified=false forwarded_user="" forwarded_email="" classified_error="cs-api.deleteEntity: graph mutation commit outcome unknown failed: graph mutation commit outcome unknown (correlation fa5ce0b9-78cb-4049-b86c-dc94c3790332): invalid typed delete response"
2026/10/01 05:10:49 WARN backend error component=cs-api err="cs-api.deleteEntity: graph mutation commit outcome unknown failed: graph mutation commit outcome unknown (correlation fa5ce0b9-78cb-4049-b86c-dc94c3790332): invalid typed delete response" status=503
2026/10/01 05:10:49 WARN graph mutation audit component=cs-api request_id=e7558c68-9c19-4f17-ba2c-d859330c585a trace_id=6f3d667ffd4fdc0ba853631c34d6554a operation=deleteEntity entity_id=c360.semconnect.systems.csapi.system.outcomes commit_state=unknown kv_revision=42 identity_subject="" identity_verified=false forwarded_user="" forwarded_email="" classified_error="cs-api.deleteEntity: graph mutation commit outcome unknown failed: graph mutation commit outcome unknown (correlation e7558c68-9c19-4f17-ba2c-d859330c585a): invalid typed delete response"
2026/10/01 05:10:49 WARN backend error component=cs-api err="cs-api.deleteEntity: graph mutation commit outcome unknown failed: graph mutation commit outcome unknown (correlation e7558c68-9c19-4f17-ba2c-d859330c585a): invalid typed delete response" status=503
2026/10/01 05:10:49 WARN graph mutation audit component=cs-api request_id=b547aea7-39f6-4921-8251-6f470ea3d289 trace_id=786b838cc6f5d2a2fcce858b46d40585 operation=ingestTriples entity_id=c360.semconnect.systems.csapi.system.outcomes commit_state=not-committed kv_revision=0 identity_subject="" identity_verified=false forwarded_user="" forwarded_email="" classified_error="cs-api.ingestTriples: graph mutation canceled before request failed: context canceled"
2026/10/01 05:10:49 WARN backend error component=cs-api err="cs-api.ingestTriples: graph mutation canceled before request failed: context canceled" status=503
2026/10/01 05:10:49 WARN graph mutation audit component=cs-api request_id=8ca4a85a-e095-4a53-8c67-f2bd590f6780 trace_id=2a73e4f0c05e31ae1be9a99e540421df operation=ingestTriples entity_id=c360.semconnect.systems.csapi.system.outcomes commit_state=not-committed kv_revision=0 identity_subject="" identity_verified=false forwarded_user="" forwarded_email="" classified_error="cs-api.ingestTriples: graph mutation unavailable failed: nats: no responders available for request"
2026/10/01 05:10:49 WARN backend error component=cs-api err="cs-api.ingestTriples: graph mutation unavailable failed: nats: no responders available for request" status=503
2026/10/01 05:10:49 INFO Connecting to NATS urls=nats://127.0.0.1:55799
2026/10/01 05:10:49 INFO Successfully connected to NATS urls=nats://127.0.0.1:55799
2026/10/01 05:10:49 INFO graph mutation audit component=cs-api request_id=3c689c62-43f2-4c64-a2b5-be5f9d4b05de trace_id=003d1055a82fe693364b9ca425191d35 operation=ingestTriples entity_id=c360.semconnect.systems.csapi.system.child commit_state=verified kv_revision=2 identity_subject=subject-alice identity_verified=false forwarded_user=alice forwarded_email=alice@example.test classified_error=""
2026/10/01 05:10:49 INFO Connecting to NATS urls=nats://127.0.0.1:55802
2026/10/01 05:10:49 INFO Successfully connected to NATS urls=nats://127.0.0.1:55802
2026/10/01 05:10:49 INFO initialized component=cs-api
2026/10/01 05:10:49 INFO validated cs-api projection contracts component=cs-api count=11
2026/10/01 05:10:49 INFO started component=cs-api standalone=false
2026/10/01 05:10:49 INFO stopped component=cs-api
2026/10/01 05:10:49 INFO observations read component=cs-api datastream=c360.semconnect.systems.csapi.datastream.001 limit=100 after=0 returned=0 last_seq=0 forwarded_user="" forwarded_email=""
2026/10/01 05:10:49 INFO observations read component=cs-api datastream=c360.semconnect.systems.csapi.datastream.001 limit=100 after=0 returned=2 last_seq=101 forwarded_user="" forwarded_email=""
2026/10/01 05:10:49 INFO observations read component=cs-api datastream=c360.semconnect.systems.csapi.datastream.001 limit=1 after=0 returned=1 last_seq=42 forwarded_user="" forwarded_email=""
2026/10/01 05:10:49 INFO observations read component=cs-api datastream=c360.semconnect.systems.csapi.datastream.001 limit=100 after=42 returned=0 last_seq=0 forwarded_user="" forwarded_email=""
2026/10/01 05:10:49 INFO observations read component=cs-api datastream=c360.semconnect.systems.csapi.datastream.001 limit=10 after=42 returned=1 last_seq=43 forwarded_user="" forwarded_email=""
2026/10/01 05:10:49 INFO observations read component=cs-api datastream=c360.semconnect.systems.csapi.datastream.001 limit=100 after=0 returned=1 last_seq=1 forwarded_user="" forwarded_email=""
2026/10/01 05:10:49 INFO observations read component=cs-api datastream=c360.semconnect.systems.csapi.datastream.001 limit=100 after=0 returned=1 last_seq=9 forwarded_user="" forwarded_email=""
2026/10/01 05:10:49 WARN datastream schema lookup failed; falling back to inferred observation schema component=cs-api datastream=c360.semconnect.systems.csapi.datastream.001 err="decode exact entity response: unexpected end of JSON input"
2026/10/01 05:10:49 INFO observations read component=cs-api datastream=c360.semconnect.systems.csapi.datastream.001 limit=100 after=0 returned=1 last_seq=9 forwarded_user="" forwarded_email=""
2026/10/01 05:10:49 WARN datastream schema lookup failed; falling back to inferred observation schema component=cs-api datastream=c360.semconnect.systems.csapi.datastream.001 err="decode exact entity response: unexpected end of JSON input"
2026/10/01 05:10:49 INFO observations read component=cs-api datastream=c360.semconnect.systems.csapi.datastream.001 limit=100 after=0 returned=1 last_seq=9 forwarded_user="" forwarded_email=""
2026/10/01 05:10:49 INFO observations read component=cs-api datastream=c360.semconnect.systems.csapi.datastream.001 limit=100 after=0 returned=1 last_seq=9 forwarded_user="" forwarded_email=""
2026/10/01 05:10:49 WARN datastream schema lookup failed; falling back to inferred observation schema component=cs-api datastream=c360.semconnect.systems.csapi.datastream.001 err="decode exact entity response: unexpected end of JSON input"
2026/10/01 05:10:49 WARN backend error component=cs-api err="cs-api.handleObservationsGet: fetch failed: nats: no responders available for request" status=503
2026/10/01 05:10:49 WARN backend error component=cs-api err="cs-api.handleObservationsGet: reader unset failed: observation stream reader not initialized" status=503
2026/10/01 05:10:49 WARN observation envelope decode failed; skipping component=cs-api subject=cs-api.observations.c360.semconnect.systems.csapi.datastream.001 seq=1 err="invalid character 'n' looking for beginning of object key string"
2026/10/01 05:10:49 INFO observations read component=cs-api datastream=c360.semconnect.systems.csapi.datastream.001 limit=100 after=0 returned=1 last_seq=2 forwarded_user="" forwarded_email=""
2026/10/01 05:10:49 WARN backend error component=cs-api err="cs-api.handleObservationsGet: fetch failed: simulated stream error" status=500
2026/10/01 05:10:49 WARN backend error component=cs-api err="cs-api.publishObservation: jetstream unavailable failed: nats: no responders available for request" status=503
2026/10/01 05:10:49 WARN backend error component=cs-api err="cs-api.publishObservation: jetstream unavailable failed: nats: connection closed" status=503
2026/10/01 05:10:49 WARN backend error component=cs-api err="cs-api.publishObservation: jetstream unavailable failed: context deadline exceeded" status=503
2026/10/01 05:10:49 WARN backend error component=cs-api err="cs-api.publishObservation: publish to cs-api.observations.acme.ops.robotics.gcs.datastream.001 failed: something else" status=500
2026/10/01 05:10:49 WARN batch entity fetch for procedure FeatureCollection missed entity; degrading to featureType-only properties component=cs-api entity=c360.semconnect.systems.csapi.procedure.alpha
2026/10/01 05:10:49 WARN batch entity fetch for procedure FeatureCollection missed entity; degrading to featureType-only properties component=cs-api entity=c360.semconnect.systems.csapi.procedure.beta
2026/10/01 05:10:49 INFO entity not a procedure kind component=cs-api id=c360.semconnect.systems.csapi.procedure.test01
2026/10/01 05:10:49 INFO graph mutation audit component=cs-api request_id=6cdd4c15-b92d-4e3c-87c2-539a6d9304c7 trace_id=4105c10b63c31b531c6b67c61a8fd7b7 operation=ingestTriples entity_id=c360.semconnect.systems.csapi.procedure.cal1 commit_state=verified kv_revision=1 identity_subject="" identity_verified=false forwarded_user="" forwarded_email="" classified_error=""
2026/10/01 05:10:49 INFO graph mutation audit component=cs-api request_id=26c7fd8d-f214-4b6f-afcf-85fc5377e211 trace_id=29cfd2d824ed3e96b570196bc7f88da6 operation=ingestTriples entity_id=c360.semconnect.systems.csapi.procedure.1 commit_state=verified kv_revision=1 identity_subject="" identity_verified=false forwarded_user="" forwarded_email="" classified_error=""
2026/10/01 05:10:49 INFO graph mutation audit component=cs-api request_id=444ac112-a2fa-49ea-99e5-72f9ca782aef trace_id=93a551f3664b2390b5e55be42f079ba2 operation=ingestTriples entity_id=c360.semconnect.systems.csapi.procedure.geo commit_state=verified kv_revision=1 identity_subject="" identity_verified=false forwarded_user="" forwarded_email="" classified_error=""
2026/10/01 05:10:49 INFO entity not a system kind component=cs-api id=c360.semconnect.systems.csapi.procedure.test01
2026/10/01 05:10:49 INFO entity not a property kind component=cs-api id=c360.semconnect.systems.csapi.property.airtemperature
2026/10/01 05:10:49 INFO graph mutation audit component=cs-api request_id=93ffb6eb-10dc-4bb1-9220-ed1c7a9d10ef trace_id=1cc8b069f10c695ba1915c11bf7ad2ea operation=ingestTriples entity_id=c360.semconnect.systems.csapi.property.airtemp commit_state=verified kv_revision=1 identity_subject="" identity_verified=false forwarded_user="" forwarded_email="" classified_error=""
2026/10/01 05:10:49 INFO entity not a sampling feature kind component=cs-api id=c360.semconnect.systems.csapi.samplingfeature.alpha
2026/10/01 05:10:49 INFO graph mutation audit component=cs-api request_id=26d5d76a-08d3-450f-a44a-f3df521920cc trace_id=8abfbbf90172ab712cd83cbec6e8fafb operation=ingestTriples entity_id=c360.semconnect.systems.csapi.samplingfeature.2 commit_state=verified kv_revision=1 identity_subject="" identity_verified=false forwarded_user="" forwarded_email="" classified_error=""
2026/10/01 05:10:49 INFO graph mutation audit component=cs-api request_id=486b528f-62c8-4e27-8620-740429e69e2e trace_id=19e0a3721b4ab0a90c8aa7b5e9cf49a8 operation=createSchemaArtifact entity_id=c360.semconnect.systems.csapi.schema.sha256-f11974ada89c6fc6b1de03454ab821aa2afacf11b9140d3c028e02869be10e27 commit_state=verified kv_revision=1 identity_subject=alice identity_verified=false forwarded_user="" forwarded_email="" classified_error=""
2026/10/01 05:10:49 WARN graph mutation audit component=cs-api request_id=b3b00348-2dac-4997-b5c7-b6e33a107ddd trace_id=778d54c92f5d356861e18d9a3a9cffef operation=createSchemaArtifact entity_id=c360.semconnect.systems.csapi.schema.sha256-f11974ada89c6fc6b1de03454ab821aa2afacf11b9140d3c028e02869be10e27 commit_state=not-committed kv_revision=0 identity_subject="" identity_verified=false forwarded_user="" forwarded_email="" classified_error="cs-api: entity already exists: exists"
2026/10/01 05:10:49 WARN graph mutation audit component=cs-api request_id=04903da7-5bb0-4635-81bc-3d0b9b6afbee trace_id=8ebdc661853365088e35bd476d007155 operation=createSchemaArtifact entity_id=c360.semconnect.systems.csapi.schema.sha256-f11974ada89c6fc6b1de03454ab821aa2afacf11b9140d3c028e02869be10e27 commit_state=not-committed kv_revision=0 identity_subject="" identity_verified=false forwarded_user="" forwarded_email="" classified_error="cs-api: entity already exists: exists"
2026/10/01 05:10:49 WARN graph mutation audit component=cs-api request_id=cd29087b-52f2-45e2-914c-c793bf2adf1b trace_id=a591769ad7e7e5fafd55d915235b9d76 operation=createSchemaArtifact entity_id=c360.semconnect.systems.csapi.schema.sha256-f11974ada89c6fc6b1de03454ab821aa2afacf11b9140d3c028e02869be10e27 commit_state=not-committed kv_revision=0 identity_subject="" identity_verified=false forwarded_user="" forwarded_email="" classified_error="cs-api: entity already exists: exists"
2026/10/01 05:10:49 INFO graph mutation audit component=cs-api request_id=048c2de1-e934-4f52-8ee2-0ebd77b4f2e6 trace_id=891ac47c30b50d6f71f5c82c9414edad operation=createSchemaArtifact entity_id=c360.semconnect.systems.csapi.schema.sha256-f11974ada89c6fc6b1de03454ab821aa2afacf11b9140d3c028e02869be10e27 commit_state=verified kv_revision=1 identity_subject="" identity_verified=false forwarded_user="" forwarded_email="" classified_error=""
2026/10/01 05:10:49 INFO Connecting to NATS urls=nats://127.0.0.1:55804
2026/10/01 05:10:49 INFO Successfully connected to NATS urls=nats://127.0.0.1:55804
2026/10/01 05:10:49 INFO validated cs-api projection contracts component=cs-api count=11
2026/10/01 05:10:49 INFO component initialized component=graph-ingest component=graph-ingest
2026/10/01 05:10:49 INFO Created new KV bucket bucket=ENTITY_STATES
2026/10/01 05:10:49 INFO Created new KV bucket bucket=ENTITY_SUFFIX_INDEX
2026/10/01 05:10:49 INFO Created new KV bucket bucket=GRAPH_INGEST_APPLIED_SEQ
2026/10/01 05:10:49 INFO Created new KV bucket bucket=GRAPH_STATUS
2026/10/01 05:10:49 INFO query handlers registered component=graph-ingest subjects="[graph.ingest.query.entity graph.ingest.query.batch graph.ingest.query.prefix graph.ingest.query.suffix]"
2026/10/01 05:10:49 INFO mutation handlers registered component=graph-ingest subjects="[graph.mutation.entity.create graph.mutation.entity.reconcile graph.mutation.triple.append graph.mutation.entity.delete]"
2026/10/01 05:10:49 INFO component started component=graph-ingest component=graph-ingest start_time=2026-10-01T05:10:49.901-05:00
2026/10/01 05:10:49 WARN graph-ingest: entity authority rejected component=graph-ingest arrival=graph.mutation.entity.create reason=authority_foreign lane=local segment_index=0
2026/10/01 05:10:49 WARN graph mutation audit component=cs-api request_id=86d21151-4e80-4b86-8e46-aa5ca569eaf3 trace_id=14414575b6a71a7aa97074a2c0df1e72 operation=ingestTriples entity_id=foreign.remote.systems.csapi.datastream.setup03a-reference commit_state=not-committed kv_revision=0 identity_subject="" identity_verified=false forwarded_user="" forwarded_email="" classified_error="cs-api.ingestTriples: graph rejected entity mutation failed: invalid entity ID contract input"
2026/10/01 05:10:49 WARN backend error component=cs-api err="cs-api.ingestTriples: graph rejected entity mutation failed: invalid entity ID contract input" status=400
2026/10/01 05:10:49 INFO component stopped gracefully component=graph-ingest component=graph-ingest
--- FAIL: TestSetup03AFederatedDatastreamCreate (0.06s)
    setup03a_federation_integration_test.go:25: federated six-part ID must remain HTTP 201: got 400 body={"error":"cs-api.ingestTriples: graph rejected entity mutation failed: invalid entity ID contract input","status":400}
2026/10/01 05:10:49 INFO Connecting to NATS urls=nats://127.0.0.1:55806
2026/10/01 05:10:49 INFO Successfully connected to NATS urls=nats://127.0.0.1:55806
2026/10/01 05:10:49 INFO validated cs-api projection contracts component=cs-api count=11
2026/10/01 05:10:49 INFO component initialized component=graph-ingest component=graph-ingest
2026/10/01 05:10:49 INFO Created new KV bucket bucket=ENTITY_STATES
2026/10/01 05:10:49 INFO Created new KV bucket bucket=ENTITY_SUFFIX_INDEX
2026/10/01 05:10:49 INFO Created new KV bucket bucket=GRAPH_INGEST_APPLIED_SEQ
2026/10/01 05:10:49 INFO Created new KV bucket bucket=GRAPH_STATUS
2026/10/01 05:10:49 INFO query handlers registered component=graph-ingest subjects="[graph.ingest.query.entity graph.ingest.query.batch graph.ingest.query.prefix graph.ingest.query.suffix]"
2026/10/01 05:10:49 INFO mutation handlers registered component=graph-ingest subjects="[graph.mutation.entity.create graph.mutation.entity.reconcile graph.mutation.triple.append graph.mutation.entity.delete]"
2026/10/01 05:10:49 INFO component started component=graph-ingest component=graph-ingest start_time=2026-10-01T05:10:49.964-05:00
2026/10/01 05:10:49 INFO graph mutation audit component=cs-api request_id=94bf6fe3-3e0b-42de-a86d-90c24ccb2146 trace_id=f899203b002c9b5447616a4716669276 operation=ingestTriples entity_id=c360.semconnect.systems.csapi.system.setup03a-root commit_state=verified kv_revision=1 identity_subject=setup03a-reference identity_verified=false forwarded_user="" forwarded_email="" classified_error=""
2026/10/01 05:10:49 WARN graph mutation rejected component=graph-ingest subject=graph.mutation.entity.create reason=entity_already_exists error="entity already exists: c360.semconnect.systems.csapi.system.setup03a-root"
2026/10/01 05:10:49 WARN graph mutation audit component=cs-api request_id=f56643e9-0f11-41ee-ac31-279708e11595 trace_id=3efe07caaea5c4193ddefce0bbb0938b operation=ingestTriples entity_id=c360.semconnect.systems.csapi.system.setup03a-root commit_state=not-committed kv_revision=0 identity_subject=setup03a-reference identity_verified=false forwarded_user="" forwarded_email="" classified_error="cs-api: entity already exists: entity already exists: c360.semconnect.systems.csapi.system.setup03a-root"
2026/10/01 05:10:49 INFO graph mutation audit component=cs-api request_id=b05c9b54-0c8a-41b7-965b-75846f4be51d trace_id=cbc983609a9fbc26b86c5c9b64328b09 operation=referenceReconcile entity_id=c360.semconnect.systems.csapi.system.setup03a-root commit_state=verified kv_revision=2 identity_subject=setup03a-reference identity_verified=false forwarded_user="" forwarded_email="" classified_error=""
2026/10/01 05:10:49 WARN graph mutation rejected component=graph-ingest subject=graph.mutation.entity.reconcile reason=revision_mismatch error="revision mismatch: expected 1, current 2"
2026/10/01 05:10:49 WARN graph mutation revision mismatch component=graph-ingest operation=entity.reconcile entity_id=c360.semconnect.systems.csapi.system.setup03a-root expected_revision=1
2026/10/01 05:10:49 WARN graph mutation audit component=cs-api request_id=9a453af2-05cc-4789-bc08-0d688f03d550 trace_id=d34e8c319e843a0d245e2281039fe688 operation=referenceStaleReconcile entity_id=c360.semconnect.systems.csapi.system.setup03a-root commit_state=not-committed kv_revision=1 identity_subject=setup03a-reference identity_verified=false forwarded_user="" forwarded_email="" classified_error="cs-api: entity already exists: revision mismatch: expected 1, current 2"
2026/10/01 05:10:49 WARN graph mutation rejected component=graph-ingest subject=graph.mutation.entity.delete reason=revision_mismatch error="revision mismatch: expected 1, current 2"
2026/10/01 05:10:49 WARN graph mutation revision mismatch component=graph-ingest operation=entity.delete entity_id=c360.semconnect.systems.csapi.system.setup03a-root expected_revision=1
2026/10/01 05:10:49 WARN graph mutation audit component=cs-api request_id=999c4ccb-88b2-4d4c-9a9f-045ccddc407c trace_id=fd8e09ecd0424a19525de85142d45e8e operation=deleteEntity entity_id=c360.semconnect.systems.csapi.system.setup03a-root commit_state=not-committed kv_revision=1 identity_subject=setup03a-reference identity_verified=false forwarded_user="" forwarded_email="" classified_error="cs-api: entity already exists: revision mismatch: expected 1, current 2"
2026/10/01 05:10:49 INFO graph mutation audit component=cs-api request_id=61e65f3a-d69d-43e2-b611-3ab9e7273e14 trace_id=b988ca79d432355641afbcaef27ac41b operation=deleteEntity entity_id=c360.semconnect.systems.csapi.system.setup03a-root commit_state=verified kv_revision=2 identity_subject=setup03a-reference identity_verified=false forwarded_user="" forwarded_email="" classified_error=""
2026/10/01 05:10:49 INFO component stopped gracefully component=graph-ingest component=graph-ingest
2026/10/01 05:10:50 INFO Connecting to NATS urls=nats://127.0.0.1:55808
2026/10/01 05:10:50 INFO Successfully connected to NATS urls=nats://127.0.0.1:55808
2026/10/01 05:10:50 WARN graph mutation audit component=cs-api request_id=3583c585-8eaa-4e32-995b-db3b39f32c5b trace_id=6455154a09ba03a7a2298dd5c53c739f operation=ingestTriples entity_id=c360.semconnect.systems.csapi.system.setup03a-root commit_state=not-committed kv_revision=0 identity_subject="" identity_verified=false forwarded_user="" forwarded_email="" classified_error="cs-api: entity already exists: reference failure"
2026/10/01 05:10:50 WARN backend error component=cs-api err="cs-api: entity already exists: reference failure" status=409
2026/10/01 05:10:50 INFO Connecting to NATS urls=nats://127.0.0.1:55811
2026/10/01 05:10:50 INFO Successfully connected to NATS urls=nats://127.0.0.1:55811
2026/10/01 05:10:50 WARN graph mutation audit component=cs-api request_id=4471503c-1f55-43d2-9150-7e6e4682532e trace_id=dc6662569e223dcf387dc9c79cf7ad5c operation=referenceFailure entity_id=c360.semconnect.systems.csapi.system.setup03a-root commit_state=not-committed kv_revision=42 identity_subject="" identity_verified=false forwarded_user="" forwarded_email="" classified_error="cs-api: entity already exists: reference failure"
2026/10/01 05:10:50 WARN backend error component=cs-api err="cs-api: entity already exists: reference failure" status=409
2026/10/01 05:10:50 INFO Connecting to NATS urls=nats://127.0.0.1:55814
2026/10/01 05:10:50 INFO Successfully connected to NATS urls=nats://127.0.0.1:55814
2026/10/01 05:10:50 WARN graph mutation audit component=cs-api request_id=876a4404-423a-4338-8d90-2fcf613c97f4 trace_id=7b7fd368eff2bb773563b77cb3c2c0fa operation=deleteEntity entity_id=c360.semconnect.systems.csapi.system.setup03a-root commit_state=not-committed kv_revision=42 identity_subject="" identity_verified=false forwarded_user="" forwarded_email="" classified_error="cs-api: entity already exists: reference failure"
2026/10/01 05:10:50 WARN backend error component=cs-api err="cs-api: entity already exists: reference failure" status=409
2026/10/01 05:10:50 INFO Connecting to NATS urls=nats://127.0.0.1:55817
2026/10/01 05:10:50 INFO Successfully connected to NATS urls=nats://127.0.0.1:55817
2026/10/01 05:10:50 WARN graph mutation audit component=cs-api request_id=19f05ce3-de39-4452-94ca-d2b2000e4121 trace_id=a6b4a88e562afb598f6804c9c96ea198 operation=ingestTriples entity_id=c360.semconnect.systems.csapi.system.setup03a-root commit_state=unknown kv_revision=0 identity_subject="" identity_verified=false forwarded_user="" forwarded_email="" classified_error="cs-api.ingestTriples: graph mutation commit outcome unknown failed: graph mutation commit outcome unknown (correlation 19f05ce3-de39-4452-94ca-d2b2000e4121): context canceled"
2026/10/01 05:10:50 WARN backend error component=cs-api err="cs-api.ingestTriples: graph mutation commit outcome unknown failed: graph mutation commit outcome unknown (correlation 19f05ce3-de39-4452-94ca-d2b2000e4121): context canceled" status=503
2026/10/01 05:10:50 INFO Connecting to NATS urls=nats://127.0.0.1:55820
2026/10/01 05:10:50 INFO Successfully connected to NATS urls=nats://127.0.0.1:55820
2026/10/01 05:10:50 WARN graph mutation audit component=cs-api request_id=331b09db-a679-4213-a51d-2199063e8ce0 trace_id=e34c8bd7b93dd28e822dd590f9a6d93b operation=referenceFailure entity_id=c360.semconnect.systems.csapi.system.setup03a-root commit_state=unknown kv_revision=42 identity_subject="" identity_verified=false forwarded_user="" forwarded_email="" classified_error="cs-api.referenceFailure: graph mutation commit outcome unknown failed: graph mutation commit outcome unknown (correlation 331b09db-a679-4213-a51d-2199063e8ce0): context canceled"
2026/10/01 05:10:50 WARN backend error component=cs-api err="cs-api.referenceFailure: graph mutation commit outcome unknown failed: graph mutation commit outcome unknown (correlation 331b09db-a679-4213-a51d-2199063e8ce0): context canceled" status=503
2026/10/01 05:10:50 INFO Connecting to NATS urls=nats://127.0.0.1:55823
2026/10/01 05:10:50 INFO Successfully connected to NATS urls=nats://127.0.0.1:55823
2026/10/01 05:10:50 WARN graph mutation audit component=cs-api request_id=3a0137d6-0d40-444e-814c-faaa9574a47c trace_id=e9089dc0cbfee93ed9084980a034754c operation=deleteEntity entity_id=c360.semconnect.systems.csapi.system.setup03a-root commit_state=unknown kv_revision=42 identity_subject="" identity_verified=false forwarded_user="" forwarded_email="" classified_error="cs-api.deleteEntity: graph mutation commit outcome unknown failed: graph mutation commit outcome unknown (correlation 3a0137d6-0d40-444e-814c-faaa9574a47c): context canceled"
2026/10/01 05:10:50 WARN backend error component=cs-api err="cs-api.deleteEntity: graph mutation commit outcome unknown failed: graph mutation commit outcome unknown (correlation 3a0137d6-0d40-444e-814c-faaa9574a47c): context canceled" status=503
2026/10/01 05:10:50 INFO Connecting to NATS urls=nats://127.0.0.1:55826
2026/10/01 05:10:50 INFO Successfully connected to NATS urls=nats://127.0.0.1:55826
2026/10/01 05:10:50 INFO validated cs-api projection contracts component=cs-api count=11
2026/10/01 05:10:50 INFO component initialized component=graph-ingest component=graph-ingest
2026/10/01 05:10:50 INFO Created new KV bucket bucket=ENTITY_STATES
2026/10/01 05:10:50 INFO Created new KV bucket bucket=ENTITY_SUFFIX_INDEX
2026/10/01 05:10:50 INFO Created new KV bucket bucket=GRAPH_INGEST_APPLIED_SEQ
2026/10/01 05:10:50 INFO Created new KV bucket bucket=GRAPH_STATUS
2026/10/01 05:10:50 INFO query handlers registered component=graph-ingest subjects="[graph.ingest.query.entity graph.ingest.query.batch graph.ingest.query.prefix graph.ingest.query.suffix]"
2026/10/01 05:10:50 INFO mutation handlers registered component=graph-ingest subjects="[graph.mutation.entity.create graph.mutation.entity.reconcile graph.mutation.triple.append graph.mutation.entity.delete]"
2026/10/01 05:10:50 INFO component started component=graph-ingest component=graph-ingest start_time=2026-10-01T05:10:50.306-05:00
2026/10/01 05:10:50 INFO graph mutation audit component=cs-api request_id=51a7cdf9-84ec-4102-9e84-d52879a0760f trace_id=4fbc56eb8ce8dee23e52612c0e713761 operation=createSchemaArtifact entity_id=c360.semconnect.systems.csapi.schema.sha256-f11974ada89c6fc6b1de03454ab821aa2afacf11b9140d3c028e02869be10e27 commit_state=verified kv_revision=1 identity_subject="" identity_verified=false forwarded_user="" forwarded_email="" classified_error=""
2026/10/01 05:10:50 WARN graph mutation rejected component=graph-ingest subject=graph.mutation.entity.create reason=entity_already_exists error="entity already exists: c360.semconnect.systems.csapi.schema.sha256-f11974ada89c6fc6b1de03454ab821aa2afacf11b9140d3c028e02869be10e27"
2026/10/01 05:10:50 WARN graph mutation audit component=cs-api request_id=29275f5b-3c11-40ae-b342-42f837da9bff trace_id=b0846332afc55590de72492412bd0a1b operation=createSchemaArtifact entity_id=c360.semconnect.systems.csapi.schema.sha256-f11974ada89c6fc6b1de03454ab821aa2afacf11b9140d3c028e02869be10e27 commit_state=not-committed kv_revision=0 identity_subject="" identity_verified=false forwarded_user="" forwarded_email="" classified_error="cs-api: entity already exists: entity already exists: c360.semconnect.systems.csapi.schema.sha256-f11974ada89c6fc6b1de03454ab821aa2afacf11b9140d3c028e02869be10e27"
2026/10/01 05:10:50 WARN graph mutation rejected component=graph-ingest subject=graph.mutation.entity.create reason=entity_already_exists error="entity already exists: c360.semconnect.systems.csapi.schema.sha256-f11974ada89c6fc6b1de03454ab821aa2afacf11b9140d3c028e02869be10e27"
2026/10/01 05:10:50 WARN graph mutation audit component=cs-api request_id=a2bb9909-e438-4077-bdb5-6f2b67404b2d trace_id=84feab47cf39e60dd1a40a3dd574cc80 operation=createSchemaArtifact entity_id=c360.semconnect.systems.csapi.schema.sha256-f11974ada89c6fc6b1de03454ab821aa2afacf11b9140d3c028e02869be10e27 commit_state=not-committed kv_revision=0 identity_subject="" identity_verified=false forwarded_user="" forwarded_email="" classified_error="cs-api: entity already exists: entity already exists: c360.semconnect.systems.csapi.schema.sha256-f11974ada89c6fc6b1de03454ab821aa2afacf11b9140d3c028e02869be10e27"
2026/10/01 05:10:50 INFO graph mutation audit component=cs-api request_id=910333de-eb8a-44f5-8e96-3fc6d1206e2c trace_id=52d2f5ce037c2d418ee86709490ec345 operation=createSchemaArtifact entity_id=c360.semconnect.systems.csapi.schema.sha256-6dd48bec7f4fdf36502740697a08c6aa8e0899f91a6649fb12f98a556283fd3e commit_state=verified kv_revision=2 identity_subject="" identity_verified=false forwarded_user="" forwarded_email="" classified_error=""
2026/10/01 05:10:50 INFO component stopped gracefully component=graph-ingest component=graph-ingest
2026/10/01 05:10:50 WARN backend error component=cs-api err="cs-api.runSpatialQuery: spatial backend unavailable failed: nats: no responders available for request" status=503
2026/10/01 05:10:50 WARN backend error component=cs-api err="cs-api.runSpatialQuery: spatial handler failed: spatial query failed" status=400
2026/10/01 05:10:50 WARN backend error component=cs-api err="cs-api.runSpatialQuery: spatial handler failed: spatial query failed" status=503
2026/10/01 05:10:50 WARN backend error component=cs-api err="cs-api.runSpatialQuery: spatial handler failed: spatial query failed" status=500
2026/10/01 05:10:50 WARN backend error component=cs-api err="cs-api.runSpatialQuery: decode spatial response failed: spatial response must be a top-level JSON array" status=500
2026/10/01 05:10:50 WARN backend error component=cs-api err="cs-api.runSpatialQuery: decode spatial response failed: spatial response must be a top-level JSON array" status=500
2026/10/01 05:10:50 WARN backend error component=cs-api err="cs-api.runSpatialQuery: decode spatial response failed: spatial response must be a top-level JSON array" status=500
2026/10/01 05:10:50 INFO graph mutation audit component=cs-api request_id=72869934-6ca4-43d5-bcd7-97c90f3b85f0 trace_id=2268c4b2c1d6638934c40899eea646ab operation=ingestTriples entity_id=c360.semconnect.systems.csapi.systemevent.00Z commit_state=verified kv_revision=1 identity_subject="" identity_verified=false forwarded_user="" forwarded_email="" classified_error=""
2026/10/01 05:10:50 INFO graph mutation audit component=cs-api request_id=30a4168c-66c9-4f40-83bc-4f8f616bbad6 trace_id=42625a16532642ff3109c5efa139bf1b operation=ingestTriples entity_id=c360.semconnect.systems.csapi.system.42 commit_state=verified kv_revision=1 identity_subject="" identity_verified=false forwarded_user="" forwarded_email="" classified_error=""
2026/10/01 05:10:50 INFO graph mutation audit component=cs-api request_id=32fb298f-e3a5-4820-b637-2751f4496b52 trace_id=54de7f933e10529d83aa0d70502b5374 operation=deleteEntity entity_id=c360.semconnect.systems.csapi.system.099 commit_state=verified kv_revision=7 identity_subject="" identity_verified=false forwarded_user="" forwarded_email="" classified_error=""
2026/10/01 05:10:50 INFO graph mutation audit component=cs-api request_id=8ec8289b-93e5-4747-93b2-20d7a394033f trace_id=0e5aad3b00d13689b6c8ca3c35aeecea operation=replaceEntityTriples entity_id=acme.ops.robotics.gcs.drone.099 commit_state=verified kv_revision=8 identity_subject="" identity_verified=false forwarded_user="" forwarded_email="" classified_error=""
2026/10/01 05:10:50 INFO graph mutation audit component=cs-api request_id=a1ca0c9a-0b2a-4db8-8f47-c98d39c2b3b5 trace_id=9e0cff0982e96af29270faf69ed38906 operation=replaceEntityTriples entity_id=c360.semconnect.systems.csapi.system.099 commit_state=verified kv_revision=8 identity_subject="" identity_verified=false forwarded_user="" forwarded_email="" classified_error=""
2026/10/01 05:10:50 WARN graph mutation audit component=cs-api request_id=1a78adfa-1951-4e1d-a97b-5c6a33db434b trace_id=6908a9128f997f7142ffb59a05529b62 operation=replaceEntityTriples entity_id=acme.ops.robotics.gcs.drone.099 commit_state=not-committed kv_revision=7 identity_subject="" identity_verified=false forwarded_user="" forwarded_email="" classified_error="cs-api.replaceEntityTriples: graph mutation unavailable failed: nats: no responders available for request"
2026/10/01 05:10:50 WARN backend error component=cs-api err="cs-api.replaceEntityTriples: graph mutation unavailable failed: nats: no responders available for request" status=503
2026/10/01 05:10:50 WARN graph mutation audit component=cs-api request_id=6616aee0-02c4-4aa1-aced-b079a99d2b33 trace_id=10d566b1ff2bea6d3c9cca96f5975741 operation=replaceEntityTriples entity_id=acme.ops.robotics.gcs.drone.099 commit_state=not-committed kv_revision=7 identity_subject="" identity_verified=false forwarded_user="" forwarded_email="" classified_error="cs-api: entity already exists: stale revision"
2026/10/01 05:10:50 WARN backend error component=cs-api err="cs-api: entity already exists: stale revision" status=409
2026/10/01 05:10:50 WARN graph mutation audit component=cs-api request_id=0bb3e1ef-686c-4d19-97bd-aa4436ceb568 trace_id=f1ac03f44111b5ecce676d3916690432 operation=replaceEntityTriples entity_id=acme.ops.robotics.gcs.drone.099 commit_state=unknown kv_revision=7 identity_subject="" identity_verified=false forwarded_user="" forwarded_email="" classified_error="cs-api.replaceEntityTriples: graph mutation commit outcome unknown failed: graph mutation commit outcome unknown (correlation 0bb3e1ef-686c-4d19-97bd-aa4436ceb568): nats: timeout"
2026/10/01 05:10:50 WARN backend error component=cs-api err="cs-api.replaceEntityTriples: graph mutation commit outcome unknown failed: graph mutation commit outcome unknown (correlation 0bb3e1ef-686c-4d19-97bd-aa4436ceb568): nats: timeout" status=503
2026/10/01 05:10:50 WARN graph mutation audit component=cs-api request_id=84716388-37fe-483b-baba-807caa7da6c6 trace_id=7d8a2702587fe6d3cdc9f1286455995e operation=ingestTriples entity_id=acme.ops.robotics.gcs.drone.099 commit_state=not-committed kv_revision=0 identity_subject="" identity_verified=false forwarded_user="" forwarded_email="" classified_error="cs-api: entity already exists: exists"
2026/10/01 05:10:50 WARN backend error component=cs-api err="cs-api: entity already exists: exists" status=409
2026/10/01 05:10:50 INFO graph mutation audit component=cs-api request_id=e07acde0-29a0-4ad5-a26e-2dd2cb9f9fa4 trace_id=e096e1e53f2addd3c18eacf62a6ffc0c operation=deleteEntity entity_id=acme.ops.robotics.gcs.drone.099 commit_state=verified kv_revision=7 identity_subject="" identity_verified=false forwarded_user=alice forwarded_email=alice@example.com classified_error=""
2026/10/01 05:10:50 WARN backend error component=cs-api err="cs-api.fetchEntitiesBatch: graph backend unavailable failed: nats: no responders available for request" status=503
2026/10/01 05:10:50 WARN batch entity fetch for FeatureCollection missed entity; degrading to null geometry component=cs-api entity=c360.semconnect.systems.csapi.system.broken
2026/10/01 05:10:50 WARN malformed position triple; emitting null geometry component=cs-api entity=c360.semconnect.systems.csapi.system.bad-pos err="geojson: object missing required \"type\" field"
2026/10/01 05:10:50 INFO graph mutation audit component=cs-api request_id=d208d7e8-a6b3-4983-912c-4e61a158233b trace_id=1f1f0044cb0be47269752766bab8c77d operation=replaceEntityTriples entity_id=c360.semconnect.systems.csapi.system.099 commit_state=verified kv_revision=8 identity_subject="" identity_verified=false forwarded_user="" forwarded_email="" classified_error=""
2026/10/01 05:10:50 INFO graph mutation audit component=cs-api request_id=0dde6771-c73f-418a-96e7-032ebbf0d5d0 trace_id=f1ee42bd137a0473ee38141fcf246ec9 operation=replaceEntityTriples entity_id=c360.semconnect.systems.csapi.system.099 commit_state=verified kv_revision=8 identity_subject="" identity_verified=false forwarded_user="" forwarded_email="" classified_error=""
2026/10/01 05:10:50 INFO graph mutation audit component=cs-api request_id=5a7a3fe6-3e2a-4a7e-b1f1-60e117b91a12 trace_id=381b0a9cd34b95c337b01983f488dc8c operation=replaceEntityTriples entity_id=c360.semconnect.systems.csapi.system.099 commit_state=verified kv_revision=8 identity_subject="" identity_verified=false forwarded_user="" forwarded_email="" classified_error=""
2026/10/01 05:10:50 INFO graph mutation audit component=cs-api request_id=9c6d02ee-6868-4e1a-8ec0-fe59db8f4c5d trace_id=1a9bb3087469d73aca2d172898d1e133 operation=replaceEntityTriples entity_id=c360.semconnect.systems.csapi.system.099 commit_state=verified kv_revision=8 identity_subject="" identity_verified=false forwarded_user="" forwarded_email="" classified_error=""
2026/10/01 05:10:50 INFO graph mutation audit component=cs-api request_id=8011594a-a13b-4963-9ec8-2961d247063e trace_id=1b46614bbb0ef8e6b0d9b70f5e0f87db operation=replaceEntityTriples entity_id=c360.semconnect.systems.csapi.system.099 commit_state=verified kv_revision=8 identity_subject="" identity_verified=false forwarded_user="" forwarded_email="" classified_error=""
2026/10/01 05:10:50 WARN backend error component=cs-api err="cs-api: entity not found: not found: c360.semconnect.systems.csapi.system.099" status=404
2026/10/01 05:10:50 INFO graph mutation audit component=cs-api request_id=6229db32-e1ab-4093-b6b4-edf263114f89 trace_id=7bef4c92717ce7c9221be400ddbbf904 operation=replaceEntityTriples entity_id=c360.semconnect.systems.csapi.system.099 commit_state=verified kv_revision=8 identity_subject="" identity_verified=false forwarded_user="" forwarded_email="" classified_error=""
2026/10/01 05:10:50 INFO graph mutation audit component=cs-api request_id=3849d0cc-3bbb-4ca2-89c3-10df09e0768a trace_id=99cf629fc0162b658ebed42d7c391d32 operation=replaceEntityTriples entity_id=c360.semconnect.systems.csapi.system.099 commit_state=verified kv_revision=8 identity_subject="" identity_verified=false forwarded_user="" forwarded_email="" classified_error=""
2026/10/01 05:10:50 INFO graph mutation audit component=cs-api request_id=96f287fb-6acc-4318-a991-f3a57cdff58c trace_id=31c11a8de0e1ade26de003ea98bafab8 operation=ingestTriples entity_id=c360.semconnect.systems.csapi.system.11111111-2222-3333-4444-555555555555 commit_state=verified kv_revision=1 identity_subject="" identity_verified=false forwarded_user="" forwarded_email="" classified_error=""
2026/10/01 05:10:50 INFO graph mutation audit component=cs-api request_id=55dd3a1f-83aa-4e70-8318-6eb4295810c8 trace_id=34341b6cb0e0776337e7bba00fd0ccde operation=ingestTriples entity_id=c360.semconnect.systems.csapi.system.22222222-3333-4444-5555-666666666666 commit_state=verified kv_revision=1 identity_subject="" identity_verified=false forwarded_user="" forwarded_email="" classified_error=""
2026/10/01 05:10:50 INFO graph mutation audit component=cs-api request_id=007813e7-8de9-428a-aed5-863963ef29aa trace_id=25fdddfb56fdc03730d257c72b5dd24e operation=ingestTriples entity_id=c360.semconnect.systems.csapi.system.11111111-2222-3333-4444-555555555555 commit_state=verified kv_revision=1 identity_subject="" identity_verified=false forwarded_user="" forwarded_email="" classified_error=""
2026/10/01 05:10:50 INFO graph mutation audit component=cs-api request_id=d59fe091-6750-442e-bd01-70236cc6188b trace_id=b717209811047443c11556dddadc0e99 operation=ingestTriples entity_id=c360.semconnect.systems.csapi.system.parent commit_state=verified kv_revision=1 identity_subject="" identity_verified=false forwarded_user="" forwarded_email="" classified_error=""
2026/10/01 05:10:50 INFO graph mutation audit component=cs-api request_id=dc40362f-5a2f-4dfe-828d-2acdf4782832 trace_id=57b75801d33a0cddf789943836c34b9d operation=ingestTriples entity_id=c360.semconnect.systems.csapi.system.0ac6421f-0465-4041-a2a0-5a1ddab5826c commit_state=verified kv_revision=1 identity_subject="" identity_verified=false forwarded_user="" forwarded_email="" classified_error=""
2026/10/01 05:10:50 WARN graph mutation audit component=cs-api request_id=6c0d8388-5f9c-4d85-9399-86d4346aa3ca trace_id=446d5cc8cf09b475439c04e386fe0124 operation=ingestTriples entity_id=c360.semconnect.systems.csapi.system.x commit_state=unknown kv_revision=0 identity_subject="" identity_verified=false forwarded_user="" forwarded_email="" classified_error="cs-api.ingestTriples: graph mutation commit outcome unknown failed: graph mutation commit outcome unknown (correlation 6c0d8388-5f9c-4d85-9399-86d4346aa3ca): context deadline exceeded"
2026/10/01 05:10:50 WARN backend error component=cs-api err="cs-api.ingestTriples: graph mutation commit outcome unknown failed: graph mutation commit outcome unknown (correlation 6c0d8388-5f9c-4d85-9399-86d4346aa3ca): context deadline exceeded" status=503
2026/10/01 05:10:50 WARN graph mutation audit component=cs-api request_id=8456ec82-43fc-40f7-9709-3c8b3a915631 trace_id=f2863a8517a7b6f3e17decae3dca2daf operation=ingestTriples entity_id=c360.semconnect.systems.csapi.system.bad commit_state=not-committed kv_revision=0 identity_subject="" identity_verified=false forwarded_user="" forwarded_email="" classified_error="cs-api.ingestTriples: graph rejected entity mutation failed: entity ID rejected: pattern mismatch"
2026/10/01 05:10:50 WARN backend error component=cs-api err="cs-api.ingestTriples: graph rejected entity mutation failed: entity ID rejected: pattern mismatch" status=400
2026/10/01 05:10:50 WARN graph mutation audit component=cs-api request_id=22c92f68-325c-46f0-89b8-728edb50eff9 trace_id=375544f68b9d96087f2d8140ac611b0f operation=ingestTriples entity_id=c360.semconnect.systems.csapi.system.internal commit_state=not-committed kv_revision=0 identity_subject="" identity_verified=false forwarded_user="" forwarded_email="" classified_error="cs-api.ingestTriples: graph backend mutation failed failed: backend invariant failed"
2026/10/01 05:10:50 WARN backend error component=cs-api err="cs-api.ingestTriples: graph backend mutation failed failed: backend invariant failed" status=500
2026/10/01 05:10:50 INFO graph mutation audit component=cs-api request_id=183f8c65-d060-4c89-ad75-f91799ef3ef8 trace_id=fad70e4225aa7d2ace2ba50ca254f181 operation=ingestTriples entity_id=c360.semconnect.systems.csapi.system.audit commit_state=verified kv_revision=1 identity_subject="" identity_verified=false forwarded_user=alice@example.org forwarded_email=alice@example.org classified_error=""
2026/10/01 05:10:50 INFO graph mutation audit component=cs-api request_id=d27383c7-fbd8-4d67-82bb-299fc5328fc5 trace_id=4d83f9a942dde729ed1929aa86099de3 operation=ingestTriples entity_id=c360.semconnect.systems.csapi.system.x commit_state=verified kv_revision=1 identity_subject="" identity_verified=false forwarded_user="" forwarded_email="" classified_error=""
2026/10/01 05:10:50 WARN graph mutation audit component=cs-api request_id=f0c146e4-3527-4365-a2e1-783526083a12 trace_id=60e23f71a2ee7b4732c6928605d884c6 operation=ingestTriples entity_id=c360.semconnect.systems.csapi.system.precas commit_state=not-committed kv_revision=0 identity_subject="" identity_verified=false forwarded_user="" forwarded_email="" classified_error="cs-api: entity already exists: entity already exists: c360.semconnect.systems.csapi.system.precas"
2026/10/01 05:10:50 WARN backend error component=cs-api err="cs-api: entity already exists: entity already exists: c360.semconnect.systems.csapi.system.precas" status=409
2026/10/01 05:10:50 WARN backend error component=cs-api err="cs-api.listSystemEntities: graph backend unavailable failed: nats: no responders available for request" status=503
2026/10/01 05:10:50 WARN batch entity fetch for SystemCollection missed entity; degrading to id-only item component=cs-api entity=acme.ops.robotics.gcs.drone.001
2026/10/01 05:10:50 WARN backend error component=cs-api err="cs-api.listSystemEntities: predicate query failed: test.Request: boom failed: nats timeout" status=503
2026/10/01 05:10:50 WARN backend error component=cs-api err="cs-api.listSystemEntities: predicate query failed: test.Request: boom failed: bad body" status=400
2026/10/01 05:10:50 WARN backend error component=cs-api err="cs-api.listSystemEntities: predicate query failed: unexpected" status=500
2026/10/01 05:10:50 WARN backend error component=cs-api err="cs-api.listSystemEntities: predicate query failed: internal error" status=503
2026/10/01 05:10:50 WARN backend error component=cs-api err="cs-api: entity not found: not found: acme.ops.robotics.gcs.drone.999" status=404
2026/10/01 05:10:50 INFO entity not a system kind component=cs-api id=acme.ops.robotics.gcs.system.x
2026/10/01 05:10:50 INFO entity not a system kind component=cs-api id=acme.ops.robotics.gcs.system.x
2026/10/01 05:10:50 INFO entity not a system kind component=cs-api id=acme.ops.robotics.gcs.system.x
2026/10/01 05:10:50 INFO entity not a system kind component=cs-api id=acme.ops.robotics.gcs.system.y
2026/10/01 05:10:50 INFO entity not a system kind component=cs-api id=acme.ops.robotics.gcs.system.y
2026/10/01 05:10:50 INFO entity not a system kind component=cs-api id=acme.ops.robotics.gcs.system.y
2026/10/01 05:10:50 WARN backend error component=cs-api err="cs-api.fetchEntity: graph backend unavailable failed: nats: no responders available for request" status=503
2026/10/01 05:10:50 INFO graph mutation audit component=cs-api request_id=f1097721-64a3-4962-88fe-427400d8d80f trace_id=305498fbe1c1f7e7df12f783edc7b597 operation=ingestTriples entity_id=c360.semconnect.systems.csapi.system.42 commit_state=verified kv_revision=1 identity_subject="" identity_verified=false forwarded_user="" forwarded_email="" classified_error=""
FAIL
FAIL	github.com/c360studio/semconnect/gateway/cs-api	4.503s
ok  	github.com/c360studio/semconnect/message/oms	1.639s
?   	github.com/c360studio/semconnect/openspec/changes/qualify-semstreams-beta151/evidence/operations/retained-scan	[no test files]
ok  	github.com/c360studio/semconnect/parser/sensorml	1.848s
ok  	github.com/c360studio/semconnect/pkg/swecommon	3.103s
ok  	github.com/c360studio/semconnect/vocabulary/csapi	3.232s
ok  	github.com/c360studio/semconnect/vocabulary/oms	2.918s
ok  	github.com/c360studio/semconnect/vocabulary/sosa	2.926s
ok  	github.com/c360studio/semconnect/vocabulary/swe	2.234s
FAIL
