ok  	github.com/c360studio/semconnect/cmd/cs-api-server	1.345s
ok  	github.com/c360studio/semconnect/cmd/cs-graph-backend	1.842s
ok  	github.com/c360studio/semconnect/conformance	2.220s
ok  	github.com/c360studio/semconnect/conformance/cmd/index-readiness	1.807s
ok  	github.com/c360studio/semconnect/deploy	1.616s
ok  	github.com/c360studio/semconnect/deploy/probe	2.138s
2026/10/01 05:00:48 INFO Connecting to NATS urls=nats://localhost:55013
2026/10/01 05:00:48 INFO Successfully connected to NATS urls=nats://localhost:55013
2026/10/01 05:00:48 INFO validated cs-api projection contracts component=cs-api count=11
2026/10/01 05:00:48 INFO component initialized component=graph-ingest component=graph-ingest
2026/10/01 05:00:48 INFO Created new KV bucket bucket=ENTITY_STATES
2026/10/01 05:00:48 INFO Created new KV bucket bucket=ENTITY_SUFFIX_INDEX
2026/10/01 05:00:48 INFO Created new KV bucket bucket=GRAPH_INGEST_APPLIED_SEQ
2026/10/01 05:00:48 INFO Created new KV bucket bucket=GRAPH_STATUS
2026/10/01 05:00:48 INFO query handlers registered component=graph-ingest subjects="[graph.ingest.query.entity graph.ingest.query.batch graph.ingest.query.prefix graph.ingest.query.suffix]"
2026/10/01 05:00:48 INFO mutation handlers registered component=graph-ingest subjects="[graph.mutation.entity.create graph.mutation.entity.reconcile graph.mutation.triple.append graph.mutation.entity.delete]"
2026/10/01 05:00:48 INFO component started component=graph-ingest component=graph-ingest start_time=2026-10-01T05:00:48.295-05:00
2026/10/01 05:00:48 INFO graph mutation audit component=cs-api request_id=5417c120-7e5f-4684-b23a-9e6f5f2d11e0 trace_id=9248b60fc9b8d168b3b2fd023c624471 operation=ingestTriples entity_id=c360.semconnect.systems.csapi.system.hosted-platform-bake-01 commit_state=verified kv_revision=1 identity_subject=integration identity_verified=true forwarded_user="" forwarded_email="" classified_error=""
2026/10/01 05:00:48 WARN graph mutation rejected component=graph-ingest subject=graph.mutation.entity.create reason=entity_already_exists error="entity already exists: c360.semconnect.systems.csapi.system.hosted-platform-bake-01"
2026/10/01 05:00:48 WARN graph mutation audit component=cs-api request_id=e6c5ac88-bab7-4815-96af-81306c5d63ba trace_id=004f452e301abdfcce6dfd882bbd95d1 operation=ingestTriples entity_id=c360.semconnect.systems.csapi.system.hosted-platform-bake-01 commit_state=not-committed kv_revision=0 identity_subject=integration identity_verified=true forwarded_user="" forwarded_email="" classified_error="cs-api: entity already exists: entity already exists: c360.semconnect.systems.csapi.system.hosted-platform-bake-01"
2026/10/01 05:00:48 INFO graph mutation audit component=cs-api request_id=0186ffac-b377-4993-bc5d-ce2604b323d7 trace_id=d0af008304c049d84a210a6c6f55086d operation=integrationReconcile entity_id=c360.semconnect.systems.csapi.system.hosted-platform-bake-01 commit_state=verified kv_revision=2 identity_subject=integration identity_verified=true forwarded_user="" forwarded_email="" classified_error=""
2026/10/01 05:00:48 WARN graph mutation rejected component=graph-ingest subject=graph.mutation.entity.reconcile reason=revision_mismatch error="revision mismatch: expected 1, current 2"
2026/10/01 05:00:48 WARN graph mutation revision mismatch component=graph-ingest operation=entity.reconcile entity_id=c360.semconnect.systems.csapi.system.hosted-platform-bake-01 expected_revision=1
2026/10/01 05:00:48 WARN graph mutation audit component=cs-api request_id=dabc99ca-f06f-41fe-a746-52ebdf0ee8ec trace_id=114c65540bc973e278faa41222b73682 operation=integrationStaleReconcile entity_id=c360.semconnect.systems.csapi.system.hosted-platform-bake-01 commit_state=not-committed kv_revision=1 identity_subject=integration identity_verified=true forwarded_user="" forwarded_email="" classified_error="cs-api: entity already exists: revision mismatch: expected 1, current 2"
2026/10/01 05:00:48 INFO graph mutation audit component=cs-api request_id=97fa75bb-5fbd-4286-9b78-538bebdcf58f trace_id=4d4a7ca638e524bd42ff36d5d0c723da operation=deleteEntity entity_id=c360.semconnect.systems.csapi.system.hosted-platform-bake-01 commit_state=verified kv_revision=2 identity_subject=integration identity_verified=true forwarded_user="" forwarded_email="" classified_error=""
2026/10/01 05:00:48 INFO component stopped gracefully component=graph-ingest component=graph-ingest
2026/10/01 05:00:48 INFO Connecting to NATS urls=nats://127.0.0.1:54858
2026/10/01 05:00:48 INFO Successfully connected to NATS urls=nats://127.0.0.1:54858
2026/10/01 05:00:48 INFO initialized component=cs-api
2026/10/01 05:00:48 INFO validated cs-api projection contracts component=cs-api count=11
2026/10/01 05:00:48 INFO started component=cs-api standalone=true
2026/10/01 05:00:48 INFO HTTP server listening component=cs-api bind=127.0.0.1:54860
2026/10/01 05:00:48 INFO stopped component=cs-api
2026/10/01 05:00:48 INFO Connecting to NATS urls=nats://127.0.0.1:54862
2026/10/01 05:00:48 INFO Successfully connected to NATS urls=nats://127.0.0.1:54862
2026/10/01 05:00:48 INFO initialized component=cs-api
2026/10/01 05:00:48 INFO validated cs-api projection contracts component=cs-api count=11
2026/10/01 05:00:48 INFO started component=cs-api standalone=true
2026/10/01 05:00:48 INFO HTTP server listening component=cs-api bind=127.0.0.1:54865
2026/10/01 05:00:48 INFO stopped component=cs-api
2026/10/01 05:00:48 INFO Connecting to NATS urls=nats://127.0.0.1:54867
2026/10/01 05:00:48 INFO Successfully connected to NATS urls=nats://127.0.0.1:54867
2026/10/01 05:00:48 INFO initialized component=cs-api
2026/10/01 05:00:48 INFO validated cs-api projection contracts component=cs-api count=11
2026/10/01 05:00:48 INFO started component=cs-api standalone=true
2026/10/01 05:00:48 INFO HTTP server listening component=cs-api bind=127.0.0.1:54869
2026/10/01 05:00:48 INFO Connecting to NATS urls=nats://127.0.0.1:54871
2026/10/01 05:00:48 INFO Successfully connected to NATS urls=nats://127.0.0.1:54871
2026/10/01 05:00:48 INFO initialized component=cs-api
2026/10/01 05:00:48 INFO validated cs-api projection contracts component=cs-api count=11
2026/10/01 05:00:48 INFO started component=cs-api standalone=true
2026/10/01 05:00:48 INFO HTTP server listening component=cs-api bind=127.0.0.1:54873
2026/10/01 05:00:48 INFO initialized component=cs-api
2026/10/01 05:00:48 INFO validated cs-api projection contracts component=cs-api count=11
2026/10/01 05:00:48 INFO stopped component=cs-api
2026/10/01 05:00:48 INFO graph mutation audit component=cs-api request_id=eb523428-1ad3-4b95-aa73-e57ea201ca1f trace_id=0d8c0a9be2bb67e023a9e68f30acfccf operation=ingestTriples entity_id=c360.semconnect.systems.csapi.command.ptz001 commit_state=verified kv_revision=1 identity_subject="" identity_verified=false forwarded_user="" forwarded_email="" classified_error=""
2026/10/01 05:00:48 INFO graph mutation audit component=cs-api request_id=f94f6d16-8aac-4fde-be1e-1d3ce4e0102c trace_id=521e3a53b5e817a14f2ed8a8dc3bc072 operation=createSchemaArtifact entity_id=c360.semconnect.systems.csapi.schema.sha256-7821e9a812d30beec490c8b83bf5567a285f48f24e04e660607fab00cab0d368 commit_state=verified kv_revision=1 identity_subject="" identity_verified=false forwarded_user="" forwarded_email="" classified_error=""
2026/10/01 05:00:48 INFO graph mutation audit component=cs-api request_id=200e4502-365f-4259-811e-ba684b6857d9 trace_id=4175554201f44289eeb220d46d2cf166 operation=ingestTriples entity_id=c360.semconnect.systems.csapi.controlstream.PTZ_Control-ptz commit_state=verified kv_revision=1 identity_subject="" identity_verified=false forwarded_user="" forwarded_email="" classified_error=""
2026/10/01 05:00:48 INFO graph mutation audit component=cs-api request_id=cf00d885-0dfb-436a-9f19-ca71641a8188 trace_id=73f4704174d6782a11e00738c5e19fcb operation=replaceEntityTriples entity_id=acme.ops.weather.station.flow.alpha commit_state=verified kv_revision=8 identity_subject="" identity_verified=false forwarded_user="" forwarded_email="" classified_error=""
2026/10/01 05:00:48 INFO graph mutation audit component=cs-api request_id=71c7bdff-ba40-41bf-ab12-88970e0eb167 trace_id=a763fa508329552000a079ea4f09dc8b operation=replaceEntityTriples entity_id=acme.ops.weather.station.flow.alpha commit_state=verified kv_revision=8 identity_subject="" identity_verified=false forwarded_user="" forwarded_email="" classified_error=""
2026/10/01 05:00:48 WARN graph mutation audit component=cs-api request_id=7982a5ca-5f21-40e3-b062-764b3a73234b trace_id=d8e058dcf313718218d540798b10019f operation=replaceEntityTriples entity_id=acme.ops.weather.station.flow.alpha commit_state=not-committed kv_revision=7 identity_subject="" identity_verified=false forwarded_user="" forwarded_email="" classified_error="cs-api.replaceEntityTriples: graph mutation unavailable failed: nats: no responders available for request"
2026/10/01 05:00:48 WARN backend error component=cs-api err="cs-api.replaceEntityTriples: graph mutation unavailable failed: nats: no responders available for request" status=503
2026/10/01 05:00:48 INFO graph mutation audit component=cs-api request_id=635ba0cd-1bae-471e-87bf-69db3f39227a trace_id=d7602ad8df4810525ba86ba8b11d2d89 operation=deleteEntity entity_id=acme.ops.weather.station.flow.alpha commit_state=verified kv_revision=7 identity_subject="" identity_verified=false forwarded_user="" forwarded_email="" classified_error=""
2026/10/01 05:00:48 INFO graph mutation audit component=cs-api request_id=11f791d9-a19b-4f05-9d6c-f96b9ec70a26 trace_id=86d582a3efa3b2528d2f2a65281b00fe operation=deleteEntity entity_id=acme.ops.weather.station.flow.alpha commit_state=verified kv_revision=7 identity_subject="" identity_verified=false forwarded_user="" forwarded_email="" classified_error=""
2026/10/01 05:00:48 WARN backend error component=cs-api err="cs-api.handleDatastreamDelete: purge observations failed: nats: no responders available for request" status=503
2026/10/01 05:00:48 INFO graph mutation audit component=cs-api request_id=3c321398-e38f-4bc6-8278-9a7602bf0dd8 trace_id=ec4c0ba14e4bfbb03ba2f8d34be6a440 operation=deleteEntity entity_id=acme.ops.weather.station.flow.alpha commit_state=verified kv_revision=7 identity_subject="" identity_verified=false forwarded_user=alice forwarded_email="" classified_error=""
2026/10/01 05:00:48 INFO graph mutation audit component=cs-api request_id=072ea4c0-1da6-4319-9bf4-341410a35d4a trace_id=15eb71611284f249f2bed0c289a92f1a operation=createSchemaArtifact entity_id=c360.semconnect.systems.csapi.schema.sha256-f11974ada89c6fc6b1de03454ab821aa2afacf11b9140d3c028e02869be10e27 commit_state=verified kv_revision=8 identity_subject="" identity_verified=false forwarded_user="" forwarded_email="" classified_error=""
2026/10/01 05:00:48 INFO graph mutation audit component=cs-api request_id=2c0fd056-ce35-43fc-b3c9-a2d56787a8c3 trace_id=028f13848283d1b2d47fd3e69abf0985 operation=replaceEntityTriples entity_id=acme.ops.weather.station.flow.alpha commit_state=verified kv_revision=8 identity_subject="" identity_verified=false forwarded_user="" forwarded_email="" classified_error=""
2026/10/01 05:00:48 WARN backend error component=cs-api err="cs-api: entity not found: not found: acme.ops.weather.station.flow.alpha" status=404
2026/10/01 05:00:48 INFO entity not a datastream kind component=cs-api id=c360.semconnect.systems.csapi.system.sensor1
2026/10/01 05:00:48 INFO graph mutation audit component=cs-api request_id=8ca2a4af-ceae-41a7-bc6a-dfdf60717808 trace_id=bf70d70ccdb9e8d023ac27c3e82fe2f2 operation=ingestTriples entity_id=c360.semconnect.systems.csapi.datastream.fef5e61a-aec1-4ac6-abd2-6241d104f0e4 commit_state=verified kv_revision=1 identity_subject="" identity_verified=false forwarded_user="" forwarded_email="" classified_error=""
2026/10/01 05:00:48 INFO graph mutation audit component=cs-api request_id=f45757cb-6f06-4d95-b79c-f040df26f799 trace_id=e392d854127ce7a3fd85c9d51aead9aa operation=createSchemaArtifact entity_id=c360.semconnect.systems.csapi.schema.sha256-f11974ada89c6fc6b1de03454ab821aa2afacf11b9140d3c028e02869be10e27 commit_state=verified kv_revision=1 identity_subject="" identity_verified=false forwarded_user="" forwarded_email="" classified_error=""
2026/10/01 05:00:48 INFO graph mutation audit component=cs-api request_id=e2565229-3624-4ac0-980d-d0b7b4f03307 trace_id=8a4b7348d7b07a343141acd78962c62b operation=ingestTriples entity_id=tenantA.proj.feeds.csapi.datastream.temp commit_state=verified kv_revision=1 identity_subject="" identity_verified=false forwarded_user="" forwarded_email="" classified_error=""
2026/10/01 05:00:48 WARN graph mutation audit component=cs-api request_id=0f5bb3fe-55c1-4c35-9174-be31951c34f0 trace_id=4b0fda35debcc7024bca0d3f6bfcd0ee operation=ingestTriples entity_id=c360.semconnect.systems.csapi.datastream.9534aaca-b0d9-4132-a4e8-fd87a0792b58 commit_state=unknown kv_revision=0 identity_subject="" identity_verified=false forwarded_user="" forwarded_email="" classified_error="cs-api.ingestTriples: graph mutation commit outcome unknown failed: graph mutation commit outcome unknown (correlation 0f5bb3fe-55c1-4c35-9174-be31951c34f0): context deadline exceeded"
2026/10/01 05:00:48 WARN backend error component=cs-api err="cs-api.ingestTriples: graph mutation commit outcome unknown failed: graph mutation commit outcome unknown (correlation 0f5bb3fe-55c1-4c35-9174-be31951c34f0): context deadline exceeded" status=503
2026/10/01 05:00:48 INFO graph mutation audit component=cs-api request_id=c5fd551e-1866-41c3-9aae-5394ebf0da69 trace_id=568ff454c24a0dfd483afef8aa3e71ce operation=ingestTriples entity_id=tenantA.proj.feeds.csapi.datastream.thermistor1 commit_state=verified kv_revision=1 identity_subject="" identity_verified=false forwarded_user="" forwarded_email="" classified_error=""
2026/10/01 05:00:48 INFO entity not a deployment kind component=cs-api id=c360.semconnect.systems.csapi.deployment.alpha
2026/10/01 05:00:48 INFO graph mutation audit component=cs-api request_id=55a2608f-4964-475f-90de-5d0e7dde1e37 trace_id=594b0ff0e1eef98169fc6cbe16a56dd5 operation=ingestTriples entity_id=c360.semconnect.systems.csapi.deployment.2 commit_state=verified kv_revision=1 identity_subject="" identity_verified=false forwarded_user="" forwarded_email="" classified_error=""
2026/10/01 05:00:48 INFO graph mutation audit component=cs-api request_id=d6419fb5-aeee-4a2d-bdd5-8444a117f308 trace_id=599761b7a5ca0158367d0f810ec4ade6 operation=ingestTriples entity_id=c360.semconnect.systems.csapi.deployment.3 commit_state=verified kv_revision=1 identity_subject="" identity_verified=false forwarded_user="" forwarded_email="" classified_error=""
2026/10/01 05:00:48 INFO graph mutation audit component=cs-api request_id=19a7a7de-0b1d-47e5-9aab-bc09565b556a trace_id=ae1dd8ac6671feb27cafc6e6de4124d0 operation=ingestTriples entity_id=c360.semconnect.systems.csapi.feasibility.c360_semconnect_systems_csapi_controlstream_ptz commit_state=verified kv_revision=1 identity_subject="" identity_verified=false forwarded_user="" forwarded_email="" classified_error=""
2026/10/01 05:00:48 WARN graph mutation audit component=cs-api request_id=3905d26f-8166-4271-860d-265927f8a175 trace_id=67cddfabb527b2b823d38441085c4253 operation=ingestTriples entity_id=c360.semconnect.systems.csapi.system.outcomes commit_state=unknown kv_revision=0 identity_subject="" identity_verified=false forwarded_user="" forwarded_email="" classified_error="cs-api.ingestTriples: graph mutation commit outcome unknown failed: graph mutation commit outcome unknown (correlation 3905d26f-8166-4271-860d-265927f8a175): unexpected end of JSON input"
2026/10/01 05:00:48 WARN backend error component=cs-api err="cs-api.ingestTriples: graph mutation commit outcome unknown failed: graph mutation commit outcome unknown (correlation 3905d26f-8166-4271-860d-265927f8a175): unexpected end of JSON input" status=503
2026/10/01 05:00:48 WARN graph mutation audit component=cs-api request_id=6447f456-9d5c-4b5b-bb40-e87090bcdb20 trace_id=590a68a3e2232031bf384c05285d2aa5 operation=ingestTriples entity_id=c360.semconnect.systems.csapi.system.outcomes commit_state=unknown kv_revision=0 identity_subject="" identity_verified=false forwarded_user="" forwarded_email="" classified_error="cs-api.ingestTriples: graph mutation commit outcome unknown failed: graph mutation commit outcome unknown (correlation 6447f456-9d5c-4b5b-bb40-e87090bcdb20): invalid typed create response"
2026/10/01 05:00:48 WARN backend error component=cs-api err="cs-api.ingestTriples: graph mutation commit outcome unknown failed: graph mutation commit outcome unknown (correlation 6447f456-9d5c-4b5b-bb40-e87090bcdb20): invalid typed create response" status=503
2026/10/01 05:00:48 WARN graph mutation audit component=cs-api request_id=e1f4e533-9cd5-4e22-97d3-b46a90d4e6e4 trace_id=29631362bd2316fd59c6a1a6834a65c5 operation=ingestTriples entity_id=c360.semconnect.systems.csapi.system.outcomes commit_state=unknown kv_revision=0 identity_subject="" identity_verified=false forwarded_user="" forwarded_email="" classified_error="cs-api.ingestTriples: graph mutation commit outcome unknown failed: graph mutation commit outcome unknown (correlation e1f4e533-9cd5-4e22-97d3-b46a90d4e6e4): invalid typed create response"
2026/10/01 05:00:48 WARN backend error component=cs-api err="cs-api.ingestTriples: graph mutation commit outcome unknown failed: graph mutation commit outcome unknown (correlation e1f4e533-9cd5-4e22-97d3-b46a90d4e6e4): invalid typed create response" status=503
2026/10/01 05:00:48 WARN graph mutation audit component=cs-api request_id=4e1d91e1-9aed-47d4-ae83-103ffdd13b44 trace_id=261fc8759519d0068bf1f067b446cfc2 operation=outcome entity_id=c360.semconnect.systems.csapi.system.outcomes commit_state=unknown kv_revision=42 identity_subject="" identity_verified=false forwarded_user="" forwarded_email="" classified_error="cs-api.outcome: graph mutation commit outcome unknown failed: graph mutation commit outcome unknown (correlation 4e1d91e1-9aed-47d4-ae83-103ffdd13b44): unexpected end of JSON input"
2026/10/01 05:00:48 WARN backend error component=cs-api err="cs-api.outcome: graph mutation commit outcome unknown failed: graph mutation commit outcome unknown (correlation 4e1d91e1-9aed-47d4-ae83-103ffdd13b44): unexpected end of JSON input" status=503
2026/10/01 05:00:48 WARN graph mutation audit component=cs-api request_id=77d75c11-93df-4971-911d-1e99e652043e trace_id=ab4ed7c3273831be51211211c097cb2b operation=outcome entity_id=c360.semconnect.systems.csapi.system.outcomes commit_state=unknown kv_revision=42 identity_subject="" identity_verified=false forwarded_user="" forwarded_email="" classified_error="cs-api.outcome: graph mutation commit outcome unknown failed: graph mutation commit outcome unknown (correlation 77d75c11-93df-4971-911d-1e99e652043e): invalid typed reconcile response"
2026/10/01 05:00:48 WARN backend error component=cs-api err="cs-api.outcome: graph mutation commit outcome unknown failed: graph mutation commit outcome unknown (correlation 77d75c11-93df-4971-911d-1e99e652043e): invalid typed reconcile response" status=503
2026/10/01 05:00:48 WARN graph mutation audit component=cs-api request_id=379ca29f-2e1e-436a-982e-18f9af8f1a9a trace_id=a58e671c9aca36999e34cdd979d1d000 operation=outcome entity_id=c360.semconnect.systems.csapi.system.outcomes commit_state=unknown kv_revision=42 identity_subject="" identity_verified=false forwarded_user="" forwarded_email="" classified_error="cs-api.outcome: graph mutation commit outcome unknown failed: graph mutation commit outcome unknown (correlation 379ca29f-2e1e-436a-982e-18f9af8f1a9a): invalid typed reconcile response"
2026/10/01 05:00:48 WARN backend error component=cs-api err="cs-api.outcome: graph mutation commit outcome unknown failed: graph mutation commit outcome unknown (correlation 379ca29f-2e1e-436a-982e-18f9af8f1a9a): invalid typed reconcile response" status=503
2026/10/01 05:00:48 WARN graph mutation audit component=cs-api request_id=9fa65dc5-9034-41ef-95f5-928b7f013a52 trace_id=43acd2ea989cecefb898e934ecf08089 operation=deleteEntity entity_id=c360.semconnect.systems.csapi.system.outcomes commit_state=unknown kv_revision=42 identity_subject="" identity_verified=false forwarded_user="" forwarded_email="" classified_error="cs-api.deleteEntity: graph mutation commit outcome unknown failed: graph mutation commit outcome unknown (correlation 9fa65dc5-9034-41ef-95f5-928b7f013a52): unexpected end of JSON input"
2026/10/01 05:00:48 WARN backend error component=cs-api err="cs-api.deleteEntity: graph mutation commit outcome unknown failed: graph mutation commit outcome unknown (correlation 9fa65dc5-9034-41ef-95f5-928b7f013a52): unexpected end of JSON input" status=503
2026/10/01 05:00:48 WARN graph mutation audit component=cs-api request_id=c4afa371-1da0-4870-89c3-baccb4bc9986 trace_id=ea75d30fffbc94ce03f5e9de85063a2b operation=deleteEntity entity_id=c360.semconnect.systems.csapi.system.outcomes commit_state=unknown kv_revision=42 identity_subject="" identity_verified=false forwarded_user="" forwarded_email="" classified_error="cs-api.deleteEntity: graph mutation commit outcome unknown failed: graph mutation commit outcome unknown (correlation c4afa371-1da0-4870-89c3-baccb4bc9986): invalid typed delete response"
2026/10/01 05:00:48 WARN backend error component=cs-api err="cs-api.deleteEntity: graph mutation commit outcome unknown failed: graph mutation commit outcome unknown (correlation c4afa371-1da0-4870-89c3-baccb4bc9986): invalid typed delete response" status=503
2026/10/01 05:00:48 WARN graph mutation audit component=cs-api request_id=c64a4560-3f1c-43d9-9671-5fd878572732 trace_id=3ee3f8a198383b10f37f1f450e03984c operation=deleteEntity entity_id=c360.semconnect.systems.csapi.system.outcomes commit_state=unknown kv_revision=42 identity_subject="" identity_verified=false forwarded_user="" forwarded_email="" classified_error="cs-api.deleteEntity: graph mutation commit outcome unknown failed: graph mutation commit outcome unknown (correlation c64a4560-3f1c-43d9-9671-5fd878572732): invalid typed delete response"
2026/10/01 05:00:48 WARN backend error component=cs-api err="cs-api.deleteEntity: graph mutation commit outcome unknown failed: graph mutation commit outcome unknown (correlation c64a4560-3f1c-43d9-9671-5fd878572732): invalid typed delete response" status=503
2026/10/01 05:00:48 WARN graph mutation audit component=cs-api request_id=b28cdf76-a4e6-4183-966b-92447c3b83e1 trace_id=43d9c38da76c367837342550e9178edc operation=ingestTriples entity_id=c360.semconnect.systems.csapi.system.outcomes commit_state=not-committed kv_revision=0 identity_subject="" identity_verified=false forwarded_user="" forwarded_email="" classified_error="cs-api.ingestTriples: graph mutation canceled before request failed: context canceled"
2026/10/01 05:00:48 WARN backend error component=cs-api err="cs-api.ingestTriples: graph mutation canceled before request failed: context canceled" status=503
2026/10/01 05:00:48 WARN graph mutation audit component=cs-api request_id=a4c092c6-ec8d-4897-8ea7-8021e9f4b10b trace_id=83fb8858a089bd3cfd1bd4d601faf715 operation=ingestTriples entity_id=c360.semconnect.systems.csapi.system.outcomes commit_state=not-committed kv_revision=0 identity_subject="" identity_verified=false forwarded_user="" forwarded_email="" classified_error="cs-api.ingestTriples: graph mutation unavailable failed: nats: no responders available for request"
2026/10/01 05:00:48 WARN backend error component=cs-api err="cs-api.ingestTriples: graph mutation unavailable failed: nats: no responders available for request" status=503
2026/10/01 05:00:48 INFO Connecting to NATS urls=nats://127.0.0.1:54875
2026/10/01 05:00:48 INFO Successfully connected to NATS urls=nats://127.0.0.1:54875
2026/10/01 05:00:48 INFO graph mutation audit component=cs-api request_id=cd872c12-29b8-429a-a8f0-72674964eb64 trace_id=70cc81ed9f0095f7207e375c14835617 operation=ingestTriples entity_id=c360.semconnect.systems.csapi.system.child commit_state=verified kv_revision=2 identity_subject=subject-alice identity_verified=false forwarded_user=alice forwarded_email=alice@example.test classified_error=""
2026/10/01 05:00:48 INFO Connecting to NATS urls=nats://127.0.0.1:54881
2026/10/01 05:00:48 INFO Successfully connected to NATS urls=nats://127.0.0.1:54881
2026/10/01 05:00:48 INFO initialized component=cs-api
2026/10/01 05:00:48 INFO validated cs-api projection contracts component=cs-api count=11
2026/10/01 05:00:48 INFO started component=cs-api standalone=false
2026/10/01 05:00:48 INFO stopped component=cs-api
2026/10/01 05:00:48 INFO observations read component=cs-api datastream=c360.semconnect.systems.csapi.datastream.001 limit=100 after=0 returned=0 last_seq=0 forwarded_user="" forwarded_email=""
2026/10/01 05:00:48 INFO observations read component=cs-api datastream=c360.semconnect.systems.csapi.datastream.001 limit=100 after=0 returned=2 last_seq=101 forwarded_user="" forwarded_email=""
2026/10/01 05:00:48 INFO observations read component=cs-api datastream=c360.semconnect.systems.csapi.datastream.001 limit=1 after=0 returned=1 last_seq=42 forwarded_user="" forwarded_email=""
2026/10/01 05:00:48 INFO observations read component=cs-api datastream=c360.semconnect.systems.csapi.datastream.001 limit=100 after=42 returned=0 last_seq=0 forwarded_user="" forwarded_email=""
2026/10/01 05:00:48 INFO observations read component=cs-api datastream=c360.semconnect.systems.csapi.datastream.001 limit=10 after=42 returned=1 last_seq=43 forwarded_user="" forwarded_email=""
2026/10/01 05:00:48 INFO observations read component=cs-api datastream=c360.semconnect.systems.csapi.datastream.001 limit=100 after=0 returned=1 last_seq=1 forwarded_user="" forwarded_email=""
2026/10/01 05:00:48 INFO observations read component=cs-api datastream=c360.semconnect.systems.csapi.datastream.001 limit=100 after=0 returned=1 last_seq=9 forwarded_user="" forwarded_email=""
2026/10/01 05:00:48 WARN datastream schema lookup failed; falling back to inferred observation schema component=cs-api datastream=c360.semconnect.systems.csapi.datastream.001 err="decode exact entity response: unexpected end of JSON input"
2026/10/01 05:00:48 INFO observations read component=cs-api datastream=c360.semconnect.systems.csapi.datastream.001 limit=100 after=0 returned=1 last_seq=9 forwarded_user="" forwarded_email=""
2026/10/01 05:00:48 WARN datastream schema lookup failed; falling back to inferred observation schema component=cs-api datastream=c360.semconnect.systems.csapi.datastream.001 err="decode exact entity response: unexpected end of JSON input"
2026/10/01 05:00:48 INFO observations read component=cs-api datastream=c360.semconnect.systems.csapi.datastream.001 limit=100 after=0 returned=1 last_seq=9 forwarded_user="" forwarded_email=""
2026/10/01 05:00:48 INFO observations read component=cs-api datastream=c360.semconnect.systems.csapi.datastream.001 limit=100 after=0 returned=1 last_seq=9 forwarded_user="" forwarded_email=""
2026/10/01 05:00:48 WARN datastream schema lookup failed; falling back to inferred observation schema component=cs-api datastream=c360.semconnect.systems.csapi.datastream.001 err="decode exact entity response: unexpected end of JSON input"
2026/10/01 05:00:48 WARN backend error component=cs-api err="cs-api.handleObservationsGet: fetch failed: nats: no responders available for request" status=503
2026/10/01 05:00:48 WARN backend error component=cs-api err="cs-api.handleObservationsGet: reader unset failed: observation stream reader not initialized" status=503
2026/10/01 05:00:48 WARN observation envelope decode failed; skipping component=cs-api subject=cs-api.observations.c360.semconnect.systems.csapi.datastream.001 seq=1 err="invalid character 'n' looking for beginning of object key string"
2026/10/01 05:00:48 INFO observations read component=cs-api datastream=c360.semconnect.systems.csapi.datastream.001 limit=100 after=0 returned=1 last_seq=2 forwarded_user="" forwarded_email=""
2026/10/01 05:00:48 WARN backend error component=cs-api err="cs-api.handleObservationsGet: fetch failed: simulated stream error" status=500
2026/10/01 05:00:48 WARN backend error component=cs-api err="cs-api.publishObservation: jetstream unavailable failed: nats: no responders available for request" status=503
2026/10/01 05:00:48 WARN backend error component=cs-api err="cs-api.publishObservation: jetstream unavailable failed: nats: connection closed" status=503
2026/10/01 05:00:48 WARN backend error component=cs-api err="cs-api.publishObservation: jetstream unavailable failed: context deadline exceeded" status=503
2026/10/01 05:00:48 WARN backend error component=cs-api err="cs-api.publishObservation: publish to cs-api.observations.acme.ops.robotics.gcs.datastream.001 failed: something else" status=500
2026/10/01 05:00:48 WARN batch entity fetch for procedure FeatureCollection missed entity; degrading to featureType-only properties component=cs-api entity=c360.semconnect.systems.csapi.procedure.alpha
2026/10/01 05:00:48 WARN batch entity fetch for procedure FeatureCollection missed entity; degrading to featureType-only properties component=cs-api entity=c360.semconnect.systems.csapi.procedure.beta
2026/10/01 05:00:48 INFO entity not a procedure kind component=cs-api id=c360.semconnect.systems.csapi.procedure.test01
2026/10/01 05:00:48 INFO graph mutation audit component=cs-api request_id=d5d45588-f446-4b6e-9799-568e18f39b47 trace_id=b77b8617ddee71d0fd8c1e6096d4abbb operation=ingestTriples entity_id=c360.semconnect.systems.csapi.procedure.cal1 commit_state=verified kv_revision=1 identity_subject="" identity_verified=false forwarded_user="" forwarded_email="" classified_error=""
2026/10/01 05:00:48 INFO graph mutation audit component=cs-api request_id=ee021568-8190-40ba-8d75-24acf1ff6c76 trace_id=5a892df57ad26207e2385b54f6d3c303 operation=ingestTriples entity_id=c360.semconnect.systems.csapi.procedure.1 commit_state=verified kv_revision=1 identity_subject="" identity_verified=false forwarded_user="" forwarded_email="" classified_error=""
2026/10/01 05:00:48 INFO graph mutation audit component=cs-api request_id=e8abbfae-d04d-477c-8caa-0d27515e89e7 trace_id=288b24327b3c2c3f13e27f8d6467947a operation=ingestTriples entity_id=c360.semconnect.systems.csapi.procedure.geo commit_state=verified kv_revision=1 identity_subject="" identity_verified=false forwarded_user="" forwarded_email="" classified_error=""
2026/10/01 05:00:48 INFO entity not a system kind component=cs-api id=c360.semconnect.systems.csapi.procedure.test01
2026/10/01 05:00:48 INFO entity not a property kind component=cs-api id=c360.semconnect.systems.csapi.property.airtemperature
2026/10/01 05:00:48 INFO graph mutation audit component=cs-api request_id=833ed03e-e1a9-4bea-bdb8-6a1a0a5c2271 trace_id=ed0c45fa75a165f17e87be946fa2e538 operation=ingestTriples entity_id=c360.semconnect.systems.csapi.property.airtemp commit_state=verified kv_revision=1 identity_subject="" identity_verified=false forwarded_user="" forwarded_email="" classified_error=""
2026/10/01 05:00:48 INFO entity not a sampling feature kind component=cs-api id=c360.semconnect.systems.csapi.samplingfeature.alpha
2026/10/01 05:00:48 INFO graph mutation audit component=cs-api request_id=3fc01d2a-713f-444a-bcd2-60e2f11fbfa5 trace_id=cd1c3a70ec34ec837d40fc48385cdc16 operation=ingestTriples entity_id=c360.semconnect.systems.csapi.samplingfeature.2 commit_state=verified kv_revision=1 identity_subject="" identity_verified=false forwarded_user="" forwarded_email="" classified_error=""
2026/10/01 05:00:48 INFO graph mutation audit component=cs-api request_id=0ce89724-a547-4ee3-929d-75ed271eaa2c trace_id=fda4db4fbeac69bfee39f17c8938eeb0 operation=createSchemaArtifact entity_id=c360.semconnect.systems.csapi.schema.sha256-f11974ada89c6fc6b1de03454ab821aa2afacf11b9140d3c028e02869be10e27 commit_state=verified kv_revision=1 identity_subject=alice identity_verified=false forwarded_user="" forwarded_email="" classified_error=""
2026/10/01 05:00:48 WARN graph mutation audit component=cs-api request_id=99c436b9-9657-4391-bfa9-35a5d32b404a trace_id=dc5b73197bfa6cdbfd7f01b6a747af9b operation=createSchemaArtifact entity_id=c360.semconnect.systems.csapi.schema.sha256-f11974ada89c6fc6b1de03454ab821aa2afacf11b9140d3c028e02869be10e27 commit_state=not-committed kv_revision=0 identity_subject="" identity_verified=false forwarded_user="" forwarded_email="" classified_error="cs-api: entity already exists: exists"
2026/10/01 05:00:48 WARN graph mutation audit component=cs-api request_id=8899e86f-4bc0-4e64-a145-8542d35a7f00 trace_id=5e655e1c2e632a239c053df02b6990f1 operation=createSchemaArtifact entity_id=c360.semconnect.systems.csapi.schema.sha256-f11974ada89c6fc6b1de03454ab821aa2afacf11b9140d3c028e02869be10e27 commit_state=not-committed kv_revision=0 identity_subject="" identity_verified=false forwarded_user="" forwarded_email="" classified_error="cs-api: entity already exists: exists"
2026/10/01 05:00:48 WARN graph mutation audit component=cs-api request_id=c62e7d7e-3ec8-4fe8-828e-043bd0874ee2 trace_id=c01a63918b95dd81458c159eb4229cf1 operation=createSchemaArtifact entity_id=c360.semconnect.systems.csapi.schema.sha256-f11974ada89c6fc6b1de03454ab821aa2afacf11b9140d3c028e02869be10e27 commit_state=not-committed kv_revision=0 identity_subject="" identity_verified=false forwarded_user="" forwarded_email="" classified_error="cs-api: entity already exists: exists"
2026/10/01 05:00:48 INFO graph mutation audit component=cs-api request_id=d302c6ab-d663-4337-8cbc-9d7cdd35cf31 trace_id=fe7f33366883b9e5ef35e8a54bb4accb operation=createSchemaArtifact entity_id=c360.semconnect.systems.csapi.schema.sha256-f11974ada89c6fc6b1de03454ab821aa2afacf11b9140d3c028e02869be10e27 commit_state=verified kv_revision=1 identity_subject="" identity_verified=false forwarded_user="" forwarded_email="" classified_error=""
2026/10/01 05:00:48 INFO Connecting to NATS urls=nats://127.0.0.1:54884
2026/10/01 05:00:48 INFO Successfully connected to NATS urls=nats://127.0.0.1:54884
2026/10/01 05:00:48 INFO validated cs-api projection contracts component=cs-api count=11
2026/10/01 05:00:48 INFO component initialized component=graph-ingest component=graph-ingest
2026/10/01 05:00:48 INFO Created new KV bucket bucket=ENTITY_STATES
2026/10/01 05:00:49 INFO Created new KV bucket bucket=ENTITY_SUFFIX_INDEX
2026/10/01 05:00:49 INFO Created new KV bucket bucket=GRAPH_INGEST_APPLIED_SEQ
2026/10/01 05:00:49 INFO Created new KV bucket bucket=GRAPH_STATUS
2026/10/01 05:00:49 INFO query handlers registered component=graph-ingest subjects="[graph.ingest.query.entity graph.ingest.query.batch graph.ingest.query.prefix graph.ingest.query.suffix]"
2026/10/01 05:00:49 INFO mutation handlers registered component=graph-ingest subjects="[graph.mutation.entity.create graph.mutation.entity.reconcile graph.mutation.triple.append graph.mutation.entity.delete]"
2026/10/01 05:00:49 INFO component started component=graph-ingest component=graph-ingest start_time=2026-10-01T05:00:49.029-05:00
2026/10/01 05:00:49 WARN graph-ingest: entity authority rejected component=graph-ingest arrival=graph.mutation.entity.create reason=authority_foreign lane=local segment_index=0
2026/10/01 05:00:49 WARN graph mutation audit component=cs-api request_id=eb366d62-b273-4c9d-8600-0f63e48c39fe trace_id=ba0a9b93e1fdb83ce1f5fc3aeed53b25 operation=ingestTriples entity_id=foreign.remote.systems.csapi.datastream.setup03a-reference commit_state=not-committed kv_revision=0 identity_subject="" identity_verified=false forwarded_user="" forwarded_email="" classified_error="cs-api.ingestTriples: graph rejected entity mutation failed: invalid entity ID contract input"
2026/10/01 05:00:49 WARN backend error component=cs-api err="cs-api.ingestTriples: graph rejected entity mutation failed: invalid entity ID contract input" status=400
2026/10/01 05:00:49 INFO component stopped gracefully component=graph-ingest component=graph-ingest
--- FAIL: TestSetup03AFederatedDatastreamCreate (0.10s)
    setup03a_federation_integration_test.go:25: federated six-part ID must remain HTTP 201: got 400 body={"error":"cs-api.ingestTriples: graph rejected entity mutation failed: invalid entity ID contract input","status":400}
2026/10/01 05:00:49 INFO Connecting to NATS urls=nats://127.0.0.1:54886
2026/10/01 05:00:49 INFO Successfully connected to NATS urls=nats://127.0.0.1:54886
2026/10/01 05:00:49 INFO validated cs-api projection contracts component=cs-api count=11
2026/10/01 05:00:49 INFO component initialized component=graph-ingest component=graph-ingest
2026/10/01 05:00:49 INFO Created new KV bucket bucket=ENTITY_STATES
2026/10/01 05:00:49 INFO Created new KV bucket bucket=ENTITY_SUFFIX_INDEX
2026/10/01 05:00:49 INFO Created new KV bucket bucket=GRAPH_INGEST_APPLIED_SEQ
2026/10/01 05:00:49 INFO Created new KV bucket bucket=GRAPH_STATUS
2026/10/01 05:00:49 INFO query handlers registered component=graph-ingest subjects="[graph.ingest.query.entity graph.ingest.query.batch graph.ingest.query.prefix graph.ingest.query.suffix]"
2026/10/01 05:00:49 INFO mutation handlers registered component=graph-ingest subjects="[graph.mutation.entity.create graph.mutation.entity.reconcile graph.mutation.triple.append graph.mutation.entity.delete]"
2026/10/01 05:00:49 INFO component started component=graph-ingest component=graph-ingest start_time=2026-10-01T05:00:49.101-05:00
2026/10/01 05:00:49 INFO graph mutation audit component=cs-api request_id=d9f25c3d-1c02-4ef6-9a06-b2309fca4cdc trace_id=732ea81fb75149d7c0a9a74bf0447607 operation=ingestTriples entity_id=c360.semconnect.systems.csapi.system.setup03a-root commit_state=verified kv_revision=1 identity_subject=setup03a-reference identity_verified=false forwarded_user="" forwarded_email="" classified_error=""
2026/10/01 05:00:49 WARN graph mutation rejected component=graph-ingest subject=graph.mutation.entity.create reason=entity_already_exists error="entity already exists: c360.semconnect.systems.csapi.system.setup03a-root"
2026/10/01 05:00:49 WARN graph mutation audit component=cs-api request_id=606bfaa3-64a6-4f0e-bc29-6b15706b765f trace_id=7fbbc9fa7b10fa6771fdc5ca09118af6 operation=ingestTriples entity_id=c360.semconnect.systems.csapi.system.setup03a-root commit_state=not-committed kv_revision=0 identity_subject=setup03a-reference identity_verified=false forwarded_user="" forwarded_email="" classified_error="cs-api: entity already exists: entity already exists: c360.semconnect.systems.csapi.system.setup03a-root"
2026/10/01 05:00:49 INFO graph mutation audit component=cs-api request_id=744e3092-812b-4409-ac13-c1031866377a trace_id=16e6690b2da2c1a92a61459b8dad1852 operation=referenceReconcile entity_id=c360.semconnect.systems.csapi.system.setup03a-root commit_state=verified kv_revision=2 identity_subject=setup03a-reference identity_verified=false forwarded_user="" forwarded_email="" classified_error=""
2026/10/01 05:00:49 WARN graph mutation rejected component=graph-ingest subject=graph.mutation.entity.reconcile reason=revision_mismatch error="revision mismatch: expected 1, current 2"
2026/10/01 05:00:49 WARN graph mutation revision mismatch component=graph-ingest operation=entity.reconcile entity_id=c360.semconnect.systems.csapi.system.setup03a-root expected_revision=1
2026/10/01 05:00:49 WARN graph mutation audit component=cs-api request_id=c79bb323-7915-42d9-a166-c46cb4d98280 trace_id=d8d962b051405203c3429adecce7e62f operation=referenceStaleReconcile entity_id=c360.semconnect.systems.csapi.system.setup03a-root commit_state=not-committed kv_revision=1 identity_subject=setup03a-reference identity_verified=false forwarded_user="" forwarded_email="" classified_error="cs-api: entity already exists: revision mismatch: expected 1, current 2"
2026/10/01 05:00:49 WARN graph mutation rejected component=graph-ingest subject=graph.mutation.entity.delete reason=revision_mismatch error="revision mismatch: expected 1, current 2"
2026/10/01 05:00:49 WARN graph mutation revision mismatch component=graph-ingest operation=entity.delete entity_id=c360.semconnect.systems.csapi.system.setup03a-root expected_revision=1
2026/10/01 05:00:49 WARN graph mutation audit component=cs-api request_id=7b239ecb-c459-43db-93c1-1751d9240ef5 trace_id=8742faa5f5bb20ade0c3b7069365a418 operation=deleteEntity entity_id=c360.semconnect.systems.csapi.system.setup03a-root commit_state=not-committed kv_revision=1 identity_subject=setup03a-reference identity_verified=false forwarded_user="" forwarded_email="" classified_error="cs-api: entity already exists: revision mismatch: expected 1, current 2"
2026/10/01 05:00:49 INFO graph mutation audit component=cs-api request_id=633ac407-d2b0-4772-b66a-43f5d32079cb trace_id=565c1199a05f99eae2dcf3b1f72b8a56 operation=deleteEntity entity_id=c360.semconnect.systems.csapi.system.setup03a-root commit_state=verified kv_revision=2 identity_subject=setup03a-reference identity_verified=false forwarded_user="" forwarded_email="" classified_error=""
2026/10/01 05:00:49 INFO component stopped gracefully component=graph-ingest component=graph-ingest
2026/10/01 05:00:49 INFO Connecting to NATS urls=nats://127.0.0.1:54888
2026/10/01 05:00:49 INFO Successfully connected to NATS urls=nats://127.0.0.1:54888
2026/10/01 05:00:49 WARN graph mutation audit component=cs-api request_id=6b82ba7f-c963-4f88-82d0-de43bd31956e trace_id=4f1883eae37853f36898bdc3609f4a70 operation=ingestTriples entity_id=c360.semconnect.systems.csapi.system.setup03a-root commit_state=not-committed kv_revision=0 identity_subject="" identity_verified=false forwarded_user="" forwarded_email="" classified_error="cs-api: entity already exists: reference failure"
2026/10/01 05:00:49 WARN backend error component=cs-api err="cs-api: entity already exists: reference failure" status=409
2026/10/01 05:00:49 INFO Connecting to NATS urls=nats://127.0.0.1:54891
2026/10/01 05:00:49 INFO Successfully connected to NATS urls=nats://127.0.0.1:54891
2026/10/01 05:00:49 WARN graph mutation audit component=cs-api request_id=22a3c555-9f53-404b-8e67-a55fe7770b50 trace_id=f3f22ec09125f03b6c8af7f53e73a98e operation=referenceFailure entity_id=c360.semconnect.systems.csapi.system.setup03a-root commit_state=not-committed kv_revision=42 identity_subject="" identity_verified=false forwarded_user="" forwarded_email="" classified_error="cs-api: entity already exists: reference failure"
2026/10/01 05:00:49 WARN backend error component=cs-api err="cs-api: entity already exists: reference failure" status=409
2026/10/01 05:00:49 INFO Connecting to NATS urls=nats://127.0.0.1:54894
2026/10/01 05:00:49 INFO Successfully connected to NATS urls=nats://127.0.0.1:54894
2026/10/01 05:00:49 WARN graph mutation audit component=cs-api request_id=b377e9e7-f3c9-47e5-b00d-2ca08cbd4d6f trace_id=42d66b17ddd89a5e6d2d576fdcf58a0d operation=deleteEntity entity_id=c360.semconnect.systems.csapi.system.setup03a-root commit_state=not-committed kv_revision=42 identity_subject="" identity_verified=false forwarded_user="" forwarded_email="" classified_error="cs-api: entity already exists: reference failure"
2026/10/01 05:00:49 WARN backend error component=cs-api err="cs-api: entity already exists: reference failure" status=409
2026/10/01 05:00:49 INFO Connecting to NATS urls=nats://127.0.0.1:54897
2026/10/01 05:00:49 INFO Successfully connected to NATS urls=nats://127.0.0.1:54897
2026/10/01 05:00:49 WARN graph mutation audit component=cs-api request_id=d44e1ff0-691d-4f3a-82dd-12115532e500 trace_id=bbd29f07f39bc6ef269f99be5fae6a1f operation=ingestTriples entity_id=c360.semconnect.systems.csapi.system.setup03a-root commit_state=unknown kv_revision=0 identity_subject="" identity_verified=false forwarded_user="" forwarded_email="" classified_error="cs-api.ingestTriples: graph mutation commit outcome unknown failed: graph mutation commit outcome unknown (correlation d44e1ff0-691d-4f3a-82dd-12115532e500): context deadline exceeded"
2026/10/01 05:00:49 WARN backend error component=cs-api err="cs-api.ingestTriples: graph mutation commit outcome unknown failed: graph mutation commit outcome unknown (correlation d44e1ff0-691d-4f3a-82dd-12115532e500): context deadline exceeded" status=503
2026/10/01 05:00:49 INFO Connecting to NATS urls=nats://127.0.0.1:54900
2026/10/01 05:00:49 INFO Successfully connected to NATS urls=nats://127.0.0.1:54900
2026/10/01 05:00:49 WARN graph mutation audit component=cs-api request_id=297dd818-b9af-4694-bbb0-7ca1c2b3cc32 trace_id=dcdac23b9ffe0e8eab820b66b4a1a07c operation=referenceFailure entity_id=c360.semconnect.systems.csapi.system.setup03a-root commit_state=unknown kv_revision=42 identity_subject="" identity_verified=false forwarded_user="" forwarded_email="" classified_error="cs-api.referenceFailure: graph mutation commit outcome unknown failed: graph mutation commit outcome unknown (correlation 297dd818-b9af-4694-bbb0-7ca1c2b3cc32): context deadline exceeded"
2026/10/01 05:00:49 WARN backend error component=cs-api err="cs-api.referenceFailure: graph mutation commit outcome unknown failed: graph mutation commit outcome unknown (correlation 297dd818-b9af-4694-bbb0-7ca1c2b3cc32): context deadline exceeded" status=503
2026/10/01 05:00:49 INFO Connecting to NATS urls=nats://127.0.0.1:54903
2026/10/01 05:00:49 INFO Successfully connected to NATS urls=nats://127.0.0.1:54903
2026/10/01 05:00:49 WARN graph mutation audit component=cs-api request_id=c039e0f1-016f-4439-857a-608fc896fd22 trace_id=2eef43df0a53f09c69b6c0d094c1219e operation=deleteEntity entity_id=c360.semconnect.systems.csapi.system.setup03a-root commit_state=unknown kv_revision=42 identity_subject="" identity_verified=false forwarded_user="" forwarded_email="" classified_error="cs-api.deleteEntity: graph mutation commit outcome unknown failed: graph mutation commit outcome unknown (correlation c039e0f1-016f-4439-857a-608fc896fd22): context deadline exceeded"
2026/10/01 05:00:49 WARN backend error component=cs-api err="cs-api.deleteEntity: graph mutation commit outcome unknown failed: graph mutation commit outcome unknown (correlation c039e0f1-016f-4439-857a-608fc896fd22): context deadline exceeded" status=503
2026/10/01 05:00:49 INFO Connecting to NATS urls=nats://127.0.0.1:54906
2026/10/01 05:00:49 INFO Successfully connected to NATS urls=nats://127.0.0.1:54906
2026/10/01 05:00:49 INFO validated cs-api projection contracts component=cs-api count=11
2026/10/01 05:00:49 INFO component initialized component=graph-ingest component=graph-ingest
2026/10/01 05:00:49 INFO Created new KV bucket bucket=ENTITY_STATES
2026/10/01 05:00:49 INFO Created new KV bucket bucket=ENTITY_SUFFIX_INDEX
2026/10/01 05:00:49 INFO Created new KV bucket bucket=GRAPH_INGEST_APPLIED_SEQ
2026/10/01 05:00:49 INFO Created new KV bucket bucket=GRAPH_STATUS
2026/10/01 05:00:49 INFO query handlers registered component=graph-ingest subjects="[graph.ingest.query.entity graph.ingest.query.batch graph.ingest.query.prefix graph.ingest.query.suffix]"
2026/10/01 05:00:49 INFO mutation handlers registered component=graph-ingest subjects="[graph.mutation.entity.create graph.mutation.entity.reconcile graph.mutation.triple.append graph.mutation.entity.delete]"
2026/10/01 05:00:49 INFO component started component=graph-ingest component=graph-ingest start_time=2026-10-01T05:00:49.601-05:00
2026/10/01 05:00:49 INFO graph mutation audit component=cs-api request_id=2dda6f89-1dd6-425b-9e35-7ef522a97597 trace_id=297b4f3b824bc3f337eacac6593512dd operation=createSchemaArtifact entity_id=c360.semconnect.systems.csapi.schema.sha256-f11974ada89c6fc6b1de03454ab821aa2afacf11b9140d3c028e02869be10e27 commit_state=verified kv_revision=1 identity_subject="" identity_verified=false forwarded_user="" forwarded_email="" classified_error=""
2026/10/01 05:00:49 WARN graph mutation rejected component=graph-ingest subject=graph.mutation.entity.create reason=entity_already_exists error="entity already exists: c360.semconnect.systems.csapi.schema.sha256-f11974ada89c6fc6b1de03454ab821aa2afacf11b9140d3c028e02869be10e27"
2026/10/01 05:00:49 WARN graph mutation audit component=cs-api request_id=6dd7c916-598b-405a-a556-d419ee04fe91 trace_id=5e04bb5fa30cdaf65fb241593025e1d8 operation=createSchemaArtifact entity_id=c360.semconnect.systems.csapi.schema.sha256-f11974ada89c6fc6b1de03454ab821aa2afacf11b9140d3c028e02869be10e27 commit_state=not-committed kv_revision=0 identity_subject="" identity_verified=false forwarded_user="" forwarded_email="" classified_error="cs-api: entity already exists: entity already exists: c360.semconnect.systems.csapi.schema.sha256-f11974ada89c6fc6b1de03454ab821aa2afacf11b9140d3c028e02869be10e27"
2026/10/01 05:00:49 WARN graph mutation rejected component=graph-ingest subject=graph.mutation.entity.create reason=entity_already_exists error="entity already exists: c360.semconnect.systems.csapi.schema.sha256-f11974ada89c6fc6b1de03454ab821aa2afacf11b9140d3c028e02869be10e27"
2026/10/01 05:00:49 WARN graph mutation audit component=cs-api request_id=3195aa33-2939-483d-9bb6-2dbcc8762ce0 trace_id=e502e6079563fc72df07e42b2dcb21c7 operation=createSchemaArtifact entity_id=c360.semconnect.systems.csapi.schema.sha256-f11974ada89c6fc6b1de03454ab821aa2afacf11b9140d3c028e02869be10e27 commit_state=not-committed kv_revision=0 identity_subject="" identity_verified=false forwarded_user="" forwarded_email="" classified_error="cs-api: entity already exists: entity already exists: c360.semconnect.systems.csapi.schema.sha256-f11974ada89c6fc6b1de03454ab821aa2afacf11b9140d3c028e02869be10e27"
2026/10/01 05:00:49 INFO graph mutation audit component=cs-api request_id=5e74d1b4-7808-47eb-b864-248c56569f5a trace_id=bff68ad97c3509db09f6579add4695e6 operation=createSchemaArtifact entity_id=c360.semconnect.systems.csapi.schema.sha256-6dd48bec7f4fdf36502740697a08c6aa8e0899f91a6649fb12f98a556283fd3e commit_state=verified kv_revision=2 identity_subject="" identity_verified=false forwarded_user="" forwarded_email="" classified_error=""
2026/10/01 05:00:49 INFO component stopped gracefully component=graph-ingest component=graph-ingest
2026/10/01 05:00:49 WARN backend error component=cs-api err="cs-api.runSpatialQuery: spatial backend unavailable failed: nats: no responders available for request" status=503
2026/10/01 05:00:49 WARN backend error component=cs-api err="cs-api.runSpatialQuery: spatial handler failed: spatial query failed" status=400
2026/10/01 05:00:49 WARN backend error component=cs-api err="cs-api.runSpatialQuery: spatial handler failed: spatial query failed" status=503
2026/10/01 05:00:49 WARN backend error component=cs-api err="cs-api.runSpatialQuery: spatial handler failed: spatial query failed" status=500
2026/10/01 05:00:49 WARN backend error component=cs-api err="cs-api.runSpatialQuery: decode spatial response failed: spatial response must be a top-level JSON array" status=500
2026/10/01 05:00:49 WARN backend error component=cs-api err="cs-api.runSpatialQuery: decode spatial response failed: spatial response must be a top-level JSON array" status=500
2026/10/01 05:00:49 WARN backend error component=cs-api err="cs-api.runSpatialQuery: decode spatial response failed: spatial response must be a top-level JSON array" status=500
2026/10/01 05:00:49 INFO graph mutation audit component=cs-api request_id=f00db56b-b605-4670-860c-64469c203017 trace_id=d64ac11bff5c173ed16e6d835b8d6f30 operation=ingestTriples entity_id=c360.semconnect.systems.csapi.systemevent.00Z commit_state=verified kv_revision=1 identity_subject="" identity_verified=false forwarded_user="" forwarded_email="" classified_error=""
2026/10/01 05:00:49 INFO graph mutation audit component=cs-api request_id=ddaf3e96-55a3-49d5-a5f1-12047816f179 trace_id=74d7b08b4ba4ddeaeca4f04b25b8cfdf operation=ingestTriples entity_id=c360.semconnect.systems.csapi.system.42 commit_state=verified kv_revision=1 identity_subject="" identity_verified=false forwarded_user="" forwarded_email="" classified_error=""
2026/10/01 05:00:49 INFO graph mutation audit component=cs-api request_id=c122b188-7f13-49fa-a541-3131664c3e98 trace_id=3c15076c9634907fe01ee7dd93ad968a operation=deleteEntity entity_id=c360.semconnect.systems.csapi.system.099 commit_state=verified kv_revision=7 identity_subject="" identity_verified=false forwarded_user="" forwarded_email="" classified_error=""
2026/10/01 05:00:49 INFO graph mutation audit component=cs-api request_id=d4da930a-4d70-48a7-b02c-55bb6c4b096d trace_id=c1b864115cd1106181b2d56ec09676df operation=replaceEntityTriples entity_id=acme.ops.robotics.gcs.drone.099 commit_state=verified kv_revision=8 identity_subject="" identity_verified=false forwarded_user="" forwarded_email="" classified_error=""
2026/10/01 05:00:49 INFO graph mutation audit component=cs-api request_id=fb1254a7-96ce-428c-9f5f-8a54d02ac0f2 trace_id=7144ec2588fe8895b3c9c5b669710cac operation=replaceEntityTriples entity_id=c360.semconnect.systems.csapi.system.099 commit_state=verified kv_revision=8 identity_subject="" identity_verified=false forwarded_user="" forwarded_email="" classified_error=""
2026/10/01 05:00:49 WARN graph mutation audit component=cs-api request_id=7fd75864-e740-4950-8f51-e667e632273f trace_id=8089d1000ae7402872f55a9b1ffb3785 operation=replaceEntityTriples entity_id=acme.ops.robotics.gcs.drone.099 commit_state=not-committed kv_revision=7 identity_subject="" identity_verified=false forwarded_user="" forwarded_email="" classified_error="cs-api.replaceEntityTriples: graph mutation unavailable failed: nats: no responders available for request"
2026/10/01 05:00:49 WARN backend error component=cs-api err="cs-api.replaceEntityTriples: graph mutation unavailable failed: nats: no responders available for request" status=503
2026/10/01 05:00:49 WARN graph mutation audit component=cs-api request_id=df68858e-e19f-461b-957e-56337ed430ce trace_id=3ef5b4664db85d68b06ce604e9ee8630 operation=replaceEntityTriples entity_id=acme.ops.robotics.gcs.drone.099 commit_state=not-committed kv_revision=7 identity_subject="" identity_verified=false forwarded_user="" forwarded_email="" classified_error="cs-api: entity already exists: stale revision"
2026/10/01 05:00:49 WARN backend error component=cs-api err="cs-api: entity already exists: stale revision" status=409
2026/10/01 05:00:49 WARN graph mutation audit component=cs-api request_id=7882a78c-7622-4661-9461-8cb8a2348841 trace_id=56c4d37eafea9c57ea05c44bd534edd7 operation=replaceEntityTriples entity_id=acme.ops.robotics.gcs.drone.099 commit_state=unknown kv_revision=7 identity_subject="" identity_verified=false forwarded_user="" forwarded_email="" classified_error="cs-api.replaceEntityTriples: graph mutation commit outcome unknown failed: graph mutation commit outcome unknown (correlation 7882a78c-7622-4661-9461-8cb8a2348841): nats: timeout"
2026/10/01 05:00:49 WARN backend error component=cs-api err="cs-api.replaceEntityTriples: graph mutation commit outcome unknown failed: graph mutation commit outcome unknown (correlation 7882a78c-7622-4661-9461-8cb8a2348841): nats: timeout" status=503
2026/10/01 05:00:49 WARN graph mutation audit component=cs-api request_id=caf3e146-0171-4abf-9595-a1d282699dce trace_id=8355446605e82d08814dcc5bf9754733 operation=ingestTriples entity_id=acme.ops.robotics.gcs.drone.099 commit_state=not-committed kv_revision=0 identity_subject="" identity_verified=false forwarded_user="" forwarded_email="" classified_error="cs-api: entity already exists: exists"
2026/10/01 05:00:49 WARN backend error component=cs-api err="cs-api: entity already exists: exists" status=409
2026/10/01 05:00:49 INFO graph mutation audit component=cs-api request_id=cb14c699-5415-4269-9516-daec62b1d65c trace_id=7e5226b9675f1a49e489999a26b1edf5 operation=deleteEntity entity_id=acme.ops.robotics.gcs.drone.099 commit_state=verified kv_revision=7 identity_subject="" identity_verified=false forwarded_user=alice forwarded_email=alice@example.com classified_error=""
2026/10/01 05:00:49 WARN backend error component=cs-api err="cs-api.fetchEntitiesBatch: graph backend unavailable failed: nats: no responders available for request" status=503
2026/10/01 05:00:49 WARN batch entity fetch for FeatureCollection missed entity; degrading to null geometry component=cs-api entity=c360.semconnect.systems.csapi.system.broken
2026/10/01 05:00:49 WARN malformed position triple; emitting null geometry component=cs-api entity=c360.semconnect.systems.csapi.system.bad-pos err="geojson: object missing required \"type\" field"
2026/10/01 05:00:49 INFO graph mutation audit component=cs-api request_id=3cf79ccd-9787-40ef-8e4c-ec6e3f2dbe12 trace_id=7d3d9e75c3e3c4fd94941dd3a3c7108a operation=replaceEntityTriples entity_id=c360.semconnect.systems.csapi.system.099 commit_state=verified kv_revision=8 identity_subject="" identity_verified=false forwarded_user="" forwarded_email="" classified_error=""
2026/10/01 05:00:49 INFO graph mutation audit component=cs-api request_id=501a31e4-d5c1-433f-8f97-f4b2f533aaac trace_id=ff31f0b73c694a170f2c3dc7450fdd8b operation=replaceEntityTriples entity_id=c360.semconnect.systems.csapi.system.099 commit_state=verified kv_revision=8 identity_subject="" identity_verified=false forwarded_user="" forwarded_email="" classified_error=""
2026/10/01 05:00:49 INFO graph mutation audit component=cs-api request_id=01b9c3f8-6bc6-4789-b086-7b3043d1a5b6 trace_id=25a1446844fc84c0e2db1bceeeaf6910 operation=replaceEntityTriples entity_id=c360.semconnect.systems.csapi.system.099 commit_state=verified kv_revision=8 identity_subject="" identity_verified=false forwarded_user="" forwarded_email="" classified_error=""
2026/10/01 05:00:49 INFO graph mutation audit component=cs-api request_id=ad8d4edf-3a05-4d1b-9d9f-1d73bc336266 trace_id=27759d04faa455b110b66015f7d9c885 operation=replaceEntityTriples entity_id=c360.semconnect.systems.csapi.system.099 commit_state=verified kv_revision=8 identity_subject="" identity_verified=false forwarded_user="" forwarded_email="" classified_error=""
2026/10/01 05:00:49 INFO graph mutation audit component=cs-api request_id=f9d142ab-7ef9-43c2-ae88-c6266c4461b0 trace_id=71a0fb2562be1c33b4af7fe96c97fc24 operation=replaceEntityTriples entity_id=c360.semconnect.systems.csapi.system.099 commit_state=verified kv_revision=8 identity_subject="" identity_verified=false forwarded_user="" forwarded_email="" classified_error=""
2026/10/01 05:00:49 WARN backend error component=cs-api err="cs-api: entity not found: not found: c360.semconnect.systems.csapi.system.099" status=404
2026/10/01 05:00:49 INFO graph mutation audit component=cs-api request_id=104cea4a-2431-476d-91b6-e410325ae9e0 trace_id=b2b3cae19c03c968218fd33ac2d80695 operation=replaceEntityTriples entity_id=c360.semconnect.systems.csapi.system.099 commit_state=verified kv_revision=8 identity_subject="" identity_verified=false forwarded_user="" forwarded_email="" classified_error=""
2026/10/01 05:00:49 INFO graph mutation audit component=cs-api request_id=408367fa-5169-4f33-9b51-a21f37ce87e8 trace_id=a16ca39edeed5915e297c5b82ef307b7 operation=replaceEntityTriples entity_id=c360.semconnect.systems.csapi.system.099 commit_state=verified kv_revision=8 identity_subject="" identity_verified=false forwarded_user="" forwarded_email="" classified_error=""
2026/10/01 05:00:49 INFO graph mutation audit component=cs-api request_id=1c2bb20b-7466-4604-9c87-92d1dec05d77 trace_id=4a366c03a661e1ab3fa9e0b5b90bc312 operation=ingestTriples entity_id=c360.semconnect.systems.csapi.system.11111111-2222-3333-4444-555555555555 commit_state=verified kv_revision=1 identity_subject="" identity_verified=false forwarded_user="" forwarded_email="" classified_error=""
2026/10/01 05:00:49 INFO graph mutation audit component=cs-api request_id=7d0f2561-b89d-41e7-b7b7-85d43cd095a4 trace_id=90960ef6de4a6707fc67316488d3c3c1 operation=ingestTriples entity_id=c360.semconnect.systems.csapi.system.22222222-3333-4444-5555-666666666666 commit_state=verified kv_revision=1 identity_subject="" identity_verified=false forwarded_user="" forwarded_email="" classified_error=""
2026/10/01 05:00:49 INFO graph mutation audit component=cs-api request_id=66ecad52-3f3d-44df-86ba-5921ca96ce0c trace_id=f3086984a593b1ffa6a1075a67fad1de operation=ingestTriples entity_id=c360.semconnect.systems.csapi.system.11111111-2222-3333-4444-555555555555 commit_state=verified kv_revision=1 identity_subject="" identity_verified=false forwarded_user="" forwarded_email="" classified_error=""
2026/10/01 05:00:49 INFO graph mutation audit component=cs-api request_id=e531d2f1-02d2-453d-8e44-a0b05814220d trace_id=8200a54a9151a4f3c7fea8903b4f5a53 operation=ingestTriples entity_id=c360.semconnect.systems.csapi.system.parent commit_state=verified kv_revision=1 identity_subject="" identity_verified=false forwarded_user="" forwarded_email="" classified_error=""
2026/10/01 05:00:49 INFO graph mutation audit component=cs-api request_id=4a9f0ba8-7cfb-4c63-9a10-b1c43e9ffc95 trace_id=51566b9360e7ba0ae6a1ebd53aef7354 operation=ingestTriples entity_id=c360.semconnect.systems.csapi.system.073ddddb-ded5-4e87-90a4-ca44fbcda3e2 commit_state=verified kv_revision=1 identity_subject="" identity_verified=false forwarded_user="" forwarded_email="" classified_error=""
2026/10/01 05:00:49 WARN graph mutation audit component=cs-api request_id=5035058e-a547-4718-8a73-b75563611558 trace_id=2ac435c8f27cd365089cc59949e38d1a operation=ingestTriples entity_id=c360.semconnect.systems.csapi.system.x commit_state=unknown kv_revision=0 identity_subject="" identity_verified=false forwarded_user="" forwarded_email="" classified_error="cs-api.ingestTriples: graph mutation commit outcome unknown failed: graph mutation commit outcome unknown (correlation 5035058e-a547-4718-8a73-b75563611558): context deadline exceeded"
2026/10/01 05:00:49 WARN backend error component=cs-api err="cs-api.ingestTriples: graph mutation commit outcome unknown failed: graph mutation commit outcome unknown (correlation 5035058e-a547-4718-8a73-b75563611558): context deadline exceeded" status=503
2026/10/01 05:00:49 WARN graph mutation audit component=cs-api request_id=5e9e05e9-80aa-4ac4-9bbb-4a7d5036330f trace_id=51a07fba04e945dc402396e707b2a786 operation=ingestTriples entity_id=c360.semconnect.systems.csapi.system.bad commit_state=not-committed kv_revision=0 identity_subject="" identity_verified=false forwarded_user="" forwarded_email="" classified_error="cs-api.ingestTriples: graph rejected entity mutation failed: entity ID rejected: pattern mismatch"
2026/10/01 05:00:49 WARN backend error component=cs-api err="cs-api.ingestTriples: graph rejected entity mutation failed: entity ID rejected: pattern mismatch" status=400
2026/10/01 05:00:49 WARN graph mutation audit component=cs-api request_id=85f932a5-2bf1-4589-825e-eba4dcfb9da9 trace_id=ad79e3c55a9e9ed7d05e8ee3eecb5a83 operation=ingestTriples entity_id=c360.semconnect.systems.csapi.system.internal commit_state=not-committed kv_revision=0 identity_subject="" identity_verified=false forwarded_user="" forwarded_email="" classified_error="cs-api.ingestTriples: graph backend mutation failed failed: backend invariant failed"
2026/10/01 05:00:49 WARN backend error component=cs-api err="cs-api.ingestTriples: graph backend mutation failed failed: backend invariant failed" status=500
2026/10/01 05:00:49 INFO graph mutation audit component=cs-api request_id=1cb7dd84-6320-40a0-a7b1-b9bb5942e9e8 trace_id=44eac65ccba45400290406df67421493 operation=ingestTriples entity_id=c360.semconnect.systems.csapi.system.audit commit_state=verified kv_revision=1 identity_subject="" identity_verified=false forwarded_user=alice@example.org forwarded_email=alice@example.org classified_error=""
2026/10/01 05:00:49 INFO graph mutation audit component=cs-api request_id=acb54470-9515-42e9-90e3-9f3e23769693 trace_id=0cf1c6c4f6e56fcb162ec5efb13ef1d2 operation=ingestTriples entity_id=c360.semconnect.systems.csapi.system.x commit_state=verified kv_revision=1 identity_subject="" identity_verified=false forwarded_user="" forwarded_email="" classified_error=""
2026/10/01 05:00:49 WARN graph mutation audit component=cs-api request_id=8eec1b9d-d29d-416e-a323-b4997c42e59f trace_id=d68343680bc184b2725bf5dc8b06b945 operation=ingestTriples entity_id=c360.semconnect.systems.csapi.system.precas commit_state=not-committed kv_revision=0 identity_subject="" identity_verified=false forwarded_user="" forwarded_email="" classified_error="cs-api: entity already exists: entity already exists: c360.semconnect.systems.csapi.system.precas"
2026/10/01 05:00:49 WARN backend error component=cs-api err="cs-api: entity already exists: entity already exists: c360.semconnect.systems.csapi.system.precas" status=409
2026/10/01 05:00:49 WARN backend error component=cs-api err="cs-api.listSystemEntities: graph backend unavailable failed: nats: no responders available for request" status=503
2026/10/01 05:00:49 WARN batch entity fetch for SystemCollection missed entity; degrading to id-only item component=cs-api entity=acme.ops.robotics.gcs.drone.001
2026/10/01 05:00:49 WARN backend error component=cs-api err="cs-api.listSystemEntities: predicate query failed: test.Request: boom failed: nats timeout" status=503
2026/10/01 05:00:49 WARN backend error component=cs-api err="cs-api.listSystemEntities: predicate query failed: test.Request: boom failed: bad body" status=400
2026/10/01 05:00:49 WARN backend error component=cs-api err="cs-api.listSystemEntities: predicate query failed: unexpected" status=500
2026/10/01 05:00:49 WARN backend error component=cs-api err="cs-api.listSystemEntities: predicate query failed: internal error" status=503
2026/10/01 05:00:49 WARN backend error component=cs-api err="cs-api: entity not found: not found: acme.ops.robotics.gcs.drone.999" status=404
2026/10/01 05:00:49 INFO entity not a system kind component=cs-api id=acme.ops.robotics.gcs.system.x
2026/10/01 05:00:49 INFO entity not a system kind component=cs-api id=acme.ops.robotics.gcs.system.x
2026/10/01 05:00:49 INFO entity not a system kind component=cs-api id=acme.ops.robotics.gcs.system.x
2026/10/01 05:00:49 INFO entity not a system kind component=cs-api id=acme.ops.robotics.gcs.system.y
2026/10/01 05:00:49 INFO entity not a system kind component=cs-api id=acme.ops.robotics.gcs.system.y
2026/10/01 05:00:49 INFO entity not a system kind component=cs-api id=acme.ops.robotics.gcs.system.y
2026/10/01 05:00:49 WARN backend error component=cs-api err="cs-api.fetchEntity: graph backend unavailable failed: nats: no responders available for request" status=503
2026/10/01 05:00:49 INFO graph mutation audit component=cs-api request_id=92dde46a-7eac-4b6f-88bf-bae3874c1707 trace_id=2fd7afe91d278ea2a63891b8081f57c1 operation=ingestTriples entity_id=c360.semconnect.systems.csapi.system.42 commit_state=verified kv_revision=1 identity_subject="" identity_verified=false forwarded_user="" forwarded_email="" classified_error=""
FAIL
FAIL	github.com/c360studio/semconnect/gateway/cs-api	3.918s
ok  	github.com/c360studio/semconnect/message/oms	2.611s
?   	github.com/c360studio/semconnect/openspec/changes/qualify-semstreams-beta151/evidence/operations/retained-scan	[no test files]
ok  	github.com/c360studio/semconnect/parser/sensorml	2.729s
ok  	github.com/c360studio/semconnect/pkg/swecommon	3.024s
ok  	github.com/c360studio/semconnect/vocabulary/csapi	2.862s
ok  	github.com/c360studio/semconnect/vocabulary/oms	3.170s
ok  	github.com/c360studio/semconnect/vocabulary/sosa	2.472s
ok  	github.com/c360studio/semconnect/vocabulary/swe	1.909s
FAIL
