ok  	github.com/c360studio/semconnect/cmd/cs-api-server	1.384s
ok  	github.com/c360studio/semconnect/cmd/cs-graph-backend	2.011s
ok  	github.com/c360studio/semconnect/conformance	1.732s
ok  	github.com/c360studio/semconnect/conformance/cmd/index-readiness	1.742s
ok  	github.com/c360studio/semconnect/deploy	1.377s
--- FAIL: TestWaitForProofCoversSystemSchemaAndObservationReads (0.00s)
panic: httptest: failed to listen on a port: listen tcp6 [::1]:0: bind: operation not permitted [recovered, repanicked]

goroutine 37 [running]:
testing.tRunner.func1.2({0x100d3d920, 0xc0000a8060})
	/usr/local/go/src/testing/testing.go:1974 +0x2b8
testing.tRunner.func1()
	/usr/local/go/src/testing/testing.go:1977 +0x460
panic({0x100d3d920?, 0xc0000a8060?})
	/usr/local/go/src/runtime/panic.go:860 +0x12c
net/http/httptest.newLocalListener()
	/usr/local/go/src/net/http/httptest/server.go:72 +0x13c
net/http/httptest.NewUnstartedServer(...)
	/usr/local/go/src/net/http/httptest/server.go:120
net/http/httptest.NewServer({0x100dccf40, 0xc000292018})
	/usr/local/go/src/net/http/httptest/server.go:107 +0x30
github.com/c360studio/semconnect/deploy/probe.TestWaitForProofCoversSystemSchemaAndObservationReads(0xc0001686c8)
	/Users/coby/Code/c360/semconnect/deploy/probe/main_test.go:62 +0xa0
testing.tRunner(0xc0001686c8, 0x100dc8a18)
	/usr/local/go/src/testing/testing.go:2036 +0x168
created by testing.(*T).Run in goroutine 1
	/usr/local/go/src/testing/testing.go:2101 +0x7c0
FAIL	github.com/c360studio/semconnect/deploy/probe	1.076s
--- FAIL: TestGatewayStopDrainsUnderLiveRuntimeAuthority (5.02s)
    component_lifecycle_test.go:39: NATS server did not become ready
--- FAIL: TestGatewayRuntimeCancellationReachesAdmittedRequests (5.02s)
    component_lifecycle_test.go:82: NATS server did not become ready
--- FAIL: TestGatewayStopRejectsNilAndUsesCanceledCallerContext (5.01s)
    component_lifecycle_test.go:112: NATS server did not become ready
--- FAIL: TestGatewayStartReportsOccupiedListener (5.01s)
    component_lifecycle_test.go:152: NATS server did not become ready
2026/10/01 04:59:54 INFO graph mutation audit component=cs-api request_id=4bcf8211-29af-4603-950d-d43b99d9aa39 trace_id=0216742199c858667d8242a8cf15c442 operation=ingestTriples entity_id=c360.semconnect.systems.csapi.command.ptz001 commit_state=verified kv_revision=1 identity_subject="" identity_verified=false forwarded_user="" forwarded_email="" classified_error=""
2026/10/01 04:59:54 INFO graph mutation audit component=cs-api request_id=6b65ec7d-e2b2-4732-9e84-ba0ae503654a trace_id=50e37dc132a7e2df1442ac2f737bca2c operation=createSchemaArtifact entity_id=c360.semconnect.systems.csapi.schema.sha256-7821e9a812d30beec490c8b83bf5567a285f48f24e04e660607fab00cab0d368 commit_state=verified kv_revision=1 identity_subject="" identity_verified=false forwarded_user="" forwarded_email="" classified_error=""
2026/10/01 04:59:54 INFO graph mutation audit component=cs-api request_id=660ad3c9-3017-406d-ab88-32bc6d82af03 trace_id=974d052250a8b8c629e8adf7a95f4f21 operation=ingestTriples entity_id=c360.semconnect.systems.csapi.controlstream.PTZ_Control-ptz commit_state=verified kv_revision=1 identity_subject="" identity_verified=false forwarded_user="" forwarded_email="" classified_error=""
2026/10/01 04:59:54 INFO graph mutation audit component=cs-api request_id=4c69681c-e981-4b4b-9cb2-192cb8b5c4c3 trace_id=00bb477af96a9efb96c4d1b2e179aabd operation=replaceEntityTriples entity_id=acme.ops.weather.station.flow.alpha commit_state=verified kv_revision=8 identity_subject="" identity_verified=false forwarded_user="" forwarded_email="" classified_error=""
2026/10/01 04:59:54 INFO graph mutation audit component=cs-api request_id=337f6602-efac-4c48-ab8f-0ab850257cf0 trace_id=706342f3cad1c93396021359516d9927 operation=replaceEntityTriples entity_id=acme.ops.weather.station.flow.alpha commit_state=verified kv_revision=8 identity_subject="" identity_verified=false forwarded_user="" forwarded_email="" classified_error=""
2026/10/01 04:59:54 WARN graph mutation audit component=cs-api request_id=178fe880-d4ec-44bb-9047-a56b6745a114 trace_id=8989fee41649173d05693aec593f6d56 operation=replaceEntityTriples entity_id=acme.ops.weather.station.flow.alpha commit_state=not-committed kv_revision=7 identity_subject="" identity_verified=false forwarded_user="" forwarded_email="" classified_error="cs-api.replaceEntityTriples: graph mutation unavailable failed: nats: no responders available for request"
2026/10/01 04:59:54 WARN backend error component=cs-api err="cs-api.replaceEntityTriples: graph mutation unavailable failed: nats: no responders available for request" status=503
2026/10/01 04:59:54 INFO graph mutation audit component=cs-api request_id=58402f7b-e38e-4802-a758-d89160cf8db0 trace_id=5a992ea5ea98c3b44a8d3c393b5f1d35 operation=deleteEntity entity_id=acme.ops.weather.station.flow.alpha commit_state=verified kv_revision=7 identity_subject="" identity_verified=false forwarded_user="" forwarded_email="" classified_error=""
2026/10/01 04:59:54 INFO graph mutation audit component=cs-api request_id=9fbf2e15-5e9d-4e3c-b7ca-0532f96189b9 trace_id=e55db20ea9a02f1a235a32615c8469de operation=deleteEntity entity_id=acme.ops.weather.station.flow.alpha commit_state=verified kv_revision=7 identity_subject="" identity_verified=false forwarded_user="" forwarded_email="" classified_error=""
2026/10/01 04:59:54 WARN backend error component=cs-api err="cs-api.handleDatastreamDelete: purge observations failed: nats: no responders available for request" status=503
2026/10/01 04:59:54 INFO graph mutation audit component=cs-api request_id=275e3108-7c3c-4b82-af80-b4f449a95405 trace_id=7caa7335bb495b83a58ffd657290c5bc operation=deleteEntity entity_id=acme.ops.weather.station.flow.alpha commit_state=verified kv_revision=7 identity_subject="" identity_verified=false forwarded_user=alice forwarded_email="" classified_error=""
2026/10/01 04:59:54 INFO graph mutation audit component=cs-api request_id=b721c63d-b113-4918-8e67-bcc9d18f58f3 trace_id=30e5b4ceb43e24b90fd1553c8511c120 operation=createSchemaArtifact entity_id=c360.semconnect.systems.csapi.schema.sha256-f11974ada89c6fc6b1de03454ab821aa2afacf11b9140d3c028e02869be10e27 commit_state=verified kv_revision=8 identity_subject="" identity_verified=false forwarded_user="" forwarded_email="" classified_error=""
2026/10/01 04:59:54 INFO graph mutation audit component=cs-api request_id=c92b0fa8-9524-4fed-a2d2-54ec3c47cde6 trace_id=845a31799b422bfe2e71118133f4efd9 operation=replaceEntityTriples entity_id=acme.ops.weather.station.flow.alpha commit_state=verified kv_revision=8 identity_subject="" identity_verified=false forwarded_user="" forwarded_email="" classified_error=""
2026/10/01 04:59:54 WARN backend error component=cs-api err="cs-api: entity not found: not found: acme.ops.weather.station.flow.alpha" status=404
2026/10/01 04:59:54 INFO entity not a datastream kind component=cs-api id=c360.semconnect.systems.csapi.system.sensor1
2026/10/01 04:59:54 INFO graph mutation audit component=cs-api request_id=a0035bbf-16ab-435b-bd07-acf3fc0d741f trace_id=58e3f8cf328f44475009e6084f778d2b operation=ingestTriples entity_id=c360.semconnect.systems.csapi.datastream.3e93458e-a2b9-407f-a0f9-eafb32ea776b commit_state=verified kv_revision=1 identity_subject="" identity_verified=false forwarded_user="" forwarded_email="" classified_error=""
2026/10/01 04:59:54 INFO graph mutation audit component=cs-api request_id=a88565bf-98b0-459a-82e4-12b5984e9ba8 trace_id=afbf0af8094d48e6c8b7bf648f3eda42 operation=createSchemaArtifact entity_id=c360.semconnect.systems.csapi.schema.sha256-f11974ada89c6fc6b1de03454ab821aa2afacf11b9140d3c028e02869be10e27 commit_state=verified kv_revision=1 identity_subject="" identity_verified=false forwarded_user="" forwarded_email="" classified_error=""
2026/10/01 04:59:54 INFO graph mutation audit component=cs-api request_id=e614c9a2-1534-44bd-ad69-c67b93c9bf08 trace_id=1e273ce2e0dbb5ff1471c54892864909 operation=ingestTriples entity_id=tenantA.proj.feeds.csapi.datastream.temp commit_state=verified kv_revision=1 identity_subject="" identity_verified=false forwarded_user="" forwarded_email="" classified_error=""
2026/10/01 04:59:54 WARN graph mutation audit component=cs-api request_id=d5ec2f3c-a899-4108-8739-d2d67a81b250 trace_id=326562c38dd23e8ca053fcd6c7066a6e operation=ingestTriples entity_id=c360.semconnect.systems.csapi.datastream.521ccc0e-df5b-467e-99f6-e2508867a0b4 commit_state=unknown kv_revision=0 identity_subject="" identity_verified=false forwarded_user="" forwarded_email="" classified_error="cs-api.ingestTriples: graph mutation commit outcome unknown failed: graph mutation commit outcome unknown (correlation d5ec2f3c-a899-4108-8739-d2d67a81b250): context deadline exceeded"
2026/10/01 04:59:54 WARN backend error component=cs-api err="cs-api.ingestTriples: graph mutation commit outcome unknown failed: graph mutation commit outcome unknown (correlation d5ec2f3c-a899-4108-8739-d2d67a81b250): context deadline exceeded" status=503
2026/10/01 04:59:54 INFO graph mutation audit component=cs-api request_id=ede5367b-2d1a-4804-8483-ac5e89eb4fd4 trace_id=918cfef1b9a897eb2bd0f7f052f2640a operation=ingestTriples entity_id=tenantA.proj.feeds.csapi.datastream.thermistor1 commit_state=verified kv_revision=1 identity_subject="" identity_verified=false forwarded_user="" forwarded_email="" classified_error=""
2026/10/01 04:59:54 INFO entity not a deployment kind component=cs-api id=c360.semconnect.systems.csapi.deployment.alpha
2026/10/01 04:59:54 INFO graph mutation audit component=cs-api request_id=7d375355-7ab6-4179-ba79-76a8b614cfb9 trace_id=e0b7b4fabefb5365371d8703fb0c27af operation=ingestTriples entity_id=c360.semconnect.systems.csapi.deployment.2 commit_state=verified kv_revision=1 identity_subject="" identity_verified=false forwarded_user="" forwarded_email="" classified_error=""
2026/10/01 04:59:54 INFO graph mutation audit component=cs-api request_id=af35c341-76ec-46a9-88bd-33f4a581d576 trace_id=8a9f87dc5fea48d36d1ea25a7415f151 operation=ingestTriples entity_id=c360.semconnect.systems.csapi.deployment.3 commit_state=verified kv_revision=1 identity_subject="" identity_verified=false forwarded_user="" forwarded_email="" classified_error=""
2026/10/01 04:59:54 INFO graph mutation audit component=cs-api request_id=d0835994-2d14-4378-849c-e1014b260aec trace_id=021f4fb01f93095ef2e65bded7ae026e operation=ingestTriples entity_id=c360.semconnect.systems.csapi.feasibility.c360_semconnect_systems_csapi_controlstream_ptz commit_state=verified kv_revision=1 identity_subject="" identity_verified=false forwarded_user="" forwarded_email="" classified_error=""
2026/10/01 04:59:54 WARN graph mutation audit component=cs-api request_id=bbbe8da4-b9a3-4457-aff3-0f22542cdc26 trace_id=fa21153003bbd6caf79c908e94d3fcf4 operation=ingestTriples entity_id=c360.semconnect.systems.csapi.system.outcomes commit_state=unknown kv_revision=0 identity_subject="" identity_verified=false forwarded_user="" forwarded_email="" classified_error="cs-api.ingestTriples: graph mutation commit outcome unknown failed: graph mutation commit outcome unknown (correlation bbbe8da4-b9a3-4457-aff3-0f22542cdc26): unexpected end of JSON input"
2026/10/01 04:59:54 WARN backend error component=cs-api err="cs-api.ingestTriples: graph mutation commit outcome unknown failed: graph mutation commit outcome unknown (correlation bbbe8da4-b9a3-4457-aff3-0f22542cdc26): unexpected end of JSON input" status=503
2026/10/01 04:59:54 WARN graph mutation audit component=cs-api request_id=3568d484-9eaa-4fff-99c9-a1cbc18f0c8c trace_id=b7bbbaa90b0b35a487ccc05e6f9af349 operation=ingestTriples entity_id=c360.semconnect.systems.csapi.system.outcomes commit_state=unknown kv_revision=0 identity_subject="" identity_verified=false forwarded_user="" forwarded_email="" classified_error="cs-api.ingestTriples: graph mutation commit outcome unknown failed: graph mutation commit outcome unknown (correlation 3568d484-9eaa-4fff-99c9-a1cbc18f0c8c): invalid typed create response"
2026/10/01 04:59:54 WARN backend error component=cs-api err="cs-api.ingestTriples: graph mutation commit outcome unknown failed: graph mutation commit outcome unknown (correlation 3568d484-9eaa-4fff-99c9-a1cbc18f0c8c): invalid typed create response" status=503
2026/10/01 04:59:54 WARN graph mutation audit component=cs-api request_id=38371027-b471-473f-8804-5f2cc8302d24 trace_id=74f2ad82b408d853a9deeccaa1d1aa4e operation=ingestTriples entity_id=c360.semconnect.systems.csapi.system.outcomes commit_state=unknown kv_revision=0 identity_subject="" identity_verified=false forwarded_user="" forwarded_email="" classified_error="cs-api.ingestTriples: graph mutation commit outcome unknown failed: graph mutation commit outcome unknown (correlation 38371027-b471-473f-8804-5f2cc8302d24): invalid typed create response"
2026/10/01 04:59:54 WARN backend error component=cs-api err="cs-api.ingestTriples: graph mutation commit outcome unknown failed: graph mutation commit outcome unknown (correlation 38371027-b471-473f-8804-5f2cc8302d24): invalid typed create response" status=503
2026/10/01 04:59:54 WARN graph mutation audit component=cs-api request_id=61aac237-e11f-4c2e-a671-4f812c38a0b5 trace_id=7f58d81113678ba1427e324ce814324c operation=outcome entity_id=c360.semconnect.systems.csapi.system.outcomes commit_state=unknown kv_revision=42 identity_subject="" identity_verified=false forwarded_user="" forwarded_email="" classified_error="cs-api.outcome: graph mutation commit outcome unknown failed: graph mutation commit outcome unknown (correlation 61aac237-e11f-4c2e-a671-4f812c38a0b5): unexpected end of JSON input"
2026/10/01 04:59:54 WARN backend error component=cs-api err="cs-api.outcome: graph mutation commit outcome unknown failed: graph mutation commit outcome unknown (correlation 61aac237-e11f-4c2e-a671-4f812c38a0b5): unexpected end of JSON input" status=503
2026/10/01 04:59:54 WARN graph mutation audit component=cs-api request_id=6fb23732-d90a-4992-8807-73e0c6074e40 trace_id=848afcc8718e99cba9108dbe0465c134 operation=outcome entity_id=c360.semconnect.systems.csapi.system.outcomes commit_state=unknown kv_revision=42 identity_subject="" identity_verified=false forwarded_user="" forwarded_email="" classified_error="cs-api.outcome: graph mutation commit outcome unknown failed: graph mutation commit outcome unknown (correlation 6fb23732-d90a-4992-8807-73e0c6074e40): invalid typed reconcile response"
2026/10/01 04:59:54 WARN backend error component=cs-api err="cs-api.outcome: graph mutation commit outcome unknown failed: graph mutation commit outcome unknown (correlation 6fb23732-d90a-4992-8807-73e0c6074e40): invalid typed reconcile response" status=503
2026/10/01 04:59:54 WARN graph mutation audit component=cs-api request_id=768341a7-45c3-410e-a223-9e270dbd81ce trace_id=e61b6c85e7600fa0442d7ea699748182 operation=outcome entity_id=c360.semconnect.systems.csapi.system.outcomes commit_state=unknown kv_revision=42 identity_subject="" identity_verified=false forwarded_user="" forwarded_email="" classified_error="cs-api.outcome: graph mutation commit outcome unknown failed: graph mutation commit outcome unknown (correlation 768341a7-45c3-410e-a223-9e270dbd81ce): invalid typed reconcile response"
2026/10/01 04:59:54 WARN backend error component=cs-api err="cs-api.outcome: graph mutation commit outcome unknown failed: graph mutation commit outcome unknown (correlation 768341a7-45c3-410e-a223-9e270dbd81ce): invalid typed reconcile response" status=503
2026/10/01 04:59:54 WARN graph mutation audit component=cs-api request_id=2203f79d-4a69-4668-8dd2-c8688a15942b trace_id=bd0752ad3dc097bc7005e53b06acf2f9 operation=deleteEntity entity_id=c360.semconnect.systems.csapi.system.outcomes commit_state=unknown kv_revision=42 identity_subject="" identity_verified=false forwarded_user="" forwarded_email="" classified_error="cs-api.deleteEntity: graph mutation commit outcome unknown failed: graph mutation commit outcome unknown (correlation 2203f79d-4a69-4668-8dd2-c8688a15942b): unexpected end of JSON input"
2026/10/01 04:59:54 WARN backend error component=cs-api err="cs-api.deleteEntity: graph mutation commit outcome unknown failed: graph mutation commit outcome unknown (correlation 2203f79d-4a69-4668-8dd2-c8688a15942b): unexpected end of JSON input" status=503
2026/10/01 04:59:54 WARN graph mutation audit component=cs-api request_id=6f31d416-a5c3-40cc-ac6a-6bcdbf58dd60 trace_id=1464611314af5b97f1367cf0cc66baa3 operation=deleteEntity entity_id=c360.semconnect.systems.csapi.system.outcomes commit_state=unknown kv_revision=42 identity_subject="" identity_verified=false forwarded_user="" forwarded_email="" classified_error="cs-api.deleteEntity: graph mutation commit outcome unknown failed: graph mutation commit outcome unknown (correlation 6f31d416-a5c3-40cc-ac6a-6bcdbf58dd60): invalid typed delete response"
2026/10/01 04:59:54 WARN backend error component=cs-api err="cs-api.deleteEntity: graph mutation commit outcome unknown failed: graph mutation commit outcome unknown (correlation 6f31d416-a5c3-40cc-ac6a-6bcdbf58dd60): invalid typed delete response" status=503
2026/10/01 04:59:54 WARN graph mutation audit component=cs-api request_id=9e9b2adb-32c5-4ee4-a715-48fec4a50fee trace_id=ed281787de3eb941b7095fa99b538ae6 operation=deleteEntity entity_id=c360.semconnect.systems.csapi.system.outcomes commit_state=unknown kv_revision=42 identity_subject="" identity_verified=false forwarded_user="" forwarded_email="" classified_error="cs-api.deleteEntity: graph mutation commit outcome unknown failed: graph mutation commit outcome unknown (correlation 9e9b2adb-32c5-4ee4-a715-48fec4a50fee): invalid typed delete response"
2026/10/01 04:59:54 WARN backend error component=cs-api err="cs-api.deleteEntity: graph mutation commit outcome unknown failed: graph mutation commit outcome unknown (correlation 9e9b2adb-32c5-4ee4-a715-48fec4a50fee): invalid typed delete response" status=503
2026/10/01 04:59:54 WARN graph mutation audit component=cs-api request_id=1959b51e-5240-43ec-9103-13e2b5184304 trace_id=e4d127ed89da0628f2592a76aed61693 operation=ingestTriples entity_id=c360.semconnect.systems.csapi.system.outcomes commit_state=not-committed kv_revision=0 identity_subject="" identity_verified=false forwarded_user="" forwarded_email="" classified_error="cs-api.ingestTriples: graph mutation canceled before request failed: context canceled"
2026/10/01 04:59:54 WARN backend error component=cs-api err="cs-api.ingestTriples: graph mutation canceled before request failed: context canceled" status=503
2026/10/01 04:59:54 WARN graph mutation audit component=cs-api request_id=b98eb7b9-2957-4ced-bf47-50012f05b45f trace_id=277ea5930a66ef8533881f04340e6246 operation=ingestTriples entity_id=c360.semconnect.systems.csapi.system.outcomes commit_state=not-committed kv_revision=0 identity_subject="" identity_verified=false forwarded_user="" forwarded_email="" classified_error="cs-api.ingestTriples: graph mutation unavailable failed: nats: no responders available for request"
2026/10/01 04:59:54 WARN backend error component=cs-api err="cs-api.ingestTriples: graph mutation unavailable failed: nats: no responders available for request" status=503
--- FAIL: TestRealNATSEntityMutationCarriesCanonicalFinalState (5.01s)
    nats_integration_test.go:24: NATS server did not become ready
--- FAIL: TestRealNATSJetStreamAndObjectStoreLifecycle (5.01s)
    nats_integration_test.go:141: NATS server did not become ready
2026/10/01 05:00:04 INFO observations read component=cs-api datastream=c360.semconnect.systems.csapi.datastream.001 limit=100 after=0 returned=0 last_seq=0 forwarded_user="" forwarded_email=""
2026/10/01 05:00:04 INFO observations read component=cs-api datastream=c360.semconnect.systems.csapi.datastream.001 limit=100 after=0 returned=2 last_seq=101 forwarded_user="" forwarded_email=""
2026/10/01 05:00:04 INFO observations read component=cs-api datastream=c360.semconnect.systems.csapi.datastream.001 limit=1 after=0 returned=1 last_seq=42 forwarded_user="" forwarded_email=""
2026/10/01 05:00:04 INFO observations read component=cs-api datastream=c360.semconnect.systems.csapi.datastream.001 limit=100 after=42 returned=0 last_seq=0 forwarded_user="" forwarded_email=""
2026/10/01 05:00:04 INFO observations read component=cs-api datastream=c360.semconnect.systems.csapi.datastream.001 limit=10 after=42 returned=1 last_seq=43 forwarded_user="" forwarded_email=""
2026/10/01 05:00:04 INFO observations read component=cs-api datastream=c360.semconnect.systems.csapi.datastream.001 limit=100 after=0 returned=1 last_seq=1 forwarded_user="" forwarded_email=""
2026/10/01 05:00:04 INFO observations read component=cs-api datastream=c360.semconnect.systems.csapi.datastream.001 limit=100 after=0 returned=1 last_seq=9 forwarded_user="" forwarded_email=""
2026/10/01 05:00:04 WARN datastream schema lookup failed; falling back to inferred observation schema component=cs-api datastream=c360.semconnect.systems.csapi.datastream.001 err="decode exact entity response: unexpected end of JSON input"
2026/10/01 05:00:04 INFO observations read component=cs-api datastream=c360.semconnect.systems.csapi.datastream.001 limit=100 after=0 returned=1 last_seq=9 forwarded_user="" forwarded_email=""
2026/10/01 05:00:04 WARN datastream schema lookup failed; falling back to inferred observation schema component=cs-api datastream=c360.semconnect.systems.csapi.datastream.001 err="decode exact entity response: unexpected end of JSON input"
2026/10/01 05:00:04 INFO observations read component=cs-api datastream=c360.semconnect.systems.csapi.datastream.001 limit=100 after=0 returned=1 last_seq=9 forwarded_user="" forwarded_email=""
2026/10/01 05:00:04 INFO observations read component=cs-api datastream=c360.semconnect.systems.csapi.datastream.001 limit=100 after=0 returned=1 last_seq=9 forwarded_user="" forwarded_email=""
2026/10/01 05:00:04 WARN datastream schema lookup failed; falling back to inferred observation schema component=cs-api datastream=c360.semconnect.systems.csapi.datastream.001 err="decode exact entity response: unexpected end of JSON input"
2026/10/01 05:00:04 WARN backend error component=cs-api err="cs-api.handleObservationsGet: fetch failed: nats: no responders available for request" status=503
2026/10/01 05:00:04 WARN backend error component=cs-api err="cs-api.handleObservationsGet: reader unset failed: observation stream reader not initialized" status=503
2026/10/01 05:00:04 WARN observation envelope decode failed; skipping component=cs-api subject=cs-api.observations.c360.semconnect.systems.csapi.datastream.001 seq=1 err="invalid character 'n' looking for beginning of object key string"
2026/10/01 05:00:04 INFO observations read component=cs-api datastream=c360.semconnect.systems.csapi.datastream.001 limit=100 after=0 returned=1 last_seq=2 forwarded_user="" forwarded_email=""
2026/10/01 05:00:04 WARN backend error component=cs-api err="cs-api.handleObservationsGet: fetch failed: simulated stream error" status=500
2026/10/01 05:00:04 WARN backend error component=cs-api err="cs-api.publishObservation: jetstream unavailable failed: nats: no responders available for request" status=503
2026/10/01 05:00:04 WARN backend error component=cs-api err="cs-api.publishObservation: jetstream unavailable failed: nats: connection closed" status=503
2026/10/01 05:00:04 WARN backend error component=cs-api err="cs-api.publishObservation: jetstream unavailable failed: context deadline exceeded" status=503
2026/10/01 05:00:04 WARN backend error component=cs-api err="cs-api.publishObservation: publish to cs-api.observations.acme.ops.robotics.gcs.datastream.001 failed: something else" status=500
2026/10/01 05:00:04 WARN batch entity fetch for procedure FeatureCollection missed entity; degrading to featureType-only properties component=cs-api entity=c360.semconnect.systems.csapi.procedure.alpha
2026/10/01 05:00:04 WARN batch entity fetch for procedure FeatureCollection missed entity; degrading to featureType-only properties component=cs-api entity=c360.semconnect.systems.csapi.procedure.beta
2026/10/01 05:00:04 INFO entity not a procedure kind component=cs-api id=c360.semconnect.systems.csapi.procedure.test01
2026/10/01 05:00:04 INFO graph mutation audit component=cs-api request_id=f5336c9d-92e5-4762-98db-bf5cefa75dc7 trace_id=7dc80eea622ae04c9526729b3b2f6093 operation=ingestTriples entity_id=c360.semconnect.systems.csapi.procedure.cal1 commit_state=verified kv_revision=1 identity_subject="" identity_verified=false forwarded_user="" forwarded_email="" classified_error=""
2026/10/01 05:00:04 INFO graph mutation audit component=cs-api request_id=bb61a878-1167-42e6-9fa1-59d12017bdb9 trace_id=6870da719bf4eef60a9e0716995b79fd operation=ingestTriples entity_id=c360.semconnect.systems.csapi.procedure.1 commit_state=verified kv_revision=1 identity_subject="" identity_verified=false forwarded_user="" forwarded_email="" classified_error=""
2026/10/01 05:00:04 INFO graph mutation audit component=cs-api request_id=a013129a-d250-4eac-a58f-90e77cf7701d trace_id=1f6fcdf6fb79e01c8256154f7f600ac8 operation=ingestTriples entity_id=c360.semconnect.systems.csapi.procedure.geo commit_state=verified kv_revision=1 identity_subject="" identity_verified=false forwarded_user="" forwarded_email="" classified_error=""
2026/10/01 05:00:04 INFO entity not a system kind component=cs-api id=c360.semconnect.systems.csapi.procedure.test01
2026/10/01 05:00:04 INFO entity not a property kind component=cs-api id=c360.semconnect.systems.csapi.property.airtemperature
2026/10/01 05:00:04 INFO graph mutation audit component=cs-api request_id=af81b995-43ea-4384-9eb2-5070b224993e trace_id=069864f82cd12ad98269349a6688678a operation=ingestTriples entity_id=c360.semconnect.systems.csapi.property.airtemp commit_state=verified kv_revision=1 identity_subject="" identity_verified=false forwarded_user="" forwarded_email="" classified_error=""
2026/10/01 05:00:04 INFO entity not a sampling feature kind component=cs-api id=c360.semconnect.systems.csapi.samplingfeature.alpha
2026/10/01 05:00:04 INFO graph mutation audit component=cs-api request_id=151df0ef-a4c7-46a3-97d6-2f91881c26cb trace_id=73e16c0e0ca45021c2ccf5dbf5a5b734 operation=ingestTriples entity_id=c360.semconnect.systems.csapi.samplingfeature.2 commit_state=verified kv_revision=1 identity_subject="" identity_verified=false forwarded_user="" forwarded_email="" classified_error=""
2026/10/01 05:00:04 INFO graph mutation audit component=cs-api request_id=76a84fd8-0d86-4df7-bfdc-6c162897a5ab trace_id=f185ce1c08b6d65a44ceae83e584e08d operation=createSchemaArtifact entity_id=c360.semconnect.systems.csapi.schema.sha256-f11974ada89c6fc6b1de03454ab821aa2afacf11b9140d3c028e02869be10e27 commit_state=verified kv_revision=1 identity_subject=alice identity_verified=false forwarded_user="" forwarded_email="" classified_error=""
2026/10/01 05:00:04 WARN graph mutation audit component=cs-api request_id=4ffc27a9-85ed-4821-8c5d-d0a2823cd0cc trace_id=3857e9f49786cfbb225377d963273969 operation=createSchemaArtifact entity_id=c360.semconnect.systems.csapi.schema.sha256-f11974ada89c6fc6b1de03454ab821aa2afacf11b9140d3c028e02869be10e27 commit_state=not-committed kv_revision=0 identity_subject="" identity_verified=false forwarded_user="" forwarded_email="" classified_error="cs-api: entity already exists: exists"
2026/10/01 05:00:04 WARN graph mutation audit component=cs-api request_id=821eda58-fac1-4977-88b0-3163058f537c trace_id=72309dce1b5f1b5dfc4d8651ec9c0cb0 operation=createSchemaArtifact entity_id=c360.semconnect.systems.csapi.schema.sha256-f11974ada89c6fc6b1de03454ab821aa2afacf11b9140d3c028e02869be10e27 commit_state=not-committed kv_revision=0 identity_subject="" identity_verified=false forwarded_user="" forwarded_email="" classified_error="cs-api: entity already exists: exists"
2026/10/01 05:00:04 WARN graph mutation audit component=cs-api request_id=fe6e29be-138d-48d8-8c58-e05414d49d32 trace_id=aea3d51209a7dc22725f73023851acec operation=createSchemaArtifact entity_id=c360.semconnect.systems.csapi.schema.sha256-f11974ada89c6fc6b1de03454ab821aa2afacf11b9140d3c028e02869be10e27 commit_state=not-committed kv_revision=0 identity_subject="" identity_verified=false forwarded_user="" forwarded_email="" classified_error="cs-api: entity already exists: exists"
2026/10/01 05:00:04 INFO graph mutation audit component=cs-api request_id=99dad740-eb8f-433c-b0f8-745cc273beba trace_id=4100ea33c0974a10c6a14688641a0e0a operation=createSchemaArtifact entity_id=c360.semconnect.systems.csapi.schema.sha256-f11974ada89c6fc6b1de03454ab821aa2afacf11b9140d3c028e02869be10e27 commit_state=verified kv_revision=1 identity_subject="" identity_verified=false forwarded_user="" forwarded_email="" classified_error=""
2026/10/01 05:00:04 WARN backend error component=cs-api err="cs-api.runSpatialQuery: spatial backend unavailable failed: nats: no responders available for request" status=503
2026/10/01 05:00:04 WARN backend error component=cs-api err="cs-api.runSpatialQuery: spatial handler failed: spatial query failed" status=400
2026/10/01 05:00:04 WARN backend error component=cs-api err="cs-api.runSpatialQuery: spatial handler failed: spatial query failed" status=503
2026/10/01 05:00:04 WARN backend error component=cs-api err="cs-api.runSpatialQuery: spatial handler failed: spatial query failed" status=500
2026/10/01 05:00:04 WARN backend error component=cs-api err="cs-api.runSpatialQuery: decode spatial response failed: spatial response must be a top-level JSON array" status=500
2026/10/01 05:00:04 WARN backend error component=cs-api err="cs-api.runSpatialQuery: decode spatial response failed: spatial response must be a top-level JSON array" status=500
2026/10/01 05:00:04 WARN backend error component=cs-api err="cs-api.runSpatialQuery: decode spatial response failed: spatial response must be a top-level JSON array" status=500
2026/10/01 05:00:04 INFO graph mutation audit component=cs-api request_id=abf9d210-50f7-4bdb-8c35-3eed3d8f8701 trace_id=bf3a3e2bad52d2cc7d5338945c0e3f27 operation=ingestTriples entity_id=c360.semconnect.systems.csapi.systemevent.00Z commit_state=verified kv_revision=1 identity_subject="" identity_verified=false forwarded_user="" forwarded_email="" classified_error=""
2026/10/01 05:00:04 INFO graph mutation audit component=cs-api request_id=25103779-cf1e-4d89-84fb-93c455c37a6f trace_id=31f23f5ec870aef5a4b6473ba4f62d7b operation=ingestTriples entity_id=c360.semconnect.systems.csapi.system.42 commit_state=verified kv_revision=1 identity_subject="" identity_verified=false forwarded_user="" forwarded_email="" classified_error=""
2026/10/01 05:00:04 INFO graph mutation audit component=cs-api request_id=f6be6a5a-b731-497c-b181-a0e8808766e3 trace_id=a389003098386e691960ffaac1bbd809 operation=deleteEntity entity_id=c360.semconnect.systems.csapi.system.099 commit_state=verified kv_revision=7 identity_subject="" identity_verified=false forwarded_user="" forwarded_email="" classified_error=""
2026/10/01 05:00:04 INFO graph mutation audit component=cs-api request_id=0b5413a6-2773-48cc-ab67-469a4ffa34af trace_id=d39815115d905d0c9af2a95fd5b610b2 operation=replaceEntityTriples entity_id=acme.ops.robotics.gcs.drone.099 commit_state=verified kv_revision=8 identity_subject="" identity_verified=false forwarded_user="" forwarded_email="" classified_error=""
2026/10/01 05:00:04 INFO graph mutation audit component=cs-api request_id=a3726314-3953-4991-b7a7-06daa47a002b trace_id=6f9a18646d8ad797f5e5146bd823355f operation=replaceEntityTriples entity_id=c360.semconnect.systems.csapi.system.099 commit_state=verified kv_revision=8 identity_subject="" identity_verified=false forwarded_user="" forwarded_email="" classified_error=""
2026/10/01 05:00:04 WARN graph mutation audit component=cs-api request_id=fb4ad748-2cbd-496c-81eb-f0b1bfcf41a7 trace_id=9b9bc959c7299e196512e54ee08302d9 operation=replaceEntityTriples entity_id=acme.ops.robotics.gcs.drone.099 commit_state=not-committed kv_revision=7 identity_subject="" identity_verified=false forwarded_user="" forwarded_email="" classified_error="cs-api.replaceEntityTriples: graph mutation unavailable failed: nats: no responders available for request"
2026/10/01 05:00:04 WARN backend error component=cs-api err="cs-api.replaceEntityTriples: graph mutation unavailable failed: nats: no responders available for request" status=503
2026/10/01 05:00:04 WARN graph mutation audit component=cs-api request_id=b7db56f5-0671-42a2-88b5-90e96cde866c trace_id=cf141df72cc1882906f9dfa40d62b694 operation=replaceEntityTriples entity_id=acme.ops.robotics.gcs.drone.099 commit_state=not-committed kv_revision=7 identity_subject="" identity_verified=false forwarded_user="" forwarded_email="" classified_error="cs-api: entity already exists: stale revision"
2026/10/01 05:00:04 WARN backend error component=cs-api err="cs-api: entity already exists: stale revision" status=409
2026/10/01 05:00:04 WARN graph mutation audit component=cs-api request_id=33795566-06ab-4872-80df-8c6d44a9ef13 trace_id=4cdc8e9d5dac96827f38d35966405eb6 operation=replaceEntityTriples entity_id=acme.ops.robotics.gcs.drone.099 commit_state=unknown kv_revision=7 identity_subject="" identity_verified=false forwarded_user="" forwarded_email="" classified_error="cs-api.replaceEntityTriples: graph mutation commit outcome unknown failed: graph mutation commit outcome unknown (correlation 33795566-06ab-4872-80df-8c6d44a9ef13): nats: timeout"
2026/10/01 05:00:04 WARN backend error component=cs-api err="cs-api.replaceEntityTriples: graph mutation commit outcome unknown failed: graph mutation commit outcome unknown (correlation 33795566-06ab-4872-80df-8c6d44a9ef13): nats: timeout" status=503
2026/10/01 05:00:04 WARN graph mutation audit component=cs-api request_id=e2852774-6e39-41a1-9fd8-e2567a01b9ba trace_id=fbfa6dfa2b798eeb5ce4878f38d32770 operation=ingestTriples entity_id=acme.ops.robotics.gcs.drone.099 commit_state=not-committed kv_revision=0 identity_subject="" identity_verified=false forwarded_user="" forwarded_email="" classified_error="cs-api: entity already exists: exists"
2026/10/01 05:00:04 WARN backend error component=cs-api err="cs-api: entity already exists: exists" status=409
2026/10/01 05:00:04 INFO graph mutation audit component=cs-api request_id=59a8480a-e7e4-4d5d-9c1d-9c33e900c2f7 trace_id=5f86eacacf3fa45fc169b7a82cc9fac3 operation=deleteEntity entity_id=acme.ops.robotics.gcs.drone.099 commit_state=verified kv_revision=7 identity_subject="" identity_verified=false forwarded_user=alice forwarded_email=alice@example.com classified_error=""
2026/10/01 05:00:04 WARN backend error component=cs-api err="cs-api.fetchEntitiesBatch: graph backend unavailable failed: nats: no responders available for request" status=503
2026/10/01 05:00:04 WARN batch entity fetch for FeatureCollection missed entity; degrading to null geometry component=cs-api entity=c360.semconnect.systems.csapi.system.broken
2026/10/01 05:00:04 WARN malformed position triple; emitting null geometry component=cs-api entity=c360.semconnect.systems.csapi.system.bad-pos err="geojson: object missing required \"type\" field"
2026/10/01 05:00:04 INFO graph mutation audit component=cs-api request_id=935fb39a-18d1-4cd2-84e4-3cb07061856f trace_id=5945e3b0f2003e6ffd6bba7a2c1755a8 operation=replaceEntityTriples entity_id=c360.semconnect.systems.csapi.system.099 commit_state=verified kv_revision=8 identity_subject="" identity_verified=false forwarded_user="" forwarded_email="" classified_error=""
2026/10/01 05:00:04 INFO graph mutation audit component=cs-api request_id=273e4c05-83fe-4e7b-862d-921172a12ec5 trace_id=d58e4ea02ed6ff86d637d62115dcfd02 operation=replaceEntityTriples entity_id=c360.semconnect.systems.csapi.system.099 commit_state=verified kv_revision=8 identity_subject="" identity_verified=false forwarded_user="" forwarded_email="" classified_error=""
2026/10/01 05:00:04 INFO graph mutation audit component=cs-api request_id=368bd2e1-e3af-4534-9bec-de1879961edf trace_id=f921c692c9898463d0076701aec4325e operation=replaceEntityTriples entity_id=c360.semconnect.systems.csapi.system.099 commit_state=verified kv_revision=8 identity_subject="" identity_verified=false forwarded_user="" forwarded_email="" classified_error=""
2026/10/01 05:00:04 INFO graph mutation audit component=cs-api request_id=06d685ee-56d0-4f9a-8699-8cccd87604a6 trace_id=caeda658cd36375f44f0f8f71c2f458c operation=replaceEntityTriples entity_id=c360.semconnect.systems.csapi.system.099 commit_state=verified kv_revision=8 identity_subject="" identity_verified=false forwarded_user="" forwarded_email="" classified_error=""
2026/10/01 05:00:04 INFO graph mutation audit component=cs-api request_id=798288c5-67b4-409c-81ba-a75eaeae7489 trace_id=6bf5c7f915a049edd1c6721b4c3655e1 operation=replaceEntityTriples entity_id=c360.semconnect.systems.csapi.system.099 commit_state=verified kv_revision=8 identity_subject="" identity_verified=false forwarded_user="" forwarded_email="" classified_error=""
2026/10/01 05:00:04 WARN backend error component=cs-api err="cs-api: entity not found: not found: c360.semconnect.systems.csapi.system.099" status=404
2026/10/01 05:00:04 INFO graph mutation audit component=cs-api request_id=35ff73a9-e4bf-4611-b0ca-ef26d7bd3d2e trace_id=4c4b82744c769940e484967c192b5af0 operation=replaceEntityTriples entity_id=c360.semconnect.systems.csapi.system.099 commit_state=verified kv_revision=8 identity_subject="" identity_verified=false forwarded_user="" forwarded_email="" classified_error=""
2026/10/01 05:00:04 INFO graph mutation audit component=cs-api request_id=ceb8d64b-2d4c-47c9-a655-8f6a689796f1 trace_id=a7428eb4d884d5748e681164cef99e0f operation=replaceEntityTriples entity_id=c360.semconnect.systems.csapi.system.099 commit_state=verified kv_revision=8 identity_subject="" identity_verified=false forwarded_user="" forwarded_email="" classified_error=""
2026/10/01 05:00:04 INFO graph mutation audit component=cs-api request_id=3ad199d4-6606-40b0-9363-c7ffa750e755 trace_id=3741de6819d2184aafe6f162b4ab6435 operation=ingestTriples entity_id=c360.semconnect.systems.csapi.system.11111111-2222-3333-4444-555555555555 commit_state=verified kv_revision=1 identity_subject="" identity_verified=false forwarded_user="" forwarded_email="" classified_error=""
2026/10/01 05:00:04 INFO graph mutation audit component=cs-api request_id=a6daf319-b61f-49e5-83c7-51a5e7f6e4cf trace_id=b8dfc97a51554b99bc2552e1d6008578 operation=ingestTriples entity_id=c360.semconnect.systems.csapi.system.22222222-3333-4444-5555-666666666666 commit_state=verified kv_revision=1 identity_subject="" identity_verified=false forwarded_user="" forwarded_email="" classified_error=""
2026/10/01 05:00:04 INFO graph mutation audit component=cs-api request_id=208b3be3-9790-46af-a34a-e89294333c86 trace_id=f6c42c0a223818b1571c91f45c360973 operation=ingestTriples entity_id=c360.semconnect.systems.csapi.system.11111111-2222-3333-4444-555555555555 commit_state=verified kv_revision=1 identity_subject="" identity_verified=false forwarded_user="" forwarded_email="" classified_error=""
2026/10/01 05:00:04 INFO graph mutation audit component=cs-api request_id=af3ceaab-39e7-4677-b247-54339707e0fe trace_id=4a5309600d25aa2075cb34437211790d operation=ingestTriples entity_id=c360.semconnect.systems.csapi.system.parent commit_state=verified kv_revision=1 identity_subject="" identity_verified=false forwarded_user="" forwarded_email="" classified_error=""
2026/10/01 05:00:04 INFO graph mutation audit component=cs-api request_id=6334e56a-ce82-4186-8f46-f5148d425d27 trace_id=0f151b42d725552293df442c7c1420ad operation=ingestTriples entity_id=c360.semconnect.systems.csapi.system.38040d6e-fa2f-498f-a8a5-ccd1d315cd05 commit_state=verified kv_revision=1 identity_subject="" identity_verified=false forwarded_user="" forwarded_email="" classified_error=""
2026/10/01 05:00:04 WARN graph mutation audit component=cs-api request_id=503762e4-2ba4-4b56-ab73-cce257fd9d46 trace_id=e843370aee0015d5030ad798f3c8f7b3 operation=ingestTriples entity_id=c360.semconnect.systems.csapi.system.x commit_state=unknown kv_revision=0 identity_subject="" identity_verified=false forwarded_user="" forwarded_email="" classified_error="cs-api.ingestTriples: graph mutation commit outcome unknown failed: graph mutation commit outcome unknown (correlation 503762e4-2ba4-4b56-ab73-cce257fd9d46): context deadline exceeded"
2026/10/01 05:00:04 WARN backend error component=cs-api err="cs-api.ingestTriples: graph mutation commit outcome unknown failed: graph mutation commit outcome unknown (correlation 503762e4-2ba4-4b56-ab73-cce257fd9d46): context deadline exceeded" status=503
2026/10/01 05:00:04 WARN graph mutation audit component=cs-api request_id=e426a4ed-7e9c-4787-94c2-1ccf60711857 trace_id=81135c043402cf052fe85a139c1312a7 operation=ingestTriples entity_id=c360.semconnect.systems.csapi.system.bad commit_state=not-committed kv_revision=0 identity_subject="" identity_verified=false forwarded_user="" forwarded_email="" classified_error="cs-api.ingestTriples: graph rejected entity mutation failed: entity ID rejected: pattern mismatch"
2026/10/01 05:00:04 WARN backend error component=cs-api err="cs-api.ingestTriples: graph rejected entity mutation failed: entity ID rejected: pattern mismatch" status=400
2026/10/01 05:00:04 WARN graph mutation audit component=cs-api request_id=308747a1-76ef-433c-9c34-2259049ecda7 trace_id=1998eae4f24d1f5d359ccaff288f2bdb operation=ingestTriples entity_id=c360.semconnect.systems.csapi.system.internal commit_state=not-committed kv_revision=0 identity_subject="" identity_verified=false forwarded_user="" forwarded_email="" classified_error="cs-api.ingestTriples: graph backend mutation failed failed: backend invariant failed"
2026/10/01 05:00:04 WARN backend error component=cs-api err="cs-api.ingestTriples: graph backend mutation failed failed: backend invariant failed" status=500
2026/10/01 05:00:04 INFO graph mutation audit component=cs-api request_id=5e21e1e9-49bc-4524-935b-229484ebd0bb trace_id=f9f0bb413090c308f266932f143cb889 operation=ingestTriples entity_id=c360.semconnect.systems.csapi.system.audit commit_state=verified kv_revision=1 identity_subject="" identity_verified=false forwarded_user=alice@example.org forwarded_email=alice@example.org classified_error=""
2026/10/01 05:00:04 INFO graph mutation audit component=cs-api request_id=7c232e93-6d87-43fb-923c-e3cdde05d06f trace_id=8b68cbc634806d222aac62b7229c07db operation=ingestTriples entity_id=c360.semconnect.systems.csapi.system.x commit_state=verified kv_revision=1 identity_subject="" identity_verified=false forwarded_user="" forwarded_email="" classified_error=""
2026/10/01 05:00:04 WARN graph mutation audit component=cs-api request_id=a7792c6f-84be-41e6-8bad-cae496dfdceb trace_id=b2edca85d9cd854fadd5ca80fe2298cb operation=ingestTriples entity_id=c360.semconnect.systems.csapi.system.precas commit_state=not-committed kv_revision=0 identity_subject="" identity_verified=false forwarded_user="" forwarded_email="" classified_error="cs-api: entity already exists: entity already exists: c360.semconnect.systems.csapi.system.precas"
2026/10/01 05:00:04 WARN backend error component=cs-api err="cs-api: entity already exists: entity already exists: c360.semconnect.systems.csapi.system.precas" status=409
2026/10/01 05:00:04 WARN backend error component=cs-api err="cs-api.listSystemEntities: graph backend unavailable failed: nats: no responders available for request" status=503
2026/10/01 05:00:04 WARN batch entity fetch for SystemCollection missed entity; degrading to id-only item component=cs-api entity=acme.ops.robotics.gcs.drone.001
2026/10/01 05:00:04 WARN backend error component=cs-api err="cs-api.listSystemEntities: predicate query failed: test.Request: boom failed: nats timeout" status=503
2026/10/01 05:00:04 WARN backend error component=cs-api err="cs-api.listSystemEntities: predicate query failed: test.Request: boom failed: bad body" status=400
2026/10/01 05:00:04 WARN backend error component=cs-api err="cs-api.listSystemEntities: predicate query failed: unexpected" status=500
2026/10/01 05:00:04 WARN backend error component=cs-api err="cs-api.listSystemEntities: predicate query failed: internal error" status=503
2026/10/01 05:00:04 WARN backend error component=cs-api err="cs-api: entity not found: not found: acme.ops.robotics.gcs.drone.999" status=404
2026/10/01 05:00:04 INFO entity not a system kind component=cs-api id=acme.ops.robotics.gcs.system.x
2026/10/01 05:00:04 INFO entity not a system kind component=cs-api id=acme.ops.robotics.gcs.system.x
2026/10/01 05:00:04 INFO entity not a system kind component=cs-api id=acme.ops.robotics.gcs.system.x
2026/10/01 05:00:04 INFO entity not a system kind component=cs-api id=acme.ops.robotics.gcs.system.y
2026/10/01 05:00:04 INFO entity not a system kind component=cs-api id=acme.ops.robotics.gcs.system.y
2026/10/01 05:00:04 INFO entity not a system kind component=cs-api id=acme.ops.robotics.gcs.system.y
2026/10/01 05:00:04 WARN backend error component=cs-api err="cs-api.fetchEntity: graph backend unavailable failed: nats: no responders available for request" status=503
2026/10/01 05:00:04 INFO graph mutation audit component=cs-api request_id=7e864891-16f0-47d9-838e-8cbbebd13fb5 trace_id=93a6aae4a5d5088a271dbf97cecbf123 operation=ingestTriples entity_id=c360.semconnect.systems.csapi.system.42 commit_state=verified kv_revision=1 identity_subject="" identity_verified=false forwarded_user="" forwarded_email="" classified_error=""
FAIL
FAIL	github.com/c360studio/semconnect/gateway/cs-api	32.464s
ok  	github.com/c360studio/semconnect/message/oms	2.541s
?   	github.com/c360studio/semconnect/openspec/changes/qualify-semstreams-beta151/evidence/operations/retained-scan	[no test files]
ok  	github.com/c360studio/semconnect/parser/sensorml	1.969s
ok  	github.com/c360studio/semconnect/pkg/swecommon	2.098s
ok  	github.com/c360studio/semconnect/vocabulary/csapi	2.219s
ok  	github.com/c360studio/semconnect/vocabulary/oms	2.347s
ok  	github.com/c360studio/semconnect/vocabulary/sosa	2.109s
ok  	github.com/c360studio/semconnect/vocabulary/swe	1.998s
FAIL
