 Container semconnect-03a-target-r2-20261001-teamengine-1 Stopping 
 Container semconnect-03a-target-r2-20261001-teamengine-1 Stopped 
 Container semconnect-03a-target-r2-20261001-teamengine-1 Removing 
 Container semconnect-03a-target-r2-20261001-teamengine-1 Removed 
 Container semconnect-03a-target-r2-20261001-cs-api-server-1 Stopping 
 Container semconnect-03a-target-r2-20261001-cs-api-server-1 Stopped 
 Container semconnect-03a-target-r2-20261001-cs-api-server-1 Removing 
 Container semconnect-03a-target-r2-20261001-cs-api-server-1 Removed 
 Container semconnect-03a-target-r2-20261001-semstreams-backend-1 Stopping 
 Container semconnect-03a-target-r2-20261001-semstreams-backend-1 Stopped 
 Container semconnect-03a-target-r2-20261001-semstreams-backend-1 Removing 
 Container semconnect-03a-target-r2-20261001-semstreams-backend-1 Removed 
 Container semconnect-03a-target-r2-20261001-provision-identity-1 Stopping 
 Container semconnect-03a-target-r2-20261001-provision-identity-1 Stopped 
 Container semconnect-03a-target-r2-20261001-provision-identity-1 Removing 
 Container semconnect-03a-target-r2-20261001-provision-identity-1 Removed 
 Container semconnect-03a-target-r2-20261001-nats-1 Stopping 
 Container semconnect-03a-target-r2-20261001-nats-1 Stopped 
 Container semconnect-03a-target-r2-20261001-nats-1 Removing 
 Container semconnect-03a-target-r2-20261001-nats-1 Removed 
 Network semconnect-03a-target-r2-20261001_default Removing 
 Network semconnect-03a-target-r2-20261001_default Removed 
