 Image semconnect-graph-backend:setup03a-8b99efe9c66a Building 
 Image semconnect-graph-backend:setup03a-8b99efe9c66a Building 
 Image semconnect-03a-target-r3-20261001-cs-api-server Building 
 Image semconnect-03a-target-r3-20261001-teamengine Building 
#1 [internal] load local bake definitions
#1 reading from stdin 2.73kB done
#1 DONE 0.0s

#2 [semstreams-backend internal] load build definition from backend.Dockerfile
#2 transferring dockerfile: 1.58kB done
#2 DONE 0.0s

#3 [cs-api-server internal] load build definition from Dockerfile
#3 transferring dockerfile: 1.39kB done
#3 DONE 0.0s

#4 [teamengine internal] load build definition from Dockerfile
#4 transferring dockerfile: 11.25kB done
#4 DONE 0.0s

#5 [teamengine] resolve image config for docker-image://docker.io/docker/dockerfile:1.6
#5 DONE 0.3s

#6 [cs-api-server] docker-image://docker.io/docker/dockerfile:1.6@sha256:ac85f380a63b13dfcefa89046420e1781752bab202122f8f50032edf31be0021
#6 resolve docker.io/docker/dockerfile:1.6@sha256:ac85f380a63b13dfcefa89046420e1781752bab202122f8f50032edf31be0021 done
#6 CACHED

#7 [semstreams-backend internal] load build definition from backend.Dockerfile
#7 transferring dockerfile: 1.58kB done
#7 DONE 0.0s

#8 [provision-identity internal] load build definition from backend.Dockerfile
#8 transferring dockerfile: 1.58kB done
#8 DONE 0.0s

#9 [cs-api-server internal] load metadata for gcr.io/distroless/static-debian12:nonroot@sha256:aef9602f8710ec12bde19d593fed1f76c708531bb7aba205110f1029786ead7b
#9 DONE 0.1s

#10 [provision-identity internal] load metadata for docker.io/library/golang:1.26.3-bookworm@sha256:386d475a660466863d9f8c766fec64d7fdad3edac2c6a05020c09534d71edb4b
#10 DONE 0.2s

#11 [teamengine internal] load metadata for docker.io/library/tomcat:8.5-jre17
#11 DONE 0.2s

#12 [cs-api-server internal] load .dockerignore
#12 transferring context: 798B done
#12 DONE 0.0s

#13 [provision-identity internal] load metadata for docker.io/library/alpine:latest@sha256:28bd5fe8b56d1bd048e5babf5b10710ebe0bae67db86916198a6eec434943f8b
#13 DONE 0.2s

#14 [semstreams-backend internal] load .dockerignore
#14 transferring context: 798B done
#14 DONE 0.0s

#15 [provision-identity internal] load .dockerignore
#15 transferring context: 798B done
#15 DONE 0.0s

#16 [cs-api-server stage-1 1/2] FROM gcr.io/distroless/static-debian12:nonroot@sha256:aef9602f8710ec12bde19d593fed1f76c708531bb7aba205110f1029786ead7b
#16 resolve gcr.io/distroless/static-debian12:nonroot@sha256:aef9602f8710ec12bde19d593fed1f76c708531bb7aba205110f1029786ead7b 0.0s done
#16 DONE 0.0s

#17 [provision-identity builder 1/6] FROM docker.io/library/golang:1.26.3-bookworm@sha256:386d475a660466863d9f8c766fec64d7fdad3edac2c6a05020c09534d71edb4b
#17 resolve docker.io/library/golang:1.26.3-bookworm@sha256:386d475a660466863d9f8c766fec64d7fdad3edac2c6a05020c09534d71edb4b 0.0s done
#17 DONE 0.0s

#18 [semstreams-backend production 1/4] FROM docker.io/library/alpine:latest@sha256:28bd5fe8b56d1bd048e5babf5b10710ebe0bae67db86916198a6eec434943f8b
#18 resolve docker.io/library/alpine:latest@sha256:28bd5fe8b56d1bd048e5babf5b10710ebe0bae67db86916198a6eec434943f8b 0.0s done
#18 DONE 0.0s

#19 [teamengine internal] load metadata for docker.io/library/eclipse-temurin:17-jdk-jammy
#19 DONE 0.3s

#20 [teamengine internal] load .dockerignore
#20 transferring context: 759B done
#20 DONE 0.0s

#21 [teamengine internal] load build context
#21 DONE 0.0s

#22 [teamengine stage-1  1/11] FROM docker.io/library/tomcat:8.5-jre17@sha256:f6b9669ee34bb61fef38535c07e5095370f56251e9e1ef7704139824ed8c4874
#22 resolve docker.io/library/tomcat:8.5-jre17@sha256:f6b9669ee34bb61fef38535c07e5095370f56251e9e1ef7704139824ed8c4874
#22 resolve docker.io/library/tomcat:8.5-jre17@sha256:f6b9669ee34bb61fef38535c07e5095370f56251e9e1ef7704139824ed8c4874 0.0s done
#22 DONE 0.0s

#23 [teamengine builder 1/8] FROM docker.io/library/eclipse-temurin:17-jdk-jammy@sha256:60fcdd4a85c94a23ef86d0d55867c6a8dbc4f7c3efc8286e259956c3ea4ef08c
#23 resolve docker.io/library/eclipse-temurin:17-jdk-jammy@sha256:60fcdd4a85c94a23ef86d0d55867c6a8dbc4f7c3efc8286e259956c3ea4ef08c 0.0s done
#23 DONE 0.0s

#21 [teamengine internal] load build context
#21 transferring context: 34.46kB 0.0s done
#21 DONE 0.1s

#24 [teamengine stage-1  5/11] RUN cd /usr/local/tomcat/lib  && curl -fsSL "https://repo.maven.apache.org/maven2/javax/xml/bind/jaxb-api/2.3.1/jaxb-api-2.3.1.jar" -o jaxb-api-2.3.1.jar  && curl -fsSL "https://repo.maven.apache.org/maven2/com/sun/xml/bind/jaxb-core/2.3.0.1/jaxb-core-2.3.0.1.jar" -o jaxb-core-2.3.0.1.jar  && curl -fsSL "https://repo.maven.apache.org/maven2/com/sun/xml/bind/jaxb-impl/2.3.1/jaxb-impl-2.3.1.jar" -o jaxb-impl-2.3.1.jar  && curl -fsSL "https://repo.maven.apache.org/maven2/javax/activation/javax.activation-api/1.2.0/javax.activation-api-1.2.0.jar" -o javax.activation-api-1.2.0.jar  && chown tomcat:tomcat jaxb-api-2.3.1.jar jaxb-core-2.3.0.1.jar jaxb-impl-2.3.1.jar javax.activation-api-1.2.0.jar
#24 CACHED

#25 [teamengine builder 4/8] COPY pom.xml ./
#25 CACHED

#26 [teamengine stage-1  3/11] RUN apt-get update  && apt-get install -y --no-install-recommends unzip ca-certificates curl  && apt-get clean && rm -rf /var/lib/apt/lists/*  && mkdir -p /root/te-stage  && cd /root/te-stage  && curl -fsSL "https://repo.maven.apache.org/maven2/org/opengis/cite/teamengine/teamengine-web/5.6.1/teamengine-web-5.6.1.war" -o teamengine-web.war  && curl -fsSL "https://repo.maven.apache.org/maven2/org/opengis/cite/teamengine/teamengine-web/5.6.1/teamengine-web-5.6.1-common-libs.zip" -o teamengine-web-common-libs.zip  && curl -fsSL "https://repo.maven.apache.org/maven2/org/opengis/cite/teamengine/teamengine-console/5.6.1/teamengine-console-5.6.1-base.zip" -o teamengine-console-base.zip  && unzip -q teamengine-web.war -d /usr/local/tomcat/webapps/teamengine  && unzip -q teamengine-web-common-libs.zip -d /usr/local/tomcat/lib  && unzip -q teamengine-console-base.zip -d /usr/local/tomcat/te_base  && rm -rf /root/te-stage  && chown -R tomcat:tomcat /usr/local/tomcat/webapps /usr/local/tomcat/lib /usr/local/tomcat/te_base                           /usr/local/tomcat/conf /usr/local/tomcat/logs /usr/local/tomcat/work                           /usr/local/tomcat/temp
#26 CACHED

#27 [teamengine builder 7/8] COPY src ./src
#27 CACHED

#28 [teamengine stage-1  4/11] RUN sed -i '/<Loader className="org.apache.catalina.loader.VirtualWebappLoader"/,/\/>/d'         /usr/local/tomcat/webapps/teamengine/META-INF/context.xml
#28 CACHED

#29 [teamengine stage-1  8/11] RUN cd /usr/local/tomcat/webapps/teamengine/WEB-INF/lib  && rm -f schema-utils-1.8.jar xercesImpl-2.12.2.jar xml-apis-1.4.01.jar xml-resolver-1.2.jar
#29 CACHED

#30 [teamengine stage-1  9/11] COPY --from=builder --chown=tomcat:tomcat /build/target/ets-ogcapi-connectedsystems10-0.1-SNAPSHOT-ctl.zip /tmp/ets-ctl.zip
#30 CACHED

#31 [teamengine stage-1 10/11] RUN unzip -q -o /tmp/ets-ctl.zip -d /usr/local/tomcat/te_base/scripts  && rm /tmp/ets-ctl.zip  && chown -R tomcat:tomcat /usr/local/tomcat/te_base/scripts
#31 CACHED

#32 [teamengine builder 6/8] COPY .git ./.git
#32 CACHED

#33 [teamengine stage-1  7/11] COPY --from=builder --chown=tomcat:tomcat /build/target/ets-ogcapi-connectedsystems10-0.1-SNAPSHOT.jar /usr/local/tomcat/webapps/teamengine/WEB-INF/lib/
#33 CACHED

#34 [teamengine builder 3/8] WORKDIR /build
#34 CACHED

#35 [teamengine stage-1  6/11] COPY --from=builder --chown=tomcat:tomcat /build/target/lib-runtime/ /usr/local/tomcat/webapps/teamengine/WEB-INF/lib/
#35 CACHED

#36 [teamengine builder 8/8] RUN --mount=type=cache,target=/root/.m2     mvn -B -q clean package -DskipTests  && mvn -B -q dependency:copy-dependencies         -DoutputDirectory=target/lib-runtime         -DincludeScope=runtime  && rm -f target/lib-runtime/teamengine-*.jar
#36 CACHED

#37 [teamengine stage-1  2/11] RUN groupadd -r tomcat && useradd -r -g tomcat -d /usr/local/tomcat -s /sbin/nologin tomcat  && chown tomcat:tomcat /usr/local/tomcat
#37 CACHED

#38 [teamengine builder 2/8] RUN apt-get update  && apt-get install -y --no-install-recommends curl ca-certificates git  && curl -fsSL "https://archive.apache.org/dist/maven/maven-3/3.9.9/binaries/apache-maven-3.9.9-bin.tar.gz"     | tar -xz -C /opt  && ln -s /opt/apache-maven-3.9.9/bin/mvn /usr/local/bin/mvn  && rm -rf /var/lib/apt/lists/*
#38 CACHED

#39 [teamengine builder 5/8] RUN --mount=type=cache,target=/root/.m2     mvn -B -q dependency:go-offline -DexcludeArtifactIds=teamengine-spi || true
#39 CACHED

#40 [teamengine stage-1 11/11] RUN rm -rf /usr/local/tomcat/te_base/scripts/note 2>/dev/null || true
#40 CACHED

#41 [teamengine] exporting to image
#41 exporting layers done
#41 exporting manifest sha256:722410041700ca419ee5f7b45c7d70ea1855058a8c41433803a21db60a2e0ccb 0.0s done
#41 exporting config sha256:63bc65ce75851769e153f2b0ef607309a5e5154f0d613ddaa050471a3375ca14
#41 exporting config sha256:63bc65ce75851769e153f2b0ef607309a5e5154f0d613ddaa050471a3375ca14 0.0s done
#41 exporting attestation manifest sha256:cb2852d393e36b21e0f526fa26390e7e29a060eea82a39463fc78c9b270080de 0.0s done
#41 exporting manifest list sha256:04e7590f3c44e6abe6596f65a5550e426806bd92410c5f0ad6c00932f735699b 0.0s done
#41 naming to docker.io/library/semconnect-03a-target-r3-20261001-teamengine:latest done
#41 unpacking to docker.io/library/semconnect-03a-target-r3-20261001-teamengine:latest 0.0s done
#41 DONE 0.1s

#42 [provision-identity internal] load build context
#42 ...

#43 [semstreams-backend internal] load build context
#43 transferring context: 854.87kB 0.3s done
#43 DONE 0.3s

#44 [semstreams-backend builder 3/6] COPY go.mod go.sum ./
#44 CACHED

#45 [semstreams-backend builder 4/6] RUN --mount=type=cache,target=/root/.cache/go-build     --mount=type=cache,target=/go/pkg/mod     go mod download &&     test "$(go list -m -f '{{.Version}}' github.com/c360studio/semstreams)" = "v1.0.0-beta.162.0.20260930150212-8b99efe9c66a"
#45 CACHED

#46 [cs-api-server internal] load build context
#46 transferring context: 854.87kB 0.3s done
#46 DONE 0.4s

#47 [cs-api-server builder 2/6] WORKDIR /src
#47 CACHED

#48 [cs-api-server builder 3/6] COPY go.mod go.sum ./
#48 CACHED

#49 [cs-api-server builder 4/6] RUN --mount=type=cache,target=/root/.cache/go-build     --mount=type=cache,target=/go/pkg/mod     go mod download
#49 CACHED

#50 [teamengine] resolving provenance for metadata file
#50 DONE 0.0s

#42 [provision-identity internal] load build context
#42 transferring context: 854.87kB 0.4s done
#42 DONE 0.4s

#45 [provision-identity builder 4/6] RUN --mount=type=cache,target=/root/.cache/go-build     --mount=type=cache,target=/go/pkg/mod     go mod download &&     test "$(go list -m -f '{{.Version}}' github.com/c360studio/semstreams)" = "v1.0.0-beta.162.0.20260930150212-8b99efe9c66a"
#45 CACHED

#51 [provision-identity builder 5/6] COPY . .
#51 DONE 1.2s

#52 [cs-api-server builder 5/6] COPY . .
#52 DONE 1.1s

#53 [semstreams-backend builder 6/6] RUN --mount=type=cache,target=/root/.cache/go-build     --mount=type=cache,target=/go/pkg/mod     CGO_ENABLED=0 GOOS=linux go build -trimpath -ldflags="-s -w"     -o /out/cs-graph-backend ./cmd/cs-graph-backend
#53 ...

#54 [cs-api-server builder 6/6] RUN --mount=type=cache,target=/root/.cache/go-build     --mount=type=cache,target=/go/pkg/mod     CGO_ENABLED=0 GOOS=linux     go build -trimpath -ldflags="-s -w"         -o /out/cs-api-server ./cmd/cs-api-server
#54 DONE 0.8s

#16 [cs-api-server stage-1 1/2] FROM gcr.io/distroless/static-debian12:nonroot@sha256:aef9602f8710ec12bde19d593fed1f76c708531bb7aba205110f1029786ead7b
#16 CACHED

#53 [provision-identity builder 6/6] RUN --mount=type=cache,target=/root/.cache/go-build     --mount=type=cache,target=/go/pkg/mod     CGO_ENABLED=0 GOOS=linux go build -trimpath -ldflags="-s -w"     -o /out/cs-graph-backend ./cmd/cs-graph-backend
#53 DONE 0.8s

#55 [provision-identity builder 4/6] RUN --mount=type=cache,target=/root/.cache/go-build     --mount=type=cache,target=/go/pkg/mod     go mod download &&     test "$(go list -m -f '{{.Version}}' github.com/c360studio/semstreams)" = "v1.0.0-beta.162.0.20260930150212-8b99efe9c66a"
#55 CACHED

#56 [provision-identity builder 6/6] RUN --mount=type=cache,target=/root/.cache/go-build     --mount=type=cache,target=/go/pkg/mod     CGO_ENABLED=0 GOOS=linux go build -trimpath -ldflags="-s -w"     -o /out/cs-graph-backend ./cmd/cs-graph-backend
#56 CACHED

#47 [provision-identity builder 2/6] WORKDIR /src
#47 CACHED

#57 [provision-identity builder 3/6] COPY go.mod go.sum ./
#57 CACHED

#58 [provision-identity builder 5/6] COPY . .
#58 CACHED

#59 [provision-identity production 4/4] COPY --from=builder --chown=semstreams:semstreams /out/cs-graph-backend /app/cs-graph-backend
#59 CANCELED

#60 [semstreams-backend production 3/4] WORKDIR /app
#60 CACHED

#61 [semstreams-backend production 2/4] RUN apk add --no-cache ca-certificates tzdata wget &&     addgroup -S -g 1000 semstreams &&     adduser -S -u 1000 -G semstreams -h /app semstreams
#61 CACHED

#62 [provision-identity production 4/4] COPY --from=builder --chown=semstreams:semstreams /out/cs-graph-backend /app/cs-graph-backend
#62 CACHED

#63 [cs-api-server stage-1 2/2] COPY --from=builder /out/cs-api-server /usr/local/bin/cs-api-server
#63 DONE 0.0s

#64 [semstreams-backend] exporting to image
#64 exporting layers done
#64 exporting manifest sha256:cd708aac43bc929a3c61b1f6a7eb8c037fdd55b708a3bd68e8c0ec1259e61715 0.0s done
#64 exporting config sha256:a484cebf97c38233348259e3b5cbbc603ad2871f5c46f8e91c50dece9405566a done
#64 exporting attestation manifest sha256:0774588d33600a3b7476e3e8894cf03a8ef554a6d5cac20da8963b7229624143 done
#64 exporting manifest list sha256:e8b2d039baa279779ef5f8c5951a8d9f21e5986631c972f2faa9f8cc28de98d5 done
#64 naming to docker.io/library/semconnect-graph-backend:setup03a-8b99efe9c66a done
#64 unpacking to docker.io/library/semconnect-graph-backend:setup03a-8b99efe9c66a done
#64 DONE 0.0s

#65 [provision-identity] exporting to image
#65 exporting layers done
#65 exporting manifest sha256:9de01146b0fec63078884833951221411a5d308a5f581afb8556519cc2cd5f90 0.0s done
#65 exporting config sha256:4bfbd91164221a64158fa1ac843a761bebe46605da2300f965b5535a1e351e01 done
#65 exporting attestation manifest sha256:1aec00aa84280a695cbe3839e32e1a3ac0443d88cd93f9ab7339bb48bfa04a35 done
#65 exporting manifest list sha256:7b14a9e28d433a10f2f5c5884eadfcbae5e5b25ec5645a4f75bd172cc0e52518 done
#65 naming to docker.io/library/semconnect-graph-backend:setup03a-8b99efe9c66a done
#65 unpacking to docker.io/library/semconnect-graph-backend:setup03a-8b99efe9c66a done
#65 DONE 0.1s

#66 [semstreams-backend] resolving provenance for metadata file
#66 DONE 0.0s

#67 [provision-identity] resolving provenance for metadata file
#67 DONE 0.0s

#68 [cs-api-server] exporting to image
#68 exporting layers 0.4s done
#68 exporting manifest sha256:45f76f47f98087e0421dd329d05fb9c2c6148058a926ea6f971510a08adc9668 0.0s done
#68 exporting config sha256:6592df2cdf73e7edf78aa3b556acfff9221d99bbc8ffa1e96b8b8a9b799bc15d done
#68 exporting attestation manifest sha256:59d6e72285285a0cb1a3e044066408971aec29e78ea75e7b659cc85a62f91523 0.0s done
#68 exporting manifest list sha256:05081ce036b5cfa149c8ce7061c47811df2b2316715258bc26d8e600714389b6 done
#68 naming to docker.io/library/semconnect-03a-target-r3-20261001-cs-api-server:latest done
#68 unpacking to docker.io/library/semconnect-03a-target-r3-20261001-cs-api-server:latest 0.1s done
#68 DONE 0.5s

#69 [cs-api-server] resolving provenance for metadata file
#69 DONE 0.0s
 Image semconnect-graph-backend:setup03a-8b99efe9c66a Built 
 Image semconnect-03a-target-r3-20261001-teamengine Built 
 Image semconnect-03a-target-r3-20261001-cs-api-server Built 
 Image semconnect-graph-backend:setup03a-8b99efe9c66a Built 
